Archive member included to satisfy reference by file (symbol)

/usr/local/Cellar/avr-gcc/9.3.0/lib/avr-gcc/9/gcc/avr/9.3.0/avr51/libgcc.a(_exit.o)
                              /usr/local/Cellar/avr-gcc/9.3.0/lib/avr-gcc/9/gcc/avr/9.3.0/../../../../../../avr/lib/avr51/crtatmega1284p.o (exit)
/usr/local/Cellar/avr-gcc/9.3.0/lib/avr-gcc/9/gcc/avr/9.3.0/avr51/libgcc.a(_tablejump2.o)
                              obj/copro_routing_mcu_task.o (__tablejump2__)
/usr/local/Cellar/avr-gcc/9.3.0/lib/avr-gcc/9/gcc/avr/9.3.0/avr51/libgcc.a(_copy_data.o)
                              obj/board_180920.o (__do_copy_data)
/usr/local/Cellar/avr-gcc/9.3.0/lib/avr-gcc/9/gcc/avr/9.3.0/avr51/libgcc.a(_clear_bss.o)
                              obj/signal_slot_interface.o (__do_clear_bss)
/usr/local/Cellar/avr-gcc/9.3.0/lib/avr-gcc/9/gcc/avr/9.3.0/avr51/libgcc.a(_umulhisi3.o)
                              obj/local_sht31_mcu_task.o (__umulhisi3)
/usr/local/Cellar/avr-gcc/9.3.0/lib/avr-gcc/9/gcc/avr/9.3.0/avr51/libgcc.a(_prologue.o)
                              obj/local_module_status.o (__prologue_saves__)
/usr/local/Cellar/avr-gcc/9.3.0/lib/avr-gcc/9/gcc/avr/9.3.0/avr51/libgcc.a(_epilogue.o)
                              obj/local_module_status.o (__epilogue_restores__)
/usr/local/Cellar/avr-gcc/9.3.0/lib/avr-gcc/9/gcc/avr/9.3.0/../../../../../../avr/lib/avr51/libc.a(atoi.o)
                              obj/common_tools_string.o (atoi)
/usr/local/Cellar/avr-gcc/9.3.0/lib/avr-gcc/9/gcc/avr/9.3.0/../../../../../../avr/lib/avr51/libc.a(isspace.o)
                              obj/common_tools_string.o (isspace)
/usr/local/Cellar/avr-gcc/9.3.0/lib/avr-gcc/9/gcc/avr/9.3.0/../../../../../../avr/lib/avr51/libc.a(memcmp.o)
                              obj/common_tools_string.o (memcmp)
/usr/local/Cellar/avr-gcc/9.3.0/lib/avr-gcc/9/gcc/avr/9.3.0/../../../../../../avr/lib/avr51/libc.a(memcpy.o)
                              obj/common_tools_string.o (memcpy)
/usr/local/Cellar/avr-gcc/9.3.0/lib/avr-gcc/9/gcc/avr/9.3.0/../../../../../../avr/lib/avr51/libc.a(memmove.o)
                              obj/common_tools_string.o (memmove)
/usr/local/Cellar/avr-gcc/9.3.0/lib/avr-gcc/9/gcc/avr/9.3.0/../../../../../../avr/lib/avr51/libc.a(memset.o)
                              obj/common_tools_string.o (memset)
/usr/local/Cellar/avr-gcc/9.3.0/lib/avr-gcc/9/gcc/avr/9.3.0/../../../../../../avr/lib/avr51/libc.a(mul10.o)
                              /usr/local/Cellar/avr-gcc/9.3.0/lib/avr-gcc/9/gcc/avr/9.3.0/../../../../../../avr/lib/avr51/libc.a(atoi.o) (__mulhi_const_10)
/usr/local/Cellar/avr-gcc/9.3.0/lib/avr-gcc/9/gcc/avr/9.3.0/../../../../../../avr/lib/avr51/libc.a(printf.o)
                              obj/common_tools_string.o (printf)
/usr/local/Cellar/avr-gcc/9.3.0/lib/avr-gcc/9/gcc/avr/9.3.0/../../../../../../avr/lib/avr51/libc.a(putchar.o)
                              obj/common_tools_string.o (putchar)
/usr/local/Cellar/avr-gcc/9.3.0/lib/avr-gcc/9/gcc/avr/9.3.0/../../../../../../avr/lib/avr51/libc.a(sprintf.o)
                              obj/common_tools_string.o (sprintf)
/usr/local/Cellar/avr-gcc/9.3.0/lib/avr-gcc/9/gcc/avr/9.3.0/../../../../../../avr/lib/avr51/libc.a(localtime.o)
                              obj/common_tools_datetime.o (localtime)
/usr/local/Cellar/avr-gcc/9.3.0/lib/avr-gcc/9/gcc/avr/9.3.0/../../../../../../avr/lib/avr51/libc.a(localtime_r.o)
                              /usr/local/Cellar/avr-gcc/9.3.0/lib/avr-gcc/9/gcc/avr/9.3.0/../../../../../../avr/lib/avr51/libc.a(localtime.o) (localtime_r)
/usr/local/Cellar/avr-gcc/9.3.0/lib/avr-gcc/9/gcc/avr/9.3.0/../../../../../../avr/lib/avr51/libc.a(strftime.o)
                              obj/common_tools_datetime.o (strftime)
/usr/local/Cellar/avr-gcc/9.3.0/lib/avr-gcc/9/gcc/avr/9.3.0/../../../../../../avr/lib/avr51/libc.a(time.o)
                              obj/common_tools_datetime.o (time)
/usr/local/Cellar/avr-gcc/9.3.0/lib/avr-gcc/9/gcc/avr/9.3.0/../../../../../../avr/lib/avr51/libc.a(tm_store.o)
                              /usr/local/Cellar/avr-gcc/9.3.0/lib/avr-gcc/9/gcc/avr/9.3.0/../../../../../../avr/lib/avr51/libc.a(localtime.o) (__tm_store)
/usr/local/Cellar/avr-gcc/9.3.0/lib/avr-gcc/9/gcc/avr/9.3.0/../../../../../../avr/lib/avr51/libc.a(utc_offset.o)
                              /usr/local/Cellar/avr-gcc/9.3.0/lib/avr-gcc/9/gcc/avr/9.3.0/../../../../../../avr/lib/avr51/libc.a(localtime_r.o) (__utc_offset)
/usr/local/Cellar/avr-gcc/9.3.0/lib/avr-gcc/9/gcc/avr/9.3.0/../../../../../../avr/lib/avr51/libc.a(week_of_year.o)
                              /usr/local/Cellar/avr-gcc/9.3.0/lib/avr-gcc/9/gcc/avr/9.3.0/../../../../../../avr/lib/avr51/libc.a(strftime.o) (week_of_year)
/usr/local/Cellar/avr-gcc/9.3.0/lib/avr-gcc/9/gcc/avr/9.3.0/../../../../../../avr/lib/avr51/libc.a(vfprintf_std.o)
                              /usr/local/Cellar/avr-gcc/9.3.0/lib/avr-gcc/9/gcc/avr/9.3.0/../../../../../../avr/lib/avr51/libc.a(printf.o) (vfprintf)
[...]
Memory Configuration

Name             Origin             Length             Attributes
text             0x0000000000000000 0x0000000000020000 xr
data             0x0000000000800100 0x000000000000ff00 rw !x
eeprom           0x0000000000810000 0x0000000000010000 rw !x
fuse             0x0000000000820000 0x0000000000000400 rw !x
lock             0x0000000000830000 0x0000000000000400 rw !x
signature        0x0000000000840000 0x0000000000000400 rw !x
user_signatures  0x0000000000850000 0x0000000000000400 rw !x
*default*        0x0000000000000000 0xffffffffffffffff

Linker script and memory map

Address of section .data set to 0x800100
LOAD /usr/local/Cellar/avr-gcc/9.3.0/lib/avr-gcc/9/gcc/avr/9.3.0/../../../../../../avr/lib/avr51/crtatmega1284p.o
LOAD obj/main_rpi_hat.o
LOAD obj/board_180920.o
LOAD obj/local_module_status.o
LOAD obj/local_mutex.o
LOAD obj/local_progmem_load.o
LOAD obj/local_data_storage_array.o
LOAD obj/local_msg_buffer.o
LOAD obj/signal_slot_interface.o
LOAD obj/math_module.o
LOAD obj/common_tools_string.o
LOAD obj/common_tools_datetime.o
LOAD obj/common_tools_number.o
LOAD obj/specific.o
LOAD obj/system_interface.o
LOAD obj/tracer.o
LOAD obj/time_management.o
LOAD obj/mcu_task_controller.o
LOAD obj/mcu_idle_task.o
LOAD obj/local_event_task.o
LOAD obj/copro_routing_mcu_task.o
LOAD obj/local_ads1115_mcu_task.o
LOAD obj/local_sht31_mcu_task.o
LOAD obj/driver_PCA9670.o
LOAD obj/copro.o
LOAD obj/light_resistor_gm5528.o
LOAD obj/rpi_protocol_handler_client.o
LOAD obj/power_management.o
LOAD obj/io_output_controller.o
LOAD obj/io_input_controller.o
LOAD obj/command_controller.o
LOAD obj/rpi_command_handler.o
LOAD obj/rpi_command_handler_table.o
LOAD obj/rpi_cmd_handler_system.o
LOAD obj/rpi_cmd_handler_io.o
LOAD obj/rpi_cmd_handler_sensor.o
LOAD obj/rpi_cmd_handler_routing.o
LOAD obj/rtc_driver_atmega1284p.o
LOAD obj/clock_driver_atmega1284p.o
LOAD obj/gpio_driver_atmega1284p.o
LOAD obj/i2c0_driver_status.o
LOAD obj/i2c0_driver_atmega1284p.o
LOAD obj/spi0_driver_atmega1284p.o
LOAD obj/usart0_driver_atmega1284p.o
LOAD obj/usart1_driver_atmega1284p.o
LOAD obj/sensor_initialization.o
LOAD obj/button_initialization.o
LOAD obj/output_initialization.o
LOAD obj/protocol_initialization.o
LOAD obj/command_initialization.o
LOAD obj/task_initialization.o
LOAD obj/system_initialization.o
LOAD obj/power_initialization.o
LOAD obj/initialization.o
START GROUP
LOAD /usr/local/Cellar/avr-gcc/9.3.0/lib/avr-gcc/9/gcc/avr/9.3.0/avr51/libgcc.a
LOAD /usr/local/Cellar/avr-gcc/9.3.0/lib/avr-gcc/9/gcc/avr/9.3.0/../../../../../../avr/lib/avr51/libm.a
LOAD /usr/local/Cellar/avr-gcc/9.3.0/lib/avr-gcc/9/gcc/avr/9.3.0/../../../../../../avr/lib/avr51/libc.a
LOAD /usr/local/Cellar/avr-gcc/9.3.0/lib/avr-gcc/9/gcc/avr/9.3.0/../../../../../../avr/lib/avr51/libatmega1284p.a
END GROUP
                0x0000000000020000                __TEXT_REGION_LENGTH__ = DEFINED (__TEXT_REGION_LENGTH__)?__TEXT_REGION_LENGTH__:0x20000
                0x000000000000ff00                __DATA_REGION_LENGTH__ = DEFINED (__DATA_REGION_LENGTH__)?__DATA_REGION_LENGTH__:0xff00
                0x0000000000010000                __EEPROM_REGION_LENGTH__ = DEFINED (__EEPROM_REGION_LENGTH__)?__EEPROM_REGION_LENGTH__:0x10000
                0x0000000000000400                __FUSE_REGION_LENGTH__ = DEFINED (__FUSE_REGION_LENGTH__)?__FUSE_REGION_LENGTH__:0x400
                0x0000000000000400                __LOCK_REGION_LENGTH__ = DEFINED (__LOCK_REGION_LENGTH__)?__LOCK_REGION_LENGTH__:0x400
                0x0000000000000400                __SIGNATURE_REGION_LENGTH__ = DEFINED (__SIGNATURE_REGION_LENGTH__)?__SIGNATURE_REGION_LENGTH__:0x400
                0x0000000000000400                __USER_SIGNATURE_REGION_LENGTH__ = DEFINED (__USER_SIGNATURE_REGION_LENGTH__)?__USER_SIGNATURE_REGION_LENGTH__:0x400

.hash
 *(.hash)

.dynsym
 *(.dynsym)

.dynstr
 *(.dynstr)

.gnu.version
 *(.gnu.version)

.gnu.version_d
 *(.gnu.version_d)

.gnu.version_r
 *(.gnu.version_r)

.rel.init
 *(.rel.init)

.rela.init
 *(.rela.init)

.rel.text
 *(.rel.text)
 *(.rel.text.*)
 *(.rel.gnu.linkonce.t*)

.rela.text
 *(.rela.text)
 *(.rela.text.*)
 *(.rela.gnu.linkonce.t*)

.rel.fini
 *(.rel.fini)

.rela.fini
 *(.rela.fini)

.rel.rodata
 *(.rel.rodata)
 *(.rel.rodata.*)
 *(.rel.gnu.linkonce.r*)

.rela.rodata
 *(.rela.rodata)
 *(.rela.rodata.*)
 *(.rela.gnu.linkonce.r*)

.rel.data
 *(.rel.data)
 *(.rel.data.*)
 *(.rel.gnu.linkonce.d*)

.rela.data
 *(.rela.data)
 *(.rela.data.*)
 *(.rela.gnu.linkonce.d*)

.rel.ctors
 *(.rel.ctors)

.rela.ctors
 *(.rela.ctors)

.rel.dtors
 *(.rel.dtors)

.rela.dtors
 *(.rela.dtors)

.rel.got
 *(.rel.got)

.rela.got
 *(.rela.got)

.rel.bss
 *(.rel.bss)

.rela.bss
 *(.rela.bss)

.rel.plt
 *(.rel.plt)

.rela.plt
 *(.rela.plt)

.text           0x0000000000000000     0x4af0
 *(.vectors)
 .vectors       0x0000000000000000       0x8c /usr/local/Cellar/avr-gcc/9.3.0/lib/avr-gcc/9/gcc/avr/9.3.0/../../../../../../avr/lib/avr51/crtatmega1284p.o
                0x0000000000000000                __vectors
                0x0000000000000000                __vector_default
 *(.vectors)
 *(.progmem.gcc*)
                0x000000000000008c                . = ALIGN (0x2)
                0x000000000000008c                __trampolines_start = .
 *(.trampolines)
 .trampolines   0x000000000000008c        0x0 linker stubs
 *(.trampolines*)
                0x000000000000008c                __trampolines_end = .
 *libprintf_flt.a:*(.progmem.data)
 *libc.a:*(.progmem.data)
 *(.progmem.*)
                0x000000000000008c                . = ALIGN (0x2)
 *(.lowtext)
 *(.lowtext*)
                0x000000000000008c                __ctors_start = .
 *(.ctors)
                0x000000000000008c                __ctors_end = .
                0x000000000000008c                __dtors_start = .
 *(.dtors)
                0x000000000000008c                __dtors_end = .
 SORT_BY_NAME(*)(.ctors)
 SORT_BY_NAME(*)(.dtors)
 *(.init0)
 .init0         0x000000000000008c        0x0 /usr/local/Cellar/avr-gcc/9.3.0/lib/avr-gcc/9/gcc/avr/9.3.0/../../../../../../avr/lib/avr51/crtatmega1284p.o
                0x000000000000008c                __init
 *(.init0)
 *(.init1)
 *(.init1)
 *(.init2)
 .init2         0x000000000000008c        0xc /usr/local/Cellar/avr-gcc/9.3.0/lib/avr-gcc/9/gcc/avr/9.3.0/../../../../../../avr/lib/avr51/crtatmega1284p.o
 *(.init2)
 *(.init3)
 *(.init3)
 *(.init4)
 .init4         0x0000000000000098       0x1a /usr/local/Cellar/avr-gcc/9.3.0/lib/avr-gcc/9/gcc/avr/9.3.0/avr51/libgcc.a(_copy_data.o)
                0x0000000000000098                __do_copy_data
 .init4         0x00000000000000b2       0x10 /usr/local/Cellar/avr-gcc/9.3.0/lib/avr-gcc/9/gcc/avr/9.3.0/avr51/libgcc.a(_clear_bss.o)
                0x00000000000000b2                __do_clear_bss
 *(.init4)
 *(.init5)
 *(.init5)
 *(.init6)
 *(.init6)
 *(.init7)
 *(.init7)
 *(.init8)
 *(.init8)
 *(.init9)
 .init9         0x00000000000000c2        0x6 /usr/local/Cellar/avr-gcc/9.3.0/lib/avr-gcc/9/gcc/avr/9.3.0/../../../../../../avr/lib/avr51/crtatmega1284p.o
 *(.init9)
 *(.text)
 .text          0x00000000000000c8        0x2 /usr/local/Cellar/avr-gcc/9.3.0/lib/avr-gcc/9/gcc/avr/9.3.0/../../../../../../avr/lib/avr51/crtatmega1284p.o
                0x00000000000000c8                __vector_18
                0x00000000000000c8                __vector_32
                0x00000000000000c8                __vector_34
                0x00000000000000c8                __vector_24
                0x00000000000000c8                __vector_12
                0x00000000000000c8                __bad_interrupt
                0x00000000000000c8                __vector_6
                0x00000000000000c8                __vector_31
                0x00000000000000c8                __vector_3
                0x00000000000000c8                __vector_23
                0x00000000000000c8                __vector_25
                0x00000000000000c8                __vector_11
                0x00000000000000c8                __vector_13
                0x00000000000000c8                __vector_17
                0x00000000000000c8                __vector_7
                0x00000000000000c8                __vector_27
                0x00000000000000c8                __vector_5
                0x00000000000000c8                __vector_33
                0x00000000000000c8                __vector_4
                0x00000000000000c8                __vector_2
                0x00000000000000c8                __vector_21
                0x00000000000000c8                __vector_15
                0x00000000000000c8                __vector_29
                0x00000000000000c8                __vector_8
                0x00000000000000c8                __vector_14
                0x00000000000000c8                __vector_10
                0x00000000000000c8                __vector_16
                0x00000000000000c8                __vector_1
                0x00000000000000ca                . = ALIGN (0x2)
 *(.text.*)
 .text.main_init
                0x00000000000000ca        0xa obj/main_rpi_hat.o
                0x00000000000000ca                main_init
 .text.startup.main
                0x00000000000000d4        0xa obj/main_rpi_hat.o
                0x00000000000000d4                main
 .text.EVENT_OUTPUT_drive_high
                0x00000000000000de       0x14 obj/board_180920.o
                0x00000000000000de                EVENT_OUTPUT_drive_high
 .text.EVENT_OUTPUT_drive_low
                0x00000000000000f2       0x14 obj/board_180920.o
                0x00000000000000f2                EVENT_OUTPUT_drive_low
 .text.EXT_POWER_01_drive_high
                0x0000000000000106       0x14 obj/board_180920.o
                0x0000000000000106                EXT_POWER_01_drive_high
 .text.EXT_POWER_01_drive_low
                0x000000000000011a       0x14 obj/board_180920.o
                0x000000000000011a                EXT_POWER_01_drive_low
 .text.SPI0_CE_drive_high
                0x000000000000012e       0x14 obj/board_180920.o
                0x000000000000012e                SPI0_CE_drive_high
 .text.SPI0_CE_pull_up
                0x0000000000000142       0x14 obj/board_180920.o
                0x0000000000000142                SPI0_CE_pull_up
 .text.SPI0_CE_is_low_level
                0x0000000000000156       0x12 obj/board_180920.o
                0x0000000000000156                SPI0_CE_is_low_level
 .text.SPI0_MOSI_no_drive
                0x0000000000000168       0x14 obj/board_180920.o
                0x0000000000000168                SPI0_MOSI_no_drive
 .text.SPI0_MOSI_no_pull
                0x000000000000017c        0x4 obj/board_180920.o
                0x000000000000017c                SPI0_MOSI_no_pull
 .text.SPI0_MISO_drive_low
                0x0000000000000180       0x14 obj/board_180920.o
                0x0000000000000180                SPI0_MISO_drive_low
 .text.SPI0_MISO_no_drive
                0x0000000000000194       0x14 obj/board_180920.o
                0x0000000000000194                SPI0_MISO_no_drive
 .text.SPI0_MISO_no_pull
                0x00000000000001a8        0x4 obj/board_180920.o
                0x00000000000001a8                SPI0_MISO_no_pull
 .text.SPI0_SCK_pull_up
                0x00000000000001ac       0x14 obj/board_180920.o
                0x00000000000001ac                SPI0_SCK_pull_up
 .text.I2C_SCL_drive_high
                0x00000000000001c0       0x14 obj/board_180920.o
                0x00000000000001c0                I2C_SCL_drive_high
 .text.I2C_SCL_no_drive
                0x00000000000001d4       0x14 obj/board_180920.o
                0x00000000000001d4                I2C_SCL_no_drive
 .text.I2C_SCL_pull_up
                0x00000000000001e8       0x14 obj/board_180920.o
                0x00000000000001e8                I2C_SCL_pull_up
 .text.I2C_SCL_no_pull
                0x00000000000001fc        0x4 obj/board_180920.o
                0x00000000000001fc                I2C_SCL_no_pull
 .text.I2C_SDA_drive_high
                0x0000000000000200       0x14 obj/board_180920.o
                0x0000000000000200                I2C_SDA_drive_high
 .text.I2C_SDA_no_drive
                0x0000000000000214       0x14 obj/board_180920.o
                0x0000000000000214                I2C_SDA_no_drive
 .text.I2C_SDA_pull_up
                0x0000000000000228       0x14 obj/board_180920.o
                0x0000000000000228                I2C_SDA_pull_up
 .text.I2C_SDA_no_pull
                0x000000000000023c        0x4 obj/board_180920.o
                0x000000000000023c                I2C_SDA_no_pull
 .text.READY_INOUT_drive_low
                0x0000000000000240       0x14 obj/board_180920.o
                0x0000000000000240                READY_INOUT_drive_low
 .text.READY_INOUT_pull_up
                0x0000000000000254       0x14 obj/board_180920.o
                0x0000000000000254                READY_INOUT_pull_up
 .text.READY_INOUT_is_high_level
                0x0000000000000268       0x14 obj/board_180920.o
                0x0000000000000268                READY_INOUT_is_high_level
 .text.READY_INOUT_is_low_level
                0x000000000000027c       0x12 obj/board_180920.o
                0x000000000000027c                READY_INOUT_is_low_level
 .text.module_status_set_u16
                0x000000000000028e       0x10 obj/local_module_status.o
                0x000000000000028e                module_status_set_u16
 .text.module_status_isset_u16
                0x000000000000029e       0x18 obj/local_module_status.o
                0x000000000000029e                module_status_isset_u16
 .text.module_status_unset_u16
                0x00000000000002b6       0x16 obj/local_module_status.o
                0x00000000000002b6                module_status_unset_u16
 .text.module_status_clear_all_u16
                0x00000000000002cc        0x8 obj/local_module_status.o
                0x00000000000002cc                module_status_clear_all_u16
 .text.mutex_request
                0x00000000000002d4       0x1e obj/local_mutex.o
                0x00000000000002d4                mutex_request
 .text.mutex_release
                0x00000000000002f2       0x1e obj/local_mutex.o
                0x00000000000002f2                mutex_release
 .text.mutex_is_requested
                0x0000000000000310        0xe obj/local_mutex.o
                0x0000000000000310                mutex_is_requested
 .text.local_data_storage_array_init_i8
                0x000000000000031e        0xa obj/local_data_storage_array.o
                0x000000000000031e                local_data_storage_array_init_i8
 .text.local_data_storage_array_add_value_i8
                0x0000000000000328       0x24 obj/local_data_storage_array.o
                0x0000000000000328                local_data_storage_array_add_value_i8
 .text.local_data_storage_array_get_mean_i8
                0x000000000000034c       0x5a obj/local_data_storage_array.o
                0x000000000000034c                local_data_storage_array_get_mean_i8
 .text.local_data_storage_array_get_max_i8
                0x00000000000003a6       0x30 obj/local_data_storage_array.o
                0x00000000000003a6                local_data_storage_array_get_max_i8
 .text.local_data_storage_array_get_min_i8
                0x00000000000003d6       0x30 obj/local_data_storage_array.o
                0x00000000000003d6                local_data_storage_array_get_min_i8
 .text.local_data_storage_array_init_u8
                0x0000000000000406        0xa obj/local_data_storage_array.o
                0x0000000000000406                local_data_storage_array_init_u8
 .text.local_data_storage_array_add_value_u8
                0x0000000000000410       0x24 obj/local_data_storage_array.o
                0x0000000000000410                local_data_storage_array_add_value_u8
 .text.local_data_storage_array_get_mean_u8
                0x0000000000000434       0x50 obj/local_data_storage_array.o
                0x0000000000000434                local_data_storage_array_get_mean_u8
 .text.local_data_storage_array_get_max_u8
                0x0000000000000484       0x30 obj/local_data_storage_array.o
                0x0000000000000484                local_data_storage_array_get_max_u8
 .text.local_data_storage_array_get_min_u8
                0x00000000000004b4       0x30 obj/local_data_storage_array.o
                0x00000000000004b4                local_data_storage_array_get_min_u8
 .text.local_msg_buffer_init
                0x00000000000004e4       0x12 obj/local_msg_buffer.o
                0x00000000000004e4                local_msg_buffer_init
 .text.local_msg_buffer_start_write
                0x00000000000004f6       0x16 obj/local_msg_buffer.o
                0x00000000000004f6                local_msg_buffer_start_write
 .text.local_msg_buffer_add_byte
                0x000000000000050c       0x48 obj/local_msg_buffer.o
                0x000000000000050c                local_msg_buffer_add_byte
 .text.local_msg_buffer_add_word
                0x0000000000000554       0x1e obj/local_msg_buffer.o
                0x0000000000000554                local_msg_buffer_add_word
 .text.local_msg_buffer_add_long
                0x0000000000000572       0x4e obj/local_msg_buffer.o
                0x0000000000000572                local_msg_buffer_add_long
 .text.local_msg_buffer_add_N_bytes
                0x00000000000005c0       0x32 obj/local_msg_buffer.o
                0x00000000000005c0                local_msg_buffer_add_N_bytes
 .text.local_msg_buffer_stop_write
                0x00000000000005f2        0xa obj/local_msg_buffer.o
                0x00000000000005f2                local_msg_buffer_stop_write
 .text.local_msg_buffer_start_read
                0x00000000000005fc       0x14 obj/local_msg_buffer.o
                0x00000000000005fc                local_msg_buffer_start_read
 .text.local_msg_buffer_bytes_available
                0x0000000000000610        0x8 obj/local_msg_buffer.o
                0x0000000000000610                local_msg_buffer_bytes_available
 .text.local_msg_buffer_bytes_free
                0x0000000000000618       0x10 obj/local_msg_buffer.o
                0x0000000000000618                local_msg_buffer_bytes_free
 .text.local_msg_buffer_get_byte
                0x0000000000000628       0x4a obj/local_msg_buffer.o
                0x0000000000000628                local_msg_buffer_get_byte
 .text.local_msg_buffer_get_word
                0x0000000000000672       0x28 obj/local_msg_buffer.o
                0x0000000000000672                local_msg_buffer_get_word
 .text.local_msg_buffer_get_long
                0x000000000000069a       0x84 obj/local_msg_buffer.o
                0x000000000000069a                local_msg_buffer_get_long
 .text.local_msg_buffer_get_N_bytes
                0x000000000000071e       0x40 obj/local_msg_buffer.o
                0x000000000000071e                local_msg_buffer_get_N_bytes
 .text.local_msg_buffer_stop_read
                0x000000000000075e        0xa obj/local_msg_buffer.o
                0x000000000000075e                local_msg_buffer_stop_read
 .text.local_msg_buffer_clear_all
                0x0000000000000768       0x10 obj/local_msg_buffer.o
                0x0000000000000768                local_msg_buffer_clear_all
 .text.signal_slot_init
                0x0000000000000778       0x10 obj/signal_slot_interface.o
                0x0000000000000778                signal_slot_init
 .text.signal_slot_send
                0x0000000000000788       0x6e obj/signal_slot_interface.o
                0x0000000000000788                signal_slot_send
 .text.signal_slot_connect
                0x00000000000007f6       0x32 obj/signal_slot_interface.o
                0x00000000000007f6                signal_slot_connect
 .text.math_div_u32
                0x0000000000000828       0x76 obj/math_module.o
                0x0000000000000828                math_div_u32
 .text.math_div_i32
                0x000000000000089e      0x144 obj/math_module.o
                0x000000000000089e                math_div_i32
 .text.__system_interface_progmem_get_byte
                0x00000000000009e2        0x4 obj/system_interface.o
 .text.__system_interface_progmem_get_word
                0x00000000000009e6        0x6 obj/system_interface.o
 .text.__system_interface_progmem_get_long
                0x00000000000009ec        0x8 obj/system_interface.o
 .text.__system_interface_progmem_get_N_bytes
                0x00000000000009f4        0x2 obj/system_interface.o
 .text.time_mgmnt_gettime_u16
                0x00000000000009f6        0x6 obj/time_management.o
                0x00000000000009f6                time_mgmnt_gettime_u16
 .text.time_mgmnt_start_u16
                0x00000000000009fc       0x18 obj/time_management.o
                0x00000000000009fc                time_mgmnt_start_u16
 .text.time_mgmnt_start_u32
                0x0000000000000a14       0x1c obj/time_management.o
                0x0000000000000a14                time_mgmnt_start_u32
 .text.time_mgmnt_is_active_u32
                0x0000000000000a30        0xe obj/time_management.o
                0x0000000000000a30                time_mgmnt_is_active_u32
 .text.time_mgmnt_istimeup_raw_u16
                0x0000000000000a3e       0x2a obj/time_management.o
                0x0000000000000a3e                time_mgmnt_istimeup_raw_u16
 .text.time_mgmnt_elapsed_u16
                0x0000000000000a68       0x24 obj/time_management.o
                0x0000000000000a68                time_mgmnt_elapsed_u16
 .text.time_mgmnt_istimeup_u16
                0x0000000000000a8c       0x1a obj/time_management.o
                0x0000000000000a8c                time_mgmnt_istimeup_u16
 .text.time_mgmnt_elapsed_u32
                0x0000000000000aa6       0x64 obj/time_management.o
                0x0000000000000aa6                time_mgmnt_elapsed_u32
 .text.time_mgmnt_istimeup_u32
                0x0000000000000b0a       0x4e obj/time_management.o
                0x0000000000000b0a                time_mgmnt_istimeup_u32
 .text.mcu_task_controller_init
                0x0000000000000b58       0x12 obj/mcu_task_controller.o
                0x0000000000000b58                mcu_task_controller_init
 .text.mcu_task_controller_register_task
                0x0000000000000b6a       0xa2 obj/mcu_task_controller.o
                0x0000000000000b6a                mcu_task_controller_register_task
 .text.mcu_task_controller_schedule
                0x0000000000000c0c       0x9a obj/mcu_task_controller.o
                0x0000000000000c0c                mcu_task_controller_schedule
 .text.mcu_task_controller_background_run
                0x0000000000000ca6       0x28 obj/mcu_task_controller.o
                0x0000000000000ca6                mcu_task_controller_background_run
 .text.mcu_idle_task_run
                0x0000000000000cce       0x2a obj/mcu_idle_task.o
                0x0000000000000cce                mcu_idle_task_run
 .text.local_event_mcu_task_init
                0x0000000000000cf8        0x2 obj/local_event_task.o
                0x0000000000000cf8                local_event_mcu_task_init
 .text.local_event_mcu_task_get_schedule_interval
                0x0000000000000cfa        0x6 obj/local_event_task.o
                0x0000000000000cfa                local_event_mcu_task_get_schedule_interval
 .text.local_event_mcu_task_get_state
                0x0000000000000d00       0x10 obj/local_event_task.o
                0x0000000000000d00                local_event_mcu_task_get_state
 .text.local_event_mcu_task_run
                0x0000000000000d10       0xe2 obj/local_event_task.o
                0x0000000000000d10                local_event_mcu_task_run
 .text.local_event_mcu_task_background_run
                0x0000000000000df2        0x2 obj/local_event_task.o
                0x0000000000000df2                local_event_mcu_task_background_run
 .text.local_event_mcu_task_sleep
                0x0000000000000df4        0x2 obj/local_event_task.o
                0x0000000000000df4                local_event_mcu_task_sleep
 .text.local_event_mcu_task_wakeup
                0x0000000000000df6        0x2 obj/local_event_task.o
                0x0000000000000df6                local_event_mcu_task_wakeup
 .text.local_event_mcu_task_finish
                0x0000000000000df8        0x2 obj/local_event_task.o
                0x0000000000000df8                local_event_mcu_task_finish
 .text.local_event_mcu_task_terminate
                0x0000000000000dfa        0x2 obj/local_event_task.o
                0x0000000000000dfa                local_event_mcu_task_terminate
 .text.local_event_add
                0x0000000000000dfc       0x54 obj/local_event_task.o
                0x0000000000000dfc                local_event_add
 .text.local_event_get_next
                0x0000000000000e50        0x4 obj/local_event_task.o
                0x0000000000000e50                local_event_get_next
 .text.copro1_slot_CMD_RECEIVED
                0x0000000000000e54       0x16 obj/copro_routing_mcu_task.o
 .text.COPRO1_ROUTING_RESPONSE_SIGNAL_send
                0x0000000000000e6a        0x8 obj/copro_routing_mcu_task.o
                0x0000000000000e6a                COPRO1_ROUTING_RESPONSE_SIGNAL_send
 .text.COPRO1_ROUTING_COMMAND_SIGNAL_init
                0x0000000000000e72        0x6 obj/copro_routing_mcu_task.o
                0x0000000000000e72                COPRO1_ROUTING_COMMAND_SIGNAL_init
 .text.COPRO1_ROUTING_COMMAND_SIGNAL_send
                0x0000000000000e78        0x8 obj/copro_routing_mcu_task.o
                0x0000000000000e78                COPRO1_ROUTING_COMMAND_SIGNAL_send
 .text.COPRO1_ROUTING_COMMAND_SIGNAL_connect
                0x0000000000000e80        0x8 obj/copro_routing_mcu_task.o
                0x0000000000000e80                COPRO1_ROUTING_COMMAND_SIGNAL_connect
 .text.COPRO1_ROUTING_RESPONSE_SIGNAL_init
                0x0000000000000e88        0x6 obj/copro_routing_mcu_task.o
                0x0000000000000e88                COPRO1_ROUTING_RESPONSE_SIGNAL_init
 .text.COPRO1_ROUTING_RESPONSE_SIGNAL_connect
                0x0000000000000e8e        0x8 obj/copro_routing_mcu_task.o
                0x0000000000000e8e                COPRO1_ROUTING_RESPONSE_SIGNAL_connect
 .text.COPRO1_ROUTING_COMMAND_SLOT_connect
                0x0000000000000e96       0x12 obj/copro_routing_mcu_task.o
                0x0000000000000e96                COPRO1_ROUTING_COMMAND_SLOT_connect
 .text.COPRO_POWER_UNIT_5V_init
                0x0000000000000ea8       0x14 obj/copro_routing_mcu_task.o
                0x0000000000000ea8                COPRO_POWER_UNIT_5V_init
 .text.COPRO_POWER_UNIT_5V_is_on
                0x0000000000000ebc        0x8 obj/copro_routing_mcu_task.o
                0x0000000000000ebc                COPRO_POWER_UNIT_5V_is_on
 .text.COPRO_POWER_UNIT_5V_request
                0x0000000000000ec4        0x8 obj/copro_routing_mcu_task.o
                0x0000000000000ec4                COPRO_POWER_UNIT_5V_request
 .text.COPRO_POWER_UNIT_5V_release
                0x0000000000000ecc        0x8 obj/copro_routing_mcu_task.o
                0x0000000000000ecc                COPRO_POWER_UNIT_5V_release
 .text.copro_routing_task_init
                0x0000000000000ed4       0x28 obj/copro_routing_mcu_task.o
                0x0000000000000ed4                copro_routing_task_init
 .text.copro_routing_task_get_schedule_interval
                0x0000000000000efc        0x6 obj/copro_routing_mcu_task.o
                0x0000000000000efc                copro_routing_task_get_schedule_interval
 .text.copro_routing_task_get_state
                0x0000000000000f02       0x4e obj/copro_routing_mcu_task.o
                0x0000000000000f02                copro_routing_task_get_state
 .text.copro_routing_task_run
                0x0000000000000f50      0x326 obj/copro_routing_mcu_task.o
                0x0000000000000f50                copro_routing_task_run
 .text.copro_routing_task_background_run
                0x0000000000001276        0x2 obj/copro_routing_mcu_task.o
                0x0000000000001276                copro_routing_task_background_run
 .text.SIGNAL_ADC_NEW_VALUES_AVAILABLE_init
                0x0000000000001278        0x6 obj/local_ads1115_mcu_task.o
                0x0000000000001278                SIGNAL_ADC_NEW_VALUES_AVAILABLE_init
 .text.SIGNAL_ADC_NEW_VALUES_AVAILABLE_send
                0x000000000000127e        0x8 obj/local_ads1115_mcu_task.o
                0x000000000000127e                SIGNAL_ADC_NEW_VALUES_AVAILABLE_send
 .text.SIGNAL_ADC_NEW_VALUES_AVAILABLE_connect
                0x0000000000001286        0x8 obj/local_ads1115_mcu_task.o
                0x0000000000001286                SIGNAL_ADC_NEW_VALUES_AVAILABLE_connect
 .text.local_ads1115_module_init
                0x000000000000128e       0x28 obj/local_ads1115_mcu_task.o
                0x000000000000128e                local_ads1115_module_init
 .text.local_ads1115_mcu_task_init
                0x00000000000012b6       0x10 obj/local_ads1115_mcu_task.o
                0x00000000000012b6                local_ads1115_mcu_task_init
 .text.local_ads1115_mcu_task_get_schedule_interval
                0x00000000000012c6        0x6 obj/local_ads1115_mcu_task.o
                0x00000000000012c6                local_ads1115_mcu_task_get_schedule_interval
 .text.local_ads1115_mcu_task_get_state
                0x00000000000012cc       0x22 obj/local_ads1115_mcu_task.o
                0x00000000000012cc                local_ads1115_mcu_task_get_state
 .text.local_ads1115_mcu_task_run
                0x00000000000012ee      0x3cc obj/local_ads1115_mcu_task.o
                0x00000000000012ee                local_ads1115_mcu_task_run
 .text.local_ads1115_mcu_task_finish
                0x00000000000016ba        0x2 obj/local_ads1115_mcu_task.o
                0x00000000000016ba                local_ads1115_mcu_task_finish
 .text.local_ads1115_mcu_task_terminate
                0x00000000000016bc        0x2 obj/local_ads1115_mcu_task.o
                0x00000000000016bc                local_ads1115_mcu_task_terminate
 .text.local_sht31_module_init
                0x00000000000016be       0x36 obj/local_sht31_mcu_task.o
                0x00000000000016be                local_sht31_module_init
 .text.local_sht31_mcu_task_init
                0x00000000000016f4       0x22 obj/local_sht31_mcu_task.o
                0x00000000000016f4                local_sht31_mcu_task_init
 .text.local_sht31_mcu_task_get_schedule_interval
                0x0000000000001716        0x6 obj/local_sht31_mcu_task.o
                0x0000000000001716                local_sht31_mcu_task_get_schedule_interval
 .text.local_sht31_mcu_task_get_state
                0x000000000000171c       0x22 obj/local_sht31_mcu_task.o
                0x000000000000171c                local_sht31_mcu_task_get_state
 .text.local_sht31_mcu_task_run
                0x000000000000173e      0x3cc obj/local_sht31_mcu_task.o
                0x000000000000173e                local_sht31_mcu_task_run
 .text.local_sht31_mcu_task_finish
                0x0000000000001b0a        0x2 obj/local_sht31_mcu_task.o
                0x0000000000001b0a                local_sht31_mcu_task_finish
 .text.local_sht31_mcu_task_terminate
                0x0000000000001b0c        0x2 obj/local_sht31_mcu_task.o
                0x0000000000001b0c                local_sht31_mcu_task_terminate
 .text.COPRO1_initialize
                0x0000000000001b0e        0xe obj/copro.o
                0x0000000000001b0e                COPRO1_initialize
 .text.COPRO1_set_address
                0x0000000000001b1c        0x6 obj/copro.o
                0x0000000000001b1c                COPRO1_set_address
 .text.COPRO1_get_address
                0x0000000000001b22        0x6 obj/copro.o
                0x0000000000001b22                COPRO1_get_address
 .text.copro_interface_initialize
                0x0000000000001b28       0x1e obj/copro.o
                0x0000000000001b28                copro_interface_initialize
 .text.copro_power_on
                0x0000000000001b46       0x1a obj/copro.o
                0x0000000000001b46                copro_power_on
 .text.COPRO1_power_on
                0x0000000000001b60        0x6 obj/copro.o
                0x0000000000001b60                COPRO1_power_on
 .text.COPRO1_power_off
                0x0000000000001b66        0x4 obj/copro.o
                0x0000000000001b66                COPRO1_power_off
 .text.copro_bytes_available
                0x0000000000001b6a       0x12 obj/copro.o
                0x0000000000001b6a                copro_bytes_available
 .text.COPRO1_bytes_available
                0x0000000000001b7c        0x6 obj/copro.o
                0x0000000000001b7c                COPRO1_bytes_available
 .text.copro_get_N_bytes
                0x0000000000001b82       0x16 obj/copro.o
                0x0000000000001b82                copro_get_N_bytes
 .text.COPRO1_get_N_bytes
                0x0000000000001b98        0xa obj/copro.o
                0x0000000000001b98                COPRO1_get_N_bytes
 .text.copro_set_N_bytes
                0x0000000000001ba2       0x16 obj/copro.o
                0x0000000000001ba2                copro_set_N_bytes
 .text.COPRO1_set_N_bytes
                0x0000000000001bb8        0xa obj/copro.o
                0x0000000000001bb8                COPRO1_set_N_bytes
 .text.copro_start_rx
                0x0000000000001bc2       0x32 obj/copro.o
                0x0000000000001bc2                copro_start_rx
 .text.COPRO1_start_rx
                0x0000000000001bf4        0x8 obj/copro.o
                0x0000000000001bf4                COPRO1_start_rx
 .text.copro_wait_for_rx
                0x0000000000001bfc       0x16 obj/copro.o
                0x0000000000001bfc                copro_wait_for_rx
 .text.COPRO1_wait_for_rx
                0x0000000000001c12        0xa obj/copro.o
                0x0000000000001c12                COPRO1_wait_for_rx
 .text.copro_stop_rx
                0x0000000000001c1c       0x12 obj/copro.o
                0x0000000000001c1c                copro_stop_rx
 .text.COPRO1_stop_rx
                0x0000000000001c2e        0x6 obj/copro.o
                0x0000000000001c2e                COPRO1_stop_rx
 .text.copro_is_ready_for_tx
                0x0000000000001c34       0x12 obj/copro.o
                0x0000000000001c34                copro_is_ready_for_tx
 .text.COPRO1_is_ready_for_tx
                0x0000000000001c46        0x6 obj/copro.o
                0x0000000000001c46                COPRO1_is_ready_for_tx
 .text.copro_start_tx
                0x0000000000001c4c       0x26 obj/copro.o
                0x0000000000001c4c                copro_start_tx
 .text.COPRO1_start_tx
                0x0000000000001c72        0x6 obj/copro.o
                0x0000000000001c72                COPRO1_start_tx
 .text.copro_wait_for_tx
                0x0000000000001c78       0x16 obj/copro.o
                0x0000000000001c78                copro_wait_for_tx
 .text.COPRO1_wait_for_tx
                0x0000000000001c8e        0xa obj/copro.o
                0x0000000000001c8e                COPRO1_wait_for_tx
 .text.copro_stop_tx
                0x0000000000001c98       0x12 obj/copro.o
                0x0000000000001c98                copro_stop_tx
 .text.COPRO1_stop_tx
                0x0000000000001caa        0x6 obj/copro.o
                0x0000000000001caa                COPRO1_stop_tx
 .text.copro_clear_tx_buffer
                0x0000000000001cb0       0x12 obj/copro.o
                0x0000000000001cb0                copro_clear_tx_buffer
 .text.COPRO1_clear_tx_buffer
                0x0000000000001cc2        0x6 obj/copro.o
                0x0000000000001cc2                COPRO1_clear_tx_buffer
 .text.copro_mutex_request
                0x0000000000001cc8       0x26 obj/copro.o
                0x0000000000001cc8                copro_mutex_request
 .text.COPRO1_mutex_request
                0x0000000000001cee        0x6 obj/copro.o
                0x0000000000001cee                COPRO1_mutex_request
 .text.copro_mutex_release
                0x0000000000001cf4       0x1c obj/copro.o
                0x0000000000001cf4                copro_mutex_release
 .text.COPRO1_mutex_release
                0x0000000000001d10        0x6 obj/copro.o
                0x0000000000001d10                COPRO1_mutex_release
 .text.SLOT_LIGHT_RESISTOR_GM5528_connect
                0x0000000000001d16       0x12 obj/light_resistor_gm5528.o
                0x0000000000001d16                SLOT_LIGHT_RESISTOR_GM5528_connect
 .text.light_resistor_gm5528_init
                0x0000000000001d28       0x30 obj/light_resistor_gm5528.o
                0x0000000000001d28                light_resistor_gm5528_init
 .text.light_resistor_gm5528_calibrate
                0x0000000000001d58       0x58 obj/light_resistor_gm5528.o
                0x0000000000001d58                light_resistor_gm5528_calibrate
 .text.light_resistor_gm5528_callback
                0x0000000000001db0       0xfe obj/light_resistor_gm5528.o
 .text.rpi_protocol_task_init
                0x0000000000001eae        0x2 obj/rpi_protocol_handler_client.o
 .text.rpi_protocol_task_get_schedule_interval
                0x0000000000001eb0       0x14 obj/rpi_protocol_handler_client.o
 .text.RPI_COMMAND_BUFFER_bytes_available
                0x0000000000001ec4        0x8 obj/rpi_protocol_handler_client.o
                0x0000000000001ec4                RPI_COMMAND_BUFFER_bytes_available
 .text.RPI_ANSWER_BUFFER_start_write
                0x0000000000001ecc        0x8 obj/rpi_protocol_handler_client.o
                0x0000000000001ecc                RPI_ANSWER_BUFFER_start_write
 .text.RPI_ANSWER_BUFFER_add_byte
                0x0000000000001ed4        0xa obj/rpi_protocol_handler_client.o
                0x0000000000001ed4                RPI_ANSWER_BUFFER_add_byte
 .text.RPI_ANSWER_BUFFER_add_word
                0x0000000000001ede        0xa obj/rpi_protocol_handler_client.o
                0x0000000000001ede                RPI_ANSWER_BUFFER_add_word
 .text.RPI_ANSWER_BUFFER_add_long
                0x0000000000001ee8        0xc obj/rpi_protocol_handler_client.o
                0x0000000000001ee8                RPI_ANSWER_BUFFER_add_long
 .text.RPI_ANSWER_BUFFER_add_N_bytes
                0x0000000000001ef4        0xc obj/rpi_protocol_handler_client.o
                0x0000000000001ef4                RPI_ANSWER_BUFFER_add_N_bytes
 .text.RPI_ANSWER_BUFFER_stop_write
                0x0000000000001f00        0x8 obj/rpi_protocol_handler_client.o
                0x0000000000001f00                RPI_ANSWER_BUFFER_stop_write
 .text.RPI_COMMAND_BUFFER_start_read
                0x0000000000001f08        0x8 obj/rpi_protocol_handler_client.o
                0x0000000000001f08                RPI_COMMAND_BUFFER_start_read
 .text.RPI_COMMAND_BUFFER_get_byte
                0x0000000000001f10        0x8 obj/rpi_protocol_handler_client.o
                0x0000000000001f10                RPI_COMMAND_BUFFER_get_byte
 .text.RPI_COMMAND_BUFFER_get_word
                0x0000000000001f18        0x8 obj/rpi_protocol_handler_client.o
                0x0000000000001f18                RPI_COMMAND_BUFFER_get_word
 .text.RPI_COMMAND_BUFFER_get_long
                0x0000000000001f20        0x8 obj/rpi_protocol_handler_client.o
                0x0000000000001f20                RPI_COMMAND_BUFFER_get_long
 .text.RPI_COMMAND_BUFFER_get_N_bytes
                0x0000000000001f28        0xc obj/rpi_protocol_handler_client.o
                0x0000000000001f28                RPI_COMMAND_BUFFER_get_N_bytes
 .text.RPI_COMMAND_BUFFER_stop_read
                0x0000000000001f34        0x8 obj/rpi_protocol_handler_client.o
                0x0000000000001f34                RPI_COMMAND_BUFFER_stop_read
 .text.rpi_protocol_task_get_state
                0x0000000000001f3c       0x1c obj/rpi_protocol_handler_client.o
 .text._set_finished_spi
                0x0000000000001f58       0x34 obj/rpi_protocol_handler_client.o
 .text.RPI_COMMAND_BUFFER_init
                0x0000000000001f8c        0x8 obj/rpi_protocol_handler_client.o
                0x0000000000001f8c                RPI_COMMAND_BUFFER_init
 .text.RPI_COMMAND_BUFFER_clear_all
                0x0000000000001f94        0x8 obj/rpi_protocol_handler_client.o
                0x0000000000001f94                RPI_COMMAND_BUFFER_clear_all
 .text.RPI_COMMAND_BUFFER_start_write
                0x0000000000001f9c        0x8 obj/rpi_protocol_handler_client.o
                0x0000000000001f9c                RPI_COMMAND_BUFFER_start_write
 .text.RPI_COMMAND_BUFFER_add_N_bytes
                0x0000000000001fa4        0xc obj/rpi_protocol_handler_client.o
                0x0000000000001fa4                RPI_COMMAND_BUFFER_add_N_bytes
 .text.RPI_COMMAND_BUFFER_stop_write
                0x0000000000001fb0        0x8 obj/rpi_protocol_handler_client.o
                0x0000000000001fb0                RPI_COMMAND_BUFFER_stop_write
 .text.RPI_ANSWER_BUFFER_init
                0x0000000000001fb8        0x8 obj/rpi_protocol_handler_client.o
                0x0000000000001fb8                RPI_ANSWER_BUFFER_init
 .text.RPI_ANSWER_BUFFER_bytes_available
                0x0000000000001fc0        0x8 obj/rpi_protocol_handler_client.o
                0x0000000000001fc0                RPI_ANSWER_BUFFER_bytes_available
 .text.RPI_ANSWER_BUFFER_bytes_free
                0x0000000000001fc8        0x8 obj/rpi_protocol_handler_client.o
                0x0000000000001fc8                RPI_ANSWER_BUFFER_bytes_free
 .text.RPI_ANSWER_BUFFER_start_read
                0x0000000000001fd0        0x8 obj/rpi_protocol_handler_client.o
                0x0000000000001fd0                RPI_ANSWER_BUFFER_start_read
 .text.RPI_ANSWER_BUFFER_get_N_bytes
                0x0000000000001fd8        0xc obj/rpi_protocol_handler_client.o
                0x0000000000001fd8                RPI_ANSWER_BUFFER_get_N_bytes
 .text.RPI_ANSWER_BUFFER_stop_read
                0x0000000000001fe4        0x8 obj/rpi_protocol_handler_client.o
                0x0000000000001fe4                RPI_ANSWER_BUFFER_stop_read
 .text.RPI_PROTOCOL_LEAVE_SLEEP_SIGNAL_init
                0x0000000000001fec        0x8 obj/rpi_protocol_handler_client.o
                0x0000000000001fec                RPI_PROTOCOL_LEAVE_SLEEP_SIGNAL_init
 .text.RPI_PROTOCOL_LEAVE_SLEEP_SIGNAL_send
                0x0000000000001ff4        0xa obj/rpi_protocol_handler_client.o
                0x0000000000001ff4                RPI_PROTOCOL_LEAVE_SLEEP_SIGNAL_send
 .text.RPI_PROTOCOL_ENTER_SLEEP_SIGNAL_init
                0x0000000000001ffe        0x8 obj/rpi_protocol_handler_client.o
                0x0000000000001ffe                RPI_PROTOCOL_ENTER_SLEEP_SIGNAL_init
 .text.RPI_PROTOCOL_ENTER_SLEEP_SIGNAL_send
                0x0000000000002006        0xa obj/rpi_protocol_handler_client.o
                0x0000000000002006                RPI_PROTOCOL_ENTER_SLEEP_SIGNAL_send
 .text.RPI_PROTOCOL_INVALID_COMMAND_RECEIVED_SIGNAL_init
                0x0000000000002010        0x8 obj/rpi_protocol_handler_client.o
                0x0000000000002010                RPI_PROTOCOL_INVALID_COMMAND_RECEIVED_SIGNAL_init
 .text.RPI_PROTOCOL_INVALID_COMMAND_RECEIVED_SIGNAL_send
                0x0000000000002018        0xa obj/rpi_protocol_handler_client.o
                0x0000000000002018                RPI_PROTOCOL_INVALID_COMMAND_RECEIVED_SIGNAL_send
 .text.RPI_PROTOCOL_COMMAND_RECEIVED_SIGNAL_init
                0x0000000000002022        0x8 obj/rpi_protocol_handler_client.o
                0x0000000000002022                RPI_PROTOCOL_COMMAND_RECEIVED_SIGNAL_init
 .text.RPI_PROTOCOL_COMMAND_RECEIVED_SIGNAL_send
                0x000000000000202a        0xa obj/rpi_protocol_handler_client.o
                0x000000000000202a                RPI_PROTOCOL_COMMAND_RECEIVED_SIGNAL_send
 .text.rpi_protocol_task_run
                0x0000000000002034      0x34e obj/rpi_protocol_handler_client.o
 .text.RPI_PROTOCOL_COMMAND_RECEIVED_SIGNAL_connect
                0x0000000000002382        0xa obj/rpi_protocol_handler_client.o
                0x0000000000002382                RPI_PROTOCOL_COMMAND_RECEIVED_SIGNAL_connect
 .text.rpi_protocol_init
                0x000000000000238c       0x7a obj/rpi_protocol_handler_client.o
                0x000000000000238c                rpi_protocol_init
 .text.power_mgmnt_init
                0x0000000000002406       0x38 obj/power_management.o
                0x0000000000002406                power_mgmnt_init
 .text.power_mgmnt_request
                0x000000000000243e       0x2c obj/power_management.o
                0x000000000000243e                power_mgmnt_request
 .text.power_mgmnt_release
                0x000000000000246a       0x28 obj/power_management.o
                0x000000000000246a                power_mgmnt_release
 .text.power_mgmnt_is_on
                0x0000000000002492       0x2e obj/power_management.o
                0x0000000000002492                power_mgmnt_is_on
 .text.io_output_controller_register_output
                0x00000000000024c0       0x98 obj/io_output_controller.o
                0x00000000000024c0                io_output_controller_register_output
 .text.io_output_controller_set_output
                0x0000000000002558       0x50 obj/io_output_controller.o
                0x0000000000002558                io_output_controller_set_output
 .text.io_output_controller_get_output
                0x00000000000025a8       0xcc obj/io_output_controller.o
                0x00000000000025a8                io_output_controller_get_output
 .text.io_output_controller_task_init
                0x0000000000002674        0x2 obj/io_output_controller.o
                0x0000000000002674                io_output_controller_task_init
 .text.io_output_controller_task_get_schedule_interval
                0x0000000000002676        0x6 obj/io_output_controller.o
                0x0000000000002676                io_output_controller_task_get_schedule_interval
 .text.io_output_controller_task_get_state
                0x000000000000267c        0xa obj/io_output_controller.o
                0x000000000000267c                io_output_controller_task_get_state
 .text.io_output_controller_task_run
                0x0000000000002686      0x160 obj/io_output_controller.o
                0x0000000000002686                io_output_controller_task_run
 .text.io_output_controller_task_background_run
                0x00000000000027e6        0x2 obj/io_output_controller.o
                0x00000000000027e6                io_output_controller_task_background_run
 .text.io_output_controller_get_iterator
                0x00000000000027e8       0x54 obj/io_output_controller.o
                0x00000000000027e8                io_output_controller_get_iterator
 .text.io_output_controller_iterator_get_element
                0x000000000000283c       0xc2 obj/io_output_controller.o
                0x000000000000283c                io_output_controller_iterator_get_element
 .text.io_output_controller_iterator_get_next
                0x00000000000028fe       0x50 obj/io_output_controller.o
                0x00000000000028fe                io_output_controller_iterator_get_next
 .text.io_input_controller_init
                0x000000000000294e        0x2 obj/io_input_controller.o
                0x000000000000294e                io_input_controller_init
 .text.io_input_controller_register_input
                0x0000000000002950       0x64 obj/io_input_controller.o
                0x0000000000002950                io_input_controller_register_input
 .text.io_input_controller_check_state
                0x00000000000029b4       0xe4 obj/io_input_controller.o
                0x00000000000029b4                io_input_controller_check_state
 .text.io_input_controller_get_state
                0x0000000000002a98       0xb8 obj/io_input_controller.o
                0x0000000000002a98                io_input_controller_get_state
 .text.io_input_controller_task_init
                0x0000000000002b50        0x8 obj/io_input_controller.o
                0x0000000000002b50                io_input_controller_task_init
 .text.io_input_controller_task_get_schedule_interval
                0x0000000000002b58        0x6 obj/io_input_controller.o
                0x0000000000002b58                io_input_controller_task_get_schedule_interval
 .text.io_input_controller_task_get_state
                0x0000000000002b5e       0x12 obj/io_input_controller.o
                0x0000000000002b5e                io_input_controller_task_get_state
 .text.io_input_controller_task_run
                0x0000000000002b70       0x2a obj/io_input_controller.o
                0x0000000000002b70                io_input_controller_task_run
 .text.io_input_controller_task_background_run
                0x0000000000002b9a        0x2 obj/io_input_controller.o
                0x0000000000002b9a                io_input_controller_task_background_run
 .text.io_input_controller_get_iterator
                0x0000000000002b9c       0x32 obj/io_input_controller.o
                0x0000000000002b9c                io_input_controller_get_iterator
 .text.io_input_controller_iterator_get_element
                0x0000000000002bce       0x9a obj/io_input_controller.o
                0x0000000000002bce                io_input_controller_iterator_get_element
 .text.io_input_controller_iterator_get_next
                0x0000000000002c68       0x3a obj/io_input_controller.o
                0x0000000000002c68                io_input_controller_iterator_get_next
 .text.command_controller_task_init
                0x0000000000002ca2        0x2 obj/command_controller.o
 .text.command_controller_task_get_schedule_interval
                0x0000000000002ca4        0x6 obj/command_controller.o
 .text.command_controller_task_get_state
                0x0000000000002caa       0x3e obj/command_controller.o
 .text.command_controller_task_run
                0x0000000000002ce8       0xa4 obj/command_controller.o
 .text.command_controller_task_background_run
                0x0000000000002d8c        0x2 obj/command_controller.o
 .text.command_controller_init
                0x0000000000002d8e        0x8 obj/command_controller.o
                0x0000000000002d8e                command_controller_init
 .text.command_controller_register_handler
                0x0000000000002d96       0x36 obj/command_controller.o
                0x0000000000002d96                command_controller_register_handler
 .text.rpi_command_handler_slot_cmd_received_CALLBACK
                0x0000000000002dcc        0xa obj/rpi_command_handler.o
 .text.rpi_cmd_handler_set_request
                0x0000000000002dd6        0xa obj/rpi_command_handler.o
                0x0000000000002dd6                rpi_cmd_handler_set_request
 .text.rpi_cmd_handler_get_protocol
                0x0000000000002de0        0xa obj/rpi_command_handler.o
                0x0000000000002de0                rpi_cmd_handler_get_protocol
 .text.rpi_cmd_handler_set_unrequested
                0x0000000000002dea        0xa obj/rpi_command_handler.o
                0x0000000000002dea                rpi_cmd_handler_set_unrequested
 .text.rpi_cmd_handler_is_requested
                0x0000000000002df4       0x12 obj/rpi_command_handler.o
                0x0000000000002df4                rpi_cmd_handler_is_requested
 .text.rpi_cmd_handler_get_command_code
                0x0000000000002e06       0x14 obj/rpi_command_handler.o
                0x0000000000002e06                rpi_cmd_handler_get_command_code
 .text.rpi_cmd_default_handler
                0x0000000000002e1a       0x10 obj/rpi_command_handler.o
                0x0000000000002e1a                rpi_cmd_default_handler
 .text.RPI_CMD_HANDLER_SLOT_CMD_RECEIVED_connect
                0x0000000000002e2a       0x12 obj/rpi_command_handler.o
                0x0000000000002e2a                RPI_CMD_HANDLER_SLOT_CMD_RECEIVED_connect
 .text.rpi_cmd_handler_init
                0x0000000000002e3c       0x10 obj/rpi_command_handler.o
                0x0000000000002e3c                rpi_cmd_handler_init
 .text.rpi_cmd_handler_table_get_size
                0x0000000000002e4c        0x4 obj/rpi_command_handler_table.o
                0x0000000000002e4c                rpi_cmd_handler_table_get_size
 .text.rpi_cmd_get_version
                0x0000000000002e50       0x4a obj/rpi_cmd_handler_system.o
                0x0000000000002e50                rpi_cmd_get_version
 .text.rpi_cmd_get_input_list
                0x0000000000002e9a       0xaa obj/rpi_cmd_handler_io.o
                0x0000000000002e9a                rpi_cmd_get_input_list
 .text.rpi_cmd_get_input_state
                0x0000000000002f44      0x110 obj/rpi_cmd_handler_io.o
                0x0000000000002f44                rpi_cmd_get_input_state
 .text.rpi_cmd_get_output_list
                0x0000000000003054       0x8c obj/rpi_cmd_handler_io.o
                0x0000000000003054                rpi_cmd_get_output_list
 .text.rpi_cmd_get_output_state
                0x00000000000030e0      0x13e obj/rpi_cmd_handler_io.o
                0x00000000000030e0                rpi_cmd_get_output_state
 .text.rpi_cmd_set_output
                0x000000000000321e       0xae obj/rpi_cmd_handler_io.o
                0x000000000000321e                rpi_cmd_set_output
 .text.rpi_cmd_get_temperature
                0x00000000000032cc       0x82 obj/rpi_cmd_handler_sensor.o
                0x00000000000032cc                rpi_cmd_get_temperature
 .text.rpi_cmd_get_humidity
                0x000000000000334e       0x82 obj/rpi_cmd_handler_sensor.o
                0x000000000000334e                rpi_cmd_get_humidity
 .text.rpi_cmd_get_light
                0x00000000000033d0       0x82 obj/rpi_cmd_handler_sensor.o
                0x00000000000033d0                rpi_cmd_get_light
 .text.rpi_cmd_get_adc
                0x0000000000003452       0xb2 obj/rpi_cmd_handler_sensor.o
                0x0000000000003452                rpi_cmd_get_adc
 .text.copro1_slot_RESPONSE_RECEIVED
                0x0000000000003504       0x12 obj/rpi_cmd_handler_routing.o
 .text.COPRO1_ROUTING_RESPONSE_SLOT_connect
                0x0000000000003516       0x14 obj/rpi_cmd_handler_routing.o
                0x0000000000003516                COPRO1_ROUTING_RESPONSE_SLOT_connect
 .text.rpi_cmd_handler_routing_init
                0x000000000000352a        0x4 obj/rpi_cmd_handler_routing.o
                0x000000000000352a                rpi_cmd_handler_routing_init
 .text.rpi_cmd_handler_routing
                0x000000000000352e       0x40 obj/rpi_cmd_handler_routing.o
                0x000000000000352e                rpi_cmd_handler_routing
 .text.rtc_driver_init
                0x000000000000356e       0x5e obj/rtc_driver_atmega1284p.o
                0x000000000000356e                rtc_driver_init
 .text.local_rtc_timer_gettime_u32
                0x00000000000035cc       0x60 obj/rtc_driver_atmega1284p.o
                0x00000000000035cc                local_rtc_timer_gettime_u32
 .text.local_rtc_timer_gettime_u8
                0x000000000000362c        0x6 obj/rtc_driver_atmega1284p.o
                0x000000000000362c                local_rtc_timer_gettime_u8
 .text.local_rtc_timer_gettime_u16
                0x0000000000003632        0x6 obj/rtc_driver_atmega1284p.o
                0x0000000000003632                local_rtc_timer_gettime_u16
 .text.local_rtc_timer_istimeup_u8
                0x0000000000003638       0x20 obj/rtc_driver_atmega1284p.o
                0x0000000000003638                local_rtc_timer_istimeup_u8
 .text.local_rtc_timer_istimeup_u16
                0x0000000000003658       0x28 obj/rtc_driver_atmega1284p.o
                0x0000000000003658                local_rtc_timer_istimeup_u16
 .text.local_rtc_timer_istimeup_u32
                0x0000000000003680       0x5e obj/rtc_driver_atmega1284p.o
                0x0000000000003680                local_rtc_timer_istimeup_u32
 .text.__vector_9
                0x00000000000036de       0x5c obj/rtc_driver_atmega1284p.o
                0x00000000000036de                __vector_9
 .text.clock_driver_init
                0x000000000000373a       0x12 obj/clock_driver_atmega1284p.o
                0x000000000000373a                clock_driver_init
 .text.gpio_driver_set_direction
                0x000000000000374c       0x64 obj/gpio_driver_atmega1284p.o
                0x000000000000374c                gpio_driver_set_direction
 .text.gpio_driver_set_level
                0x00000000000037b0       0xbc obj/gpio_driver_atmega1284p.o
                0x00000000000037b0                gpio_driver_set_level
 .text.gpio_driver_init_pin
                0x000000000000386c       0x2a obj/gpio_driver_atmega1284p.o
                0x000000000000386c                gpio_driver_init_pin
 .text.gpio_driver_init
                0x0000000000003896      0x140 obj/gpio_driver_atmega1284p.o
                0x0000000000003896                gpio_driver_init
 .text.gpio_driver_toggle_level
                0x00000000000039d6       0x3c obj/gpio_driver_atmega1284p.o
                0x00000000000039d6                gpio_driver_toggle_level
 .text.gpio_driver_get_level
                0x0000000000003a12       0x3c obj/gpio_driver_atmega1284p.o
                0x0000000000003a12                gpio_driver_get_level
 .text.I2C0_STATUS_set
                0x0000000000003a4e        0xe obj/i2c0_driver_status.o
                0x0000000000003a4e                I2C0_STATUS_set
 .text.I2C0_STATUS_is_set
                0x0000000000003a5c       0x14 obj/i2c0_driver_status.o
                0x0000000000003a5c                I2C0_STATUS_is_set
 .text.I2C0_STATUS_unset
                0x0000000000003a70        0xc obj/i2c0_driver_status.o
                0x0000000000003a70                I2C0_STATUS_unset
 .text.I2C0_TX_BUFFER_init
                0x0000000000003a7c        0x8 obj/i2c0_driver_atmega1284p.o
                0x0000000000003a7c                I2C0_TX_BUFFER_init
 .text.I2C0_TX_BUFFER_bytes_available
                0x0000000000003a84        0x8 obj/i2c0_driver_atmega1284p.o
                0x0000000000003a84                I2C0_TX_BUFFER_bytes_available
 .text.I2C0_TX_BUFFER_clear_all
                0x0000000000003a8c        0x8 obj/i2c0_driver_atmega1284p.o
                0x0000000000003a8c                I2C0_TX_BUFFER_clear_all
 .text.I2C0_TX_BUFFER_start_write
                0x0000000000003a94        0x8 obj/i2c0_driver_atmega1284p.o
                0x0000000000003a94                I2C0_TX_BUFFER_start_write
 .text.I2C0_TX_BUFFER_add_N_bytes
                0x0000000000003a9c        0xc obj/i2c0_driver_atmega1284p.o
                0x0000000000003a9c                I2C0_TX_BUFFER_add_N_bytes
 .text.I2C0_TX_BUFFER_stop_write
                0x0000000000003aa8        0x8 obj/i2c0_driver_atmega1284p.o
                0x0000000000003aa8                I2C0_TX_BUFFER_stop_write
 .text.I2C0_TX_BUFFER_start_read
                0x0000000000003ab0        0x8 obj/i2c0_driver_atmega1284p.o
                0x0000000000003ab0                I2C0_TX_BUFFER_start_read
 .text.I2C0_TX_BUFFER_get_byte
                0x0000000000003ab8        0x8 obj/i2c0_driver_atmega1284p.o
                0x0000000000003ab8                I2C0_TX_BUFFER_get_byte
 .text.I2C0_TX_BUFFER_stop_read
                0x0000000000003ac0        0x8 obj/i2c0_driver_atmega1284p.o
                0x0000000000003ac0                I2C0_TX_BUFFER_stop_read
 .text.I2C0_RX_BUFFER_init
                0x0000000000003ac8        0x8 obj/i2c0_driver_atmega1284p.o
                0x0000000000003ac8                I2C0_RX_BUFFER_init
 .text.I2C0_RX_BUFFER_bytes_available
                0x0000000000003ad0        0x8 obj/i2c0_driver_atmega1284p.o
                0x0000000000003ad0                I2C0_RX_BUFFER_bytes_available
 .text.I2C0_RX_BUFFER_clear_all
                0x0000000000003ad8        0x8 obj/i2c0_driver_atmega1284p.o
                0x0000000000003ad8                I2C0_RX_BUFFER_clear_all
 .text.I2C0_RX_BUFFER_start_write
                0x0000000000003ae0        0x8 obj/i2c0_driver_atmega1284p.o
                0x0000000000003ae0                I2C0_RX_BUFFER_start_write
 .text.I2C0_RX_BUFFER_add_byte
                0x0000000000003ae8        0xa obj/i2c0_driver_atmega1284p.o
                0x0000000000003ae8                I2C0_RX_BUFFER_add_byte
 .text.I2C0_RX_BUFFER_stop_write
                0x0000000000003af2        0x8 obj/i2c0_driver_atmega1284p.o
                0x0000000000003af2                I2C0_RX_BUFFER_stop_write
 .text.I2C0_RX_BUFFER_start_read
                0x0000000000003afa        0x8 obj/i2c0_driver_atmega1284p.o
                0x0000000000003afa                I2C0_RX_BUFFER_start_read
 .text.I2C0_RX_BUFFER_get_N_bytes
                0x0000000000003b02        0xc obj/i2c0_driver_atmega1284p.o
                0x0000000000003b02                I2C0_RX_BUFFER_get_N_bytes
 .text.I2C0_RX_BUFFER_stop_read
                0x0000000000003b0e        0x8 obj/i2c0_driver_atmega1284p.o
                0x0000000000003b0e                I2C0_RX_BUFFER_stop_read
 .text.i2c0_driver_initialize
                0x0000000000003b16        0x4 obj/i2c0_driver_atmega1284p.o
                0x0000000000003b16                i2c0_driver_initialize
 .text.i2c0_driver_configure
                0x0000000000003b1a       0xb8 obj/i2c0_driver_atmega1284p.o
                0x0000000000003b1a                i2c0_driver_configure
 .text.i2c0_driver_power_off
                0x0000000000003bd2       0x1a obj/i2c0_driver_atmega1284p.o
                0x0000000000003bd2                i2c0_driver_power_off
 .text.i2c0_driver_bytes_available
                0x0000000000003bec        0x4 obj/i2c0_driver_atmega1284p.o
                0x0000000000003bec                i2c0_driver_bytes_available
 .text.i2c0_driver_get_N_bytes
                0x0000000000003bf0       0x2e obj/i2c0_driver_atmega1284p.o
                0x0000000000003bf0                i2c0_driver_get_N_bytes
 .text.i2c0_driver_set_N_bytes
                0x0000000000003c1e       0x2a obj/i2c0_driver_atmega1284p.o
                0x0000000000003c1e                i2c0_driver_set_N_bytes
 .text.i2c0_driver_is_ready_for_tx
                0x0000000000003c48       0x16 obj/i2c0_driver_atmega1284p.o
                0x0000000000003c48                i2c0_driver_is_ready_for_tx
 .text.i2c0_driver_is_ready_for_rx
                0x0000000000003c5e        0x4 obj/i2c0_driver_atmega1284p.o
                0x0000000000003c5e                i2c0_driver_is_ready_for_rx
 .text.i2c0_driver_start_rx
                0x0000000000003c62       0x28 obj/i2c0_driver_atmega1284p.o
                0x0000000000003c62                i2c0_driver_start_rx
 .text.i2c0_driver_wait_for_rx
                0x0000000000003c8a       0x3a obj/i2c0_driver_atmega1284p.o
                0x0000000000003c8a                i2c0_driver_wait_for_rx
 .text.i2c0_driver_stop_rx
                0x0000000000003cc4        0xa obj/i2c0_driver_atmega1284p.o
                0x0000000000003cc4                i2c0_driver_stop_rx
 .text.i2c0_driver_start_tx
                0x0000000000003cce       0x24 obj/i2c0_driver_atmega1284p.o
                0x0000000000003cce                i2c0_driver_start_tx
 .text.i2c0_driver_wait_for_tx
                0x0000000000003cf2        0x2 obj/i2c0_driver_atmega1284p.o
                0x0000000000003cf2                i2c0_driver_wait_for_tx
 .text.i2c0_driver_stop_tx
                0x0000000000003cf4        0xa obj/i2c0_driver_atmega1284p.o
                0x0000000000003cf4                i2c0_driver_stop_tx
 .text.i2c0_driver_clear_rx_buffer
                0x0000000000003cfe        0x4 obj/i2c0_driver_atmega1284p.o
                0x0000000000003cfe                i2c0_driver_clear_rx_buffer
 .text.i2c0_driver_clear_tx_buffer
                0x0000000000003d02        0x4 obj/i2c0_driver_atmega1284p.o
                0x0000000000003d02                i2c0_driver_clear_tx_buffer
 .text.i2c0_driver_set_address
                0x0000000000003d06        0x8 obj/i2c0_driver_atmega1284p.o
                0x0000000000003d06                i2c0_driver_set_address
 .text.i2c0_driver_mutex_request
                0x0000000000003d0e       0x18 obj/i2c0_driver_atmega1284p.o
                0x0000000000003d0e                i2c0_driver_mutex_request
 .text.i2c0_driver_mutex_release
                0x0000000000003d26        0xa obj/i2c0_driver_atmega1284p.o
                0x0000000000003d26                i2c0_driver_mutex_release
 .text.__vector_26
                0x0000000000003d30      0x1ca obj/i2c0_driver_atmega1284p.o
                0x0000000000003d30                __vector_26
 .text.SPI0_TX_BUFFER_init
                0x0000000000003efa        0x8 obj/spi0_driver_atmega1284p.o
                0x0000000000003efa                SPI0_TX_BUFFER_init
 .text.SPI0_TX_BUFFER_bytes_available
                0x0000000000003f02        0x8 obj/spi0_driver_atmega1284p.o
                0x0000000000003f02                SPI0_TX_BUFFER_bytes_available
 .text.SPI0_TX_BUFFER_clear_all
                0x0000000000003f0a        0x8 obj/spi0_driver_atmega1284p.o
                0x0000000000003f0a                SPI0_TX_BUFFER_clear_all
 .text.SPI0_TX_BUFFER_start_write
                0x0000000000003f12        0x8 obj/spi0_driver_atmega1284p.o
                0x0000000000003f12                SPI0_TX_BUFFER_start_write
 .text.SPI0_TX_BUFFER_add_N_bytes
                0x0000000000003f1a        0xc obj/spi0_driver_atmega1284p.o
                0x0000000000003f1a                SPI0_TX_BUFFER_add_N_bytes
 .text.SPI0_TX_BUFFER_stop_write
                0x0000000000003f26        0x8 obj/spi0_driver_atmega1284p.o
                0x0000000000003f26                SPI0_TX_BUFFER_stop_write
 .text.SPI0_TX_BUFFER_start_read
                0x0000000000003f2e        0x8 obj/spi0_driver_atmega1284p.o
                0x0000000000003f2e                SPI0_TX_BUFFER_start_read
 .text.SPI0_TX_BUFFER_get_byte
                0x0000000000003f36        0x8 obj/spi0_driver_atmega1284p.o
                0x0000000000003f36                SPI0_TX_BUFFER_get_byte
 .text.SPI0_TX_BUFFER_stop_read
                0x0000000000003f3e        0x8 obj/spi0_driver_atmega1284p.o
                0x0000000000003f3e                SPI0_TX_BUFFER_stop_read
 .text.SPI0_RX_BUFFER_init
                0x0000000000003f46        0x8 obj/spi0_driver_atmega1284p.o
                0x0000000000003f46                SPI0_RX_BUFFER_init
 .text.SPI0_RX_BUFFER_bytes_available
                0x0000000000003f4e        0x8 obj/spi0_driver_atmega1284p.o
                0x0000000000003f4e                SPI0_RX_BUFFER_bytes_available
 .text.SPI0_RX_BUFFER_clear_all
                0x0000000000003f56        0x8 obj/spi0_driver_atmega1284p.o
                0x0000000000003f56                SPI0_RX_BUFFER_clear_all
 .text.SPI0_RX_BUFFER_start_write
                0x0000000000003f5e        0x8 obj/spi0_driver_atmega1284p.o
                0x0000000000003f5e                SPI0_RX_BUFFER_start_write
 .text.SPI0_RX_BUFFER_add_byte
                0x0000000000003f66        0xa obj/spi0_driver_atmega1284p.o
                0x0000000000003f66                SPI0_RX_BUFFER_add_byte
 .text.SPI0_RX_BUFFER_stop_write
                0x0000000000003f70        0x8 obj/spi0_driver_atmega1284p.o
                0x0000000000003f70                SPI0_RX_BUFFER_stop_write
 .text.SPI0_RX_BUFFER_start_read
                0x0000000000003f78        0x8 obj/spi0_driver_atmega1284p.o
                0x0000000000003f78                SPI0_RX_BUFFER_start_read
 .text.SPI0_RX_BUFFER_get_N_bytes
                0x0000000000003f80        0xc obj/spi0_driver_atmega1284p.o
                0x0000000000003f80                SPI0_RX_BUFFER_get_N_bytes
 .text.SPI0_RX_BUFFER_stop_read
                0x0000000000003f8c        0x8 obj/spi0_driver_atmega1284p.o
                0x0000000000003f8c                SPI0_RX_BUFFER_stop_read
 .text.spi0_driver_initialize
                0x0000000000003f94       0x1e obj/spi0_driver_atmega1284p.o
                0x0000000000003f94                spi0_driver_initialize
 .text.spi0_driver_configure
                0x0000000000003fb2       0xce obj/spi0_driver_atmega1284p.o
                0x0000000000003fb2                spi0_driver_configure
 .text.spi0_driver_power_off
                0x0000000000004080       0x1c obj/spi0_driver_atmega1284p.o
                0x0000000000004080                spi0_driver_power_off
 .text.spi0_driver_bytes_available
                0x000000000000409c        0x4 obj/spi0_driver_atmega1284p.o
                0x000000000000409c                spi0_driver_bytes_available
 .text.spi0_driver_get_N_bytes
                0x00000000000040a0       0x26 obj/spi0_driver_atmega1284p.o
                0x00000000000040a0                spi0_driver_get_N_bytes
 .text.spi0_driver_set_N_bytes
                0x00000000000040c6       0x2a obj/spi0_driver_atmega1284p.o
                0x00000000000040c6                spi0_driver_set_N_bytes
 .text.spi0_driver_is_ready_for_tx
                0x00000000000040f0        0xc obj/spi0_driver_atmega1284p.o
                0x00000000000040f0                spi0_driver_is_ready_for_tx
 .text.spi0_driver_is_ready_for_rx
                0x00000000000040fc        0xc obj/spi0_driver_atmega1284p.o
                0x00000000000040fc                spi0_driver_is_ready_for_rx
 .text.spi0_driver_start_rx
                0x0000000000004108        0xa obj/spi0_driver_atmega1284p.o
                0x0000000000004108                spi0_driver_start_rx
 .text.spi0_driver_stop_rx
                0x0000000000004112        0x6 obj/spi0_driver_atmega1284p.o
                0x0000000000004112                spi0_driver_stop_rx
 .text.spi0_driver_stop_tx
                0x0000000000004118        0x8 obj/spi0_driver_atmega1284p.o
                0x0000000000004118                spi0_driver_stop_tx
 .text.spi0_driver_wait_for_rx
                0x0000000000004120       0x58 obj/spi0_driver_atmega1284p.o
                0x0000000000004120                spi0_driver_wait_for_rx
 .text.spi0_driver_start_tx
                0x0000000000004178       0x18 obj/spi0_driver_atmega1284p.o
                0x0000000000004178                spi0_driver_start_tx
 .text.spi0_driver_wait_for_tx
                0x0000000000004190       0x60 obj/spi0_driver_atmega1284p.o
                0x0000000000004190                spi0_driver_wait_for_tx
 .text.spi0_driver_clear_rx_buffer
                0x00000000000041f0        0x4 obj/spi0_driver_atmega1284p.o
                0x00000000000041f0                spi0_driver_clear_rx_buffer
 .text.spi0_driver_clear_tx_buffer
                0x00000000000041f4        0x4 obj/spi0_driver_atmega1284p.o
                0x00000000000041f4                spi0_driver_clear_tx_buffer
 .text.spi0_driver_set_address
                0x00000000000041f8        0x2 obj/spi0_driver_atmega1284p.o
                0x00000000000041f8                spi0_driver_set_address
 .text.spi0_driver_mutex_request
                0x00000000000041fa       0x18 obj/spi0_driver_atmega1284p.o
                0x00000000000041fa                spi0_driver_mutex_request
 .text.spi0_driver_mutex_release
                0x0000000000004212        0xa obj/spi0_driver_atmega1284p.o
                0x0000000000004212                spi0_driver_mutex_release
 .text.__vector_19
                0x000000000000421c       0x9e obj/spi0_driver_atmega1284p.o
                0x000000000000421c                __vector_19
 .text.usart0_driver_initialize
                0x00000000000042ba        0x2 obj/usart0_driver_atmega1284p.o
                0x00000000000042ba                usart0_driver_initialize
 .text.usart0_driver_configure
                0x00000000000042bc       0xde obj/usart0_driver_atmega1284p.o
                0x00000000000042bc                usart0_driver_configure
 .text.usart0_driver_power_off
                0x000000000000439a       0x10 obj/usart0_driver_atmega1284p.o
                0x000000000000439a                usart0_driver_power_off
 .text.usart0_driver_bytes_available
                0x00000000000043aa        0x8 obj/usart0_driver_atmega1284p.o
                0x00000000000043aa                usart0_driver_bytes_available
 .text.usart0_driver_get_N_bytes
                0x00000000000043b2       0x46 obj/usart0_driver_atmega1284p.o
                0x00000000000043b2                usart0_driver_get_N_bytes
 .text.usart0_driver_set_N_bytes
                0x00000000000043f8       0x3c obj/usart0_driver_atmega1284p.o
                0x00000000000043f8                usart0_driver_set_N_bytes
 .text.usart0_driver_is_ready_for_rx
                0x0000000000004434        0x4 obj/usart0_driver_atmega1284p.o
                0x0000000000004434                usart0_driver_is_ready_for_rx
 .text.usart0_driver_start_rx
                0x0000000000004438       0x18 obj/usart0_driver_atmega1284p.o
                0x0000000000004438                usart0_driver_start_rx
 .text.usart0_driver_wait_for_rx
                0x0000000000004450        0x2 obj/usart0_driver_atmega1284p.o
                0x0000000000004450                usart0_driver_wait_for_rx
 .text.usart0_driver_stop_rx
                0x0000000000004452        0xc obj/usart0_driver_atmega1284p.o
                0x0000000000004452                usart0_driver_stop_rx
 .text.usart0_driver_is_ready_for_tx
                0x000000000000445e        0xc obj/usart0_driver_atmega1284p.o
                0x000000000000445e                usart0_driver_is_ready_for_tx
 .text.usart0_driver_start_tx
                0x000000000000446a       0x38 obj/usart0_driver_atmega1284p.o
                0x000000000000446a                usart0_driver_start_tx
 .text.usart0_driver_wait_for_tx
                0x00000000000044a2        0x2 obj/usart0_driver_atmega1284p.o
                0x00000000000044a2                usart0_driver_wait_for_tx
 .text.usart0_driver_stop_tx
                0x00000000000044a4        0xe obj/usart0_driver_atmega1284p.o
                0x00000000000044a4                usart0_driver_stop_tx
 .text.usart0_driver_clear_rx_buffer
                0x00000000000044b2        0x8 obj/usart0_driver_atmega1284p.o
                0x00000000000044b2                usart0_driver_clear_rx_buffer
 .text.usart0_driver_clear_tx_buffer
                0x00000000000044ba        0x8 obj/usart0_driver_atmega1284p.o
                0x00000000000044ba                usart0_driver_clear_tx_buffer
 .text.usart0_driver_set_address
                0x00000000000044c2        0x2 obj/usart0_driver_atmega1284p.o
                0x00000000000044c2                usart0_driver_set_address
 .text.usart0_driver_mutex_request
                0x00000000000044c4        0x4 obj/usart0_driver_atmega1284p.o
                0x00000000000044c4                usart0_driver_mutex_request
 .text.usart0_driver_mutex_release
                0x00000000000044c8        0x2 obj/usart0_driver_atmega1284p.o
                0x00000000000044c8                usart0_driver_mutex_release
 .text.__vector_22
                0x00000000000044ca       0x68 obj/usart0_driver_atmega1284p.o
                0x00000000000044ca                __vector_22
 .text.__vector_20
                0x0000000000004532       0x86 obj/usart0_driver_atmega1284p.o
                0x0000000000004532                __vector_20
 .text.usart1_driver_initialize
                0x00000000000045b8        0x2 obj/usart1_driver_atmega1284p.o
                0x00000000000045b8                usart1_driver_initialize
 .text.usart1_driver_configure
                0x00000000000045ba       0xde obj/usart1_driver_atmega1284p.o
                0x00000000000045ba                usart1_driver_configure
 .text.usart1_driver_power_off
                0x0000000000004698       0x10 obj/usart1_driver_atmega1284p.o
                0x0000000000004698                usart1_driver_power_off
 .text.usart1_driver_bytes_available
                0x00000000000046a8        0x8 obj/usart1_driver_atmega1284p.o
                0x00000000000046a8                usart1_driver_bytes_available
 .text.usart1_driver_get_N_bytes
                0x00000000000046b0       0x46 obj/usart1_driver_atmega1284p.o
                0x00000000000046b0                usart1_driver_get_N_bytes
 .text.usart1_driver_set_N_bytes
                0x00000000000046f6       0x3c obj/usart1_driver_atmega1284p.o
                0x00000000000046f6                usart1_driver_set_N_bytes
 .text.usart1_driver_is_ready_for_rx
                0x0000000000004732        0x4 obj/usart1_driver_atmega1284p.o
                0x0000000000004732                usart1_driver_is_ready_for_rx
 .text.usart1_driver_start_rx
                0x0000000000004736       0x18 obj/usart1_driver_atmega1284p.o
                0x0000000000004736                usart1_driver_start_rx
 .text.usart1_driver_wait_for_rx
                0x000000000000474e        0x2 obj/usart1_driver_atmega1284p.o
                0x000000000000474e                usart1_driver_wait_for_rx
 .text.usart1_driver_stop_rx
                0x0000000000004750        0xc obj/usart1_driver_atmega1284p.o
                0x0000000000004750                usart1_driver_stop_rx
 .text.usart1_driver_is_ready_for_tx
                0x000000000000475c        0xc obj/usart1_driver_atmega1284p.o
                0x000000000000475c                usart1_driver_is_ready_for_tx
 .text.usart1_driver_start_tx
                0x0000000000004768       0x38 obj/usart1_driver_atmega1284p.o
                0x0000000000004768                usart1_driver_start_tx
 .text.usart1_driver_wait_for_tx
                0x00000000000047a0        0x2 obj/usart1_driver_atmega1284p.o
                0x00000000000047a0                usart1_driver_wait_for_tx
 .text.usart1_driver_stop_tx
                0x00000000000047a2        0xe obj/usart1_driver_atmega1284p.o
                0x00000000000047a2                usart1_driver_stop_tx
 .text.usart1_driver_clear_rx_buffer
                0x00000000000047b0        0x8 obj/usart1_driver_atmega1284p.o
                0x00000000000047b0                usart1_driver_clear_rx_buffer
 .text.usart1_driver_clear_tx_buffer
                0x00000000000047b8        0x8 obj/usart1_driver_atmega1284p.o
                0x00000000000047b8                usart1_driver_clear_tx_buffer
 .text.usart1_driver_set_address
                0x00000000000047c0        0x2 obj/usart1_driver_atmega1284p.o
                0x00000000000047c0                usart1_driver_set_address
 .text.usart1_driver_mutex_request
                0x00000000000047c2        0x4 obj/usart1_driver_atmega1284p.o
                0x00000000000047c2                usart1_driver_mutex_request
 .text.usart1_driver_mutex_release
                0x00000000000047c6        0x2 obj/usart1_driver_atmega1284p.o
                0x00000000000047c6                usart1_driver_mutex_release
 .text.__vector_30
                0x00000000000047c8       0x68 obj/usart1_driver_atmega1284p.o
                0x00000000000047c8                __vector_30
 .text.__vector_28
                0x0000000000004830       0x86 obj/usart1_driver_atmega1284p.o
                0x0000000000004830                __vector_28
 .text.sensor_initialization
                0x00000000000048b6       0x22 obj/sensor_initialization.o
                0x00000000000048b6                sensor_initialization
 .text.extern_input_01_init
                0x00000000000048d8        0x8 obj/button_initialization.o
                0x00000000000048d8                extern_input_01_init
 .text.extern_input_02_init
                0x00000000000048e0        0x8 obj/button_initialization.o
                0x00000000000048e0                extern_input_02_init
 .text.extern_input_03_init
                0x00000000000048e8        0x8 obj/button_initialization.o
                0x00000000000048e8                extern_input_03_init
 .text.extern_input_04_init
                0x00000000000048f0        0x8 obj/button_initialization.o
                0x00000000000048f0                extern_input_04_init
 .text.button_initialization
                0x00000000000048f8        0xc obj/button_initialization.o
                0x00000000000048f8                button_initialization
 .text.extern_output_01_init
                0x0000000000004904        0xe obj/output_initialization.o
                0x0000000000004904                extern_output_01_init
 .text.extern_output_02_init
                0x0000000000004912        0xe obj/output_initialization.o
                0x0000000000004912                extern_output_02_init
 .text.extern_output_03_init
                0x0000000000004920        0xe obj/output_initialization.o
                0x0000000000004920                extern_output_03_init
 .text.extern_output_04_init
                0x000000000000492e        0xe obj/output_initialization.o
                0x000000000000492e                extern_output_04_init
 .text.output_initialization
                0x000000000000493c        0x8 obj/output_initialization.o
                0x000000000000493c                output_initialization
 .text.protocol_initialization
                0x0000000000004944        0xc obj/protocol_initialization.o
                0x0000000000004944                protocol_initialization
 .text.command_initialization
                0x0000000000004950        0x8 obj/command_initialization.o
                0x0000000000004950                command_initialization
 .text.task_initialization
                0x0000000000004958       0x34 obj/task_initialization.o
                0x0000000000004958                task_initialization
 .text.system_initialization
                0x000000000000498c       0x4e obj/system_initialization.o
                0x000000000000498c                system_initialization
 .text.POWER_UNIT_5V_init
                0x00000000000049da       0x14 obj/power_initialization.o
                0x00000000000049da                POWER_UNIT_5V_init
 .text.POWER_UNIT_5V_is_on
                0x00000000000049ee        0x8 obj/power_initialization.o
                0x00000000000049ee                POWER_UNIT_5V_is_on
 .text.POWER_UNIT_5V_request
                0x00000000000049f6        0x8 obj/power_initialization.o
                0x00000000000049f6                POWER_UNIT_5V_request
 .text.POWER_UNIT_5V_release
                0x00000000000049fe        0x8 obj/power_initialization.o
                0x00000000000049fe                POWER_UNIT_5V_release
 .text.power_initialization
                0x0000000000004a06        0x4 obj/power_initialization.o
                0x0000000000004a06                power_initialization
 .text.initialization
                0x0000000000004a0a       0x26 obj/initialization.o
                0x0000000000004a0a                initialization
 .text.libgcc   0x0000000000004a30       0x12 /usr/local/Cellar/avr-gcc/9.3.0/lib/avr-gcc/9/gcc/avr/9.3.0/avr51/libgcc.a(_tablejump2.o)
                0x0000000000004a30                __tablejump2__
 .text.libgcc.mul
                0x0000000000004a42       0x1e /usr/local/Cellar/avr-gcc/9.3.0/lib/avr-gcc/9/gcc/avr/9.3.0/avr51/libgcc.a(_umulhisi3.o)
                0x0000000000004a42                __umulhisi3
 .text.libgcc.prologue
                0x0000000000004a60       0x38 /usr/local/Cellar/avr-gcc/9.3.0/lib/avr-gcc/9/gcc/avr/9.3.0/avr51/libgcc.a(_prologue.o)
                0x0000000000004a60                __prologue_saves__
 .text.libgcc.prologue
                0x0000000000004a98       0x36 /usr/local/Cellar/avr-gcc/9.3.0/lib/avr-gcc/9/gcc/avr/9.3.0/avr51/libgcc.a(_epilogue.o)
                0x0000000000004a98                __epilogue_restores__
                0x0000000000004ace                . = ALIGN (0x2)
 *(.fini9)
 .fini9         0x0000000000004ace        0x0 /usr/local/Cellar/avr-gcc/9.3.0/lib/avr-gcc/9/gcc/avr/9.3.0/avr51/libgcc.a(_exit.o)
                0x0000000000004ace                exit
                0x0000000000004ace                _exit
 *(.fini9)
 *(.fini8)
 *(.fini8)
 *(.fini7)
 *(.fini7)
 *(.fini6)
 *(.fini6)
 *(.fini5)
 *(.fini5)
 *(.fini4)
 *(.fini4)
 *(.fini3)
 *(.fini3)
 *(.fini2)
 *(.fini2)
 *(.fini1)
 *(.fini1)
 *(.fini0)
 .fini0         0x0000000000004ace        0x4 /usr/local/Cellar/avr-gcc/9.3.0/lib/avr-gcc/9/gcc/avr/9.3.0/avr51/libgcc.a(_exit.o)
 *(.fini0)
 *(.hightext)
 *(.hightext*)
 *(.progmemx.*)
                0x0000000000004ad2                . = ALIGN (0x2)
 *(.jumptables)
 *(.jumptables*)
 .jumptables.gcc.copro_routing_task_run
                0x0000000000004ad2        0xe obj/copro_routing_mcu_task.o
 .jumptables.gcc.local_ads1115_mcu_task_run
                0x0000000000004ae0       0x10 obj/local_ads1115_mcu_task.o
                0x0000000000004af0                _etext = .

.data           0x0000000000800100      0x46e load address 0x0000000000004af0
                0x0000000000800100                PROVIDE (__data_start = .)
 *(.data)
 .data          0x0000000000800100       0x40 obj/board_180920.o
                0x0000000000800100                p_pin_GPIO_PORT_D_GPIO_PIN_7
                0x0000000000800102                p_pin_GPIO_PORT_D_GPIO_PIN_6
                0x0000000000800104                p_pin_GPIO_PORT_D_GPIO_PIN_5
                0x0000000000800106                p_pin_GPIO_PORT_D_GPIO_PIN_4
                0x0000000000800108                p_pin_GPIO_PORT_D_GPIO_PIN_3
                0x000000000080010a                p_pin_GPIO_PORT_D_GPIO_PIN_2
                0x000000000080010c                p_pin_GPIO_PORT_D_GPIO_PIN_1
                0x000000000080010e                p_pin_GPIO_PORT_D_GPIO_PIN_0
                0x0000000000800110                p_pin_GPIO_PORT_C_GPIO_PIN_7
                0x0000000000800112                p_pin_GPIO_PORT_C_GPIO_PIN_6
                0x0000000000800114                p_pin_GPIO_PORT_C_GPIO_PIN_5
                0x0000000000800116                p_pin_GPIO_PORT_C_GPIO_PIN_4
                0x0000000000800118                p_pin_GPIO_PORT_C_GPIO_PIN_3
                0x000000000080011a                p_pin_GPIO_PORT_C_GPIO_PIN_2
                0x000000000080011c                p_pin_GPIO_PORT_C_GPIO_PIN_1
                0x000000000080011e                p_pin_GPIO_PORT_C_GPIO_PIN_0
                0x0000000000800120                p_pin_GPIO_PORT_B_GPIO_PIN_7
                0x0000000000800122                p_pin_GPIO_PORT_B_GPIO_PIN_6
                0x0000000000800124                p_pin_GPIO_PORT_B_GPIO_PIN_5
                0x0000000000800126                p_pin_GPIO_PORT_B_GPIO_PIN_4
                0x0000000000800128                p_pin_GPIO_PORT_B_GPIO_PIN_3
                0x000000000080012a                p_pin_GPIO_PORT_B_GPIO_PIN_2
                0x000000000080012c                p_pin_GPIO_PORT_B_GPIO_PIN_1
                0x000000000080012e                p_pin_GPIO_PORT_B_GPIO_PIN_0
                0x0000000000800130                p_pin_GPIO_PORT_A_GPIO_PIN_7
                0x0000000000800132                p_pin_GPIO_PORT_A_GPIO_PIN_6
                0x0000000000800134                p_pin_GPIO_PORT_A_GPIO_PIN_5
                0x0000000000800136                p_pin_GPIO_PORT_A_GPIO_PIN_4
                0x0000000000800138                p_pin_GPIO_PORT_A_GPIO_PIN_3
                0x000000000080013a                p_pin_GPIO_PORT_A_GPIO_PIN_2
                0x000000000080013c                p_pin_GPIO_PORT_A_GPIO_PIN_1
                0x000000000080013e                p_pin_GPIO_PORT_A_GPIO_PIN_0
 .data          0x0000000000800140       0x9c obj/system_interface.o
 .data          0x00000000008001dc        0x5 obj/mcu_task_controller.o
 .data          0x00000000008001e1        0x2 obj/local_ads1115_mcu_task.o
 .data          0x00000000008001e3        0xb obj/local_sht31_mcu_task.o
 .data          0x00000000008001ee       0x4a obj/copro.o
 .data          0x0000000000800238        0x5 obj/light_resistor_gm5528.o
 .data          0x000000000080023d       0x55 obj/rpi_protocol_handler_client.o
 .data          0x0000000000800292       0x19 obj/command_controller.o
 .data          0x00000000008002ab       0x14 obj/rpi_command_handler.o
 .data          0x00000000008002bf       0x21 obj/rpi_command_handler_table.o
                0x00000000008002bf                rpi_cmd_handler_table
 .data          0x00000000008002e0       0x16 obj/i2c0_driver_atmega1284p.o
 .data          0x00000000008002f6       0x16 obj/spi0_driver_atmega1284p.o
 .data          0x000000000080030c       0x16 obj/usart0_driver_atmega1284p.o
 .data          0x0000000000800322       0x16 obj/usart1_driver_atmega1284p.o
 .data          0x0000000000800338       0x44 obj/button_initialization.o
 .data          0x000000000080037c       0x5c obj/output_initialization.o
 .data          0x00000000008003d8       0x96 obj/task_initialization.o
 *(.data*)
 *(.gnu.linkonce.d*)
 *(.rodata)
 .rodata        0x000000000080046e       0x60 obj/board_180920.o
                0x000000000080046e                READY_INOUT
                0x0000000000800471                TRACE_OUT
                0x0000000000800474                MCU_PIN_14
                0x0000000000800477                MASTER_SPI_CLK
                0x000000000080047a                UART1_TX
                0x000000000080047d                UART1_RX
                0x0000000000800480                UART0_TX
                0x0000000000800483                UART0_RX
                0x0000000000800486                MCU_PIN_26
                0x0000000000800489                MCU_PIN_25
                0x000000000080048c                MCU_PIN_24
                0x000000000080048f                MCU_PIN_23
                0x0000000000800492                EXT_RESET
                0x0000000000800495                EXT_POWER_02
                0x0000000000800498                I2C_SDA
                0x000000000080049b                I2C_SCL
                0x000000000080049e                SPI0_SCK
                0x00000000008004a1                SPI0_MISO
                0x00000000008004a4                SPI0_MOSI
                0x00000000008004a7                SPI0_CE
                0x00000000008004aa                EXTERN_INPUT_04
                0x00000000008004ad                EXTERN_INPUT_03
                0x00000000008004b0                EXTERN_INPUT_02
                0x00000000008004b3                EXTERN_INPUT_01
                0x00000000008004b6                MCU_PIN_30
                0x00000000008004b9                MCU_PIN_31
                0x00000000008004bc                EXT_POWER_01
                0x00000000008004bf                EVENT_OUTPUT
                0x00000000008004c2                EXTERN_OUTPUT_01
                0x00000000008004c5                EXTERN_OUTPUT_02
                0x00000000008004c8                EXTERN_OUTPUT_03
                0x00000000008004cb                EXTERN_OUTPUT_04
 .rodata        0x00000000008004ce       0x2a obj/system_interface.o
                0x00000000008004ce                i_system
 .rodata        0x00000000008004f8        0x4 obj/local_ads1115_mcu_task.o
 .rodata        0x00000000008004fc       0x28 obj/copro.o
                0x00000000008004fc                COPRO1
 .rodata        0x0000000000800524       0x4a obj/rpi_protocol_handler_client.o
 *(.rodata*)
 *(.gnu.linkonce.r*)
                0x000000000080056e                . = ALIGN (0x2)
                0x000000000080056e                _edata = .
                0x000000000080056e                PROVIDE (__data_end = .)

.bss            0x000000000080056e      0x77a
                0x000000000080056e                PROVIDE (__bss_start = .)
 *(.bss)
 .bss           0x000000000080056e        0x1 obj/signal_slot_interface.o
 .bss           0x000000000080056f        0x4 obj/mcu_task_controller.o
 .bss           0x0000000000800573       0x39 obj/local_event_task.o
 .bss           0x00000000008005ac       0x2b obj/copro_routing_mcu_task.o
 .bss           0x00000000008005d7       0x5a obj/local_ads1115_mcu_task.o
 .bss           0x0000000000800631      0x11b obj/local_sht31_mcu_task.o
 .bss           0x000000000080074c        0x6 obj/copro.o
 .bss           0x0000000000800752       0x6f obj/light_resistor_gm5528.o
 .bss           0x00000000008007c1       0xae obj/rpi_protocol_handler_client.o
                0x00000000008007c1                driver_mutex_id
 .bss           0x000000000080086f        0x5 obj/io_output_controller.o
 .bss           0x0000000000800874        0x7 obj/io_input_controller.o
 .bss           0x000000000080087b        0x6 obj/command_controller.o
 .bss           0x0000000000800881        0x6 obj/rpi_command_handler.o
 .bss           0x0000000000800887        0x4 obj/rpi_cmd_handler_routing.o
 .bss           0x000000000080088b        0x5 obj/rtc_driver_atmega1284p.o
 .bss           0x0000000000800890      0x10b obj/i2c0_driver_atmega1284p.o
 .bss           0x000000000080099b      0x109 obj/spi0_driver_atmega1284p.o
 .bss           0x0000000000800aa4      0x102 obj/usart0_driver_atmega1284p.o
 .bss           0x0000000000800ba6      0x102 obj/usart1_driver_atmega1284p.o
 .bss           0x0000000000800ca8        0xc obj/power_initialization.o
 *(.bss*)
 *(COMMON)
 COMMON         0x0000000000800cb4        0x3 obj/i2c0_driver_status.o
                0x0000000000800cb4                __I2C0_STATUS_module_status
 COMMON         0x0000000000800cb7        0x2 obj/usart0_driver_atmega1284p.o
                0x0000000000800cb7                __local_usart_status_module_status
 COMMON         0x0000000000800cb9        0x2 obj/usart1_driver_atmega1284p.o
                0x0000000000800cb9                __usart1_status_module_status
 COMMON         0x0000000000800cbb       0x2d obj/initialization.o
                0x0000000000800cbb                system_context
                0x0000000000800ce8                PROVIDE (__bss_end = .)