Archive member included to satisfy reference by file (symbol)

/usr/lib/gcc/avr/5.4.0/avr51/libgcc.a(_exit.o)
                              /usr/lib/gcc/avr/5.4.0/../../../avr/lib/avr51/crtatmega1284p.o (exit)
/usr/lib/gcc/avr/5.4.0/avr51/libgcc.a(_tablejump2.o)
                              obj/copro_routing_mcu_task.o (__tablejump2__)
/usr/lib/gcc/avr/5.4.0/avr51/libgcc.a(_copy_data.o)
                              obj/board_180920.o (__do_copy_data)
/usr/lib/gcc/avr/5.4.0/avr51/libgcc.a(_clear_bss.o)
                              obj/signal_slot_interface.o (__do_clear_bss)
/usr/lib/gcc/avr/5.4.0/avr51/libgcc.a(_umulhisi3.o)
                              obj/local_sht31_mcu_task.o (__umulhisi3)
/usr/lib/gcc/avr/5.4.0/avr51/libgcc.a(_prologue.o)
                              obj/local_msg_buffer.o (__prologue_saves__)
/usr/lib/gcc/avr/5.4.0/avr51/libgcc.a(_epilogue.o)
                              obj/local_msg_buffer.o (__epilogue_restores__)

Allocating common symbols
Common symbol       size              file

__usart1_status_module_status
                    0x2               obj/usart1_driver_atmega1284p.o
__local_usart_status_module_status
                    0x2               obj/usart0_driver_atmega1284p.o
__I2C0_STATUS_module_status
                    0x3               obj/i2c0_driver_status.o
system_context      0x2d              obj/initialization.o

Discarded input sections

 .data          0x00000000        0x0 /usr/lib/gcc/avr/5.4.0/../../../avr/lib/avr51/crtatmega1284p.o
 .bss           0x00000000        0x0 /usr/lib/gcc/avr/5.4.0/../../../avr/lib/avr51/crtatmega1284p.o
 .text          0x00000000        0x0 obj/main_rpi_hat.o
 .data          0x00000000        0x0 obj/main_rpi_hat.o
 .bss           0x00000000        0x0 obj/main_rpi_hat.o
 .text.task_yield
                0x00000000        0x6 obj/main_rpi_hat.o
 .text          0x00000000        0x0 obj/board_180920.o
 .bss           0x00000000        0x0 obj/board_180920.o
 .text.EXTERN_OUTPUT_04_drive_high
                0x00000000       0x16 obj/board_180920.o
 .text.EXTERN_OUTPUT_04_drive_low
                0x00000000       0x16 obj/board_180920.o
 .text.EXTERN_OUTPUT_04_toggle_level
                0x00000000        0xa obj/board_180920.o
 .text.EXTERN_OUTPUT_04_pull_up
                0x00000000       0x16 obj/board_180920.o
 .text.EXTERN_OUTPUT_04_pull_down
                0x00000000       0x16 obj/board_180920.o
 .text.EXTERN_OUTPUT_04_no_pull
                0x00000000       0x16 obj/board_180920.o
 .text.EXTERN_OUTPUT_04_no_drive
                0x00000000        0x6 obj/board_180920.o
 .text.EXTERN_OUTPUT_04_is_high_level
                0x00000000       0x14 obj/board_180920.o
 .text.EXTERN_OUTPUT_04_is_low_level
                0x00000000       0x12 obj/board_180920.o
 .text.EXTERN_OUTPUT_04_print_state
                0x00000000        0xa obj/board_180920.o
 .text.EXTERN_OUTPUT_03_drive_high
                0x00000000       0x16 obj/board_180920.o
 .text.EXTERN_OUTPUT_03_drive_low
                0x00000000       0x16 obj/board_180920.o
 .text.EXTERN_OUTPUT_03_toggle_level
                0x00000000        0xa obj/board_180920.o
 .text.EXTERN_OUTPUT_03_pull_up
                0x00000000       0x16 obj/board_180920.o
 .text.EXTERN_OUTPUT_03_pull_down
                0x00000000       0x16 obj/board_180920.o
 .text.EXTERN_OUTPUT_03_no_pull
                0x00000000       0x16 obj/board_180920.o
 .text.EXTERN_OUTPUT_03_no_drive
                0x00000000        0x6 obj/board_180920.o
 .text.EXTERN_OUTPUT_03_is_high_level
                0x00000000       0x14 obj/board_180920.o
 .text.EXTERN_OUTPUT_03_is_low_level
                0x00000000       0x12 obj/board_180920.o
 .text.EXTERN_OUTPUT_03_print_state
                0x00000000        0xa obj/board_180920.o
 .text.EXTERN_OUTPUT_02_drive_high
                0x00000000       0x16 obj/board_180920.o
 .text.EXTERN_OUTPUT_02_drive_low
                0x00000000       0x16 obj/board_180920.o
 .text.EXTERN_OUTPUT_02_toggle_level
                0x00000000        0xa obj/board_180920.o
 .text.EXTERN_OUTPUT_02_pull_up
                0x00000000       0x16 obj/board_180920.o
 .text.EXTERN_OUTPUT_02_pull_down
                0x00000000       0x16 obj/board_180920.o
 .text.EXTERN_OUTPUT_02_no_pull
                0x00000000       0x16 obj/board_180920.o
 .text.EXTERN_OUTPUT_02_no_drive
                0x00000000        0x6 obj/board_180920.o
 .text.EXTERN_OUTPUT_02_is_high_level
                0x00000000       0x14 obj/board_180920.o
 .text.EXTERN_OUTPUT_02_is_low_level
                0x00000000       0x12 obj/board_180920.o
 .text.EXTERN_OUTPUT_02_print_state
                0x00000000        0xa obj/board_180920.o
 .text.EXTERN_OUTPUT_01_drive_high
                0x00000000       0x16 obj/board_180920.o
 .text.EXTERN_OUTPUT_01_drive_low
                0x00000000       0x16 obj/board_180920.o
 .text.EXTERN_OUTPUT_01_toggle_level
[...]
Memory Configuration

Name             Origin             Length             Attributes
text             0x00000000         0x00020000         xr
data             0x00800100         0x0000ff00         rw !x
eeprom           0x00810000         0x00010000         rw !x
fuse             0x00820000         0x00000003         rw !x
lock             0x00830000         0x00000400         rw !x
signature        0x00840000         0x00000400         rw !x
user_signatures  0x00850000         0x00000400         rw !x
*default*        0x00000000         0xffffffff

Linker script and memory map

Address of section .data set to 0x800100
LOAD /usr/lib/gcc/avr/5.4.0/../../../avr/lib/avr51/crtatmega1284p.o
LOAD obj/main_rpi_hat.o
LOAD obj/board_180920.o
LOAD obj/local_module_status.o
LOAD obj/local_mutex.o
LOAD obj/local_progmem_load.o
LOAD obj/local_data_storage_array.o
LOAD obj/local_msg_buffer.o
LOAD obj/signal_slot_interface.o
LOAD obj/math_module.o
LOAD obj/common_tools_number.o
LOAD obj/specific.o
LOAD obj/system_interface.o
LOAD obj/tracer.o
LOAD obj/time_management.o
LOAD obj/mcu_task_controller.o
LOAD obj/mcu_idle_task.o
LOAD obj/local_event_task.o
LOAD obj/copro_routing_mcu_task.o
LOAD obj/local_ads1115_mcu_task.o
LOAD obj/local_sht31_mcu_task.o
LOAD obj/driver_PCA9670.o
LOAD obj/copro.o
LOAD obj/light_resistor_gm5528.o
LOAD obj/rpi_protocol_handler_client.o
LOAD obj/power_management.o
LOAD obj/io_output_controller.o
LOAD obj/io_input_controller.o
LOAD obj/command_controller.o
LOAD obj/rpi_command_handler.o
LOAD obj/rpi_command_handler_table.o
LOAD obj/rpi_cmd_handler_system.o
LOAD obj/rpi_cmd_handler_io.o
LOAD obj/rpi_cmd_handler_sensor.o
LOAD obj/rpi_cmd_handler_routing.o
LOAD obj/rtc_driver_atmega1284p.o
LOAD obj/clock_driver_atmega1284p.o
LOAD obj/gpio_driver_atmega1284p.o
LOAD obj/i2c0_driver_status.o
LOAD obj/i2c0_driver_atmega1284p.o
LOAD obj/spi0_driver_atmega1284p.o
LOAD obj/usart0_driver_atmega1284p.o
LOAD obj/usart1_driver_atmega1284p.o
LOAD obj/sensor_initialization.o
LOAD obj/button_initialization.o
LOAD obj/output_initialization.o
LOAD obj/protocol_initialization.o
LOAD obj/command_initialization.o
LOAD obj/task_initialization.o
LOAD obj/system_initialization.o
LOAD obj/power_initialization.o
LOAD obj/initialization.o
START GROUP
LOAD /usr/lib/gcc/avr/5.4.0/avr51/libgcc.a
LOAD /usr/lib/gcc/avr/5.4.0/../../../avr/lib/avr51/libm.a
LOAD /usr/lib/gcc/avr/5.4.0/../../../avr/lib/avr51/libc.a
LOAD /usr/lib/gcc/avr/5.4.0/../../../avr/lib/avr51/libatmega1284p.a
END GROUP
                0x00020000                __TEXT_REGION_LENGTH__ = DEFINED (__TEXT_REGION_LENGTH__)?__TEXT_REGION_LENGTH__:0x20000
                0x0000ff00                __DATA_REGION_LENGTH__ = DEFINED (__DATA_REGION_LENGTH__)?__DATA_REGION_LENGTH__:0xff00
                0x00010000                __EEPROM_REGION_LENGTH__ = DEFINED (__EEPROM_REGION_LENGTH__)?__EEPROM_REGION_LENGTH__:0x10000
                [0x00000003]                __FUSE_REGION_LENGTH__ = DEFINED (__FUSE_REGION_LENGTH__)?__FUSE_REGION_LENGTH__:0x400
                0x00000400                __LOCK_REGION_LENGTH__ = DEFINED (__LOCK_REGION_LENGTH__)?__LOCK_REGION_LENGTH__:0x400
                0x00000400                __SIGNATURE_REGION_LENGTH__ = DEFINED (__SIGNATURE_REGION_LENGTH__)?__SIGNATURE_REGION_LENGTH__:0x400
                0x00000400                __USER_SIGNATURE_REGION_LENGTH__ = DEFINED (__USER_SIGNATURE_REGION_LENGTH__)?__USER_SIGNATURE_REGION_LENGTH__:0x400

.hash
 *(.hash)

.dynsym
 *(.dynsym)

.dynstr
 *(.dynstr)

.gnu.version
 *(.gnu.version)

.gnu.version_d
 *(.gnu.version_d)

.gnu.version_r
 *(.gnu.version_r)

.rel.init
 *(.rel.init)

.rela.init
 *(.rela.init)

.rel.text
 *(.rel.text)
 *(.rel.text.*)
 *(.rel.gnu.linkonce.t*)

.rela.text
 *(.rela.text)
 *(.rela.text.*)
 *(.rela.gnu.linkonce.t*)

.rel.fini
 *(.rel.fini)

.rela.fini
 *(.rela.fini)

.rel.rodata
 *(.rel.rodata)
 *(.rel.rodata.*)
 *(.rel.gnu.linkonce.r*)

.rela.rodata
 *(.rela.rodata)
 *(.rela.rodata.*)
 *(.rela.gnu.linkonce.r*)

.rel.data
 *(.rel.data)
 *(.rel.data.*)
 *(.rel.gnu.linkonce.d*)

.rela.data
 *(.rela.data)
 *(.rela.data.*)
 *(.rela.gnu.linkonce.d*)

.rel.ctors
 *(.rel.ctors)

.rela.ctors
 *(.rela.ctors)

.rel.dtors
 *(.rel.dtors)

.rela.dtors
 *(.rela.dtors)

.rel.got
 *(.rel.got)

.rela.got
 *(.rela.got)

.rel.bss
 *(.rel.bss)

.rela.bss
 *(.rela.bss)

.rel.plt
 *(.rel.plt)

.rela.plt
 *(.rela.plt)

.text           0x00000000     0x48ae
 *(.vectors)
 .vectors       0x00000000       0x8c /usr/lib/gcc/avr/5.4.0/../../../avr/lib/avr51/crtatmega1284p.o
                0x00000000                __vectors
                0x00000000                __vector_default
 *(.vectors)
 *(.progmem.gcc*)
 .progmem.gcc_sw_table.copro_routing_task_run
                0x0000008c        0xe obj/copro_routing_mcu_task.o
 .progmem.gcc_sw_table.local_ads1115_mcu_task_run
                0x0000009a       0x10 obj/local_ads1115_mcu_task.o
                0x000000aa                . = ALIGN (0x2)
                0x000000aa                __trampolines_start = .
 *(.trampolines)
 .trampolines   0x000000aa        0x0 linker stubs
 *(.trampolines*)
                0x000000aa                __trampolines_end = .
 *libprintf_flt.a:*(.progmem.data)
 *libc.a:*(.progmem.data)
 *(.progmem*)
                0x000000aa                . = ALIGN (0x2)
 *(.jumptables)
 *(.jumptables*)
 *(.lowtext)
 *(.lowtext*)
                0x000000aa                __ctors_start = .
 *(.ctors)
                0x000000aa                __ctors_end = .
                0x000000aa                __dtors_start = .
 *(.dtors)
                0x000000aa                __dtors_end = .
 SORT(*)(.ctors)
 SORT(*)(.dtors)
 *(.init0)
 .init0         0x000000aa        0x0 /usr/lib/gcc/avr/5.4.0/../../../avr/lib/avr51/crtatmega1284p.o
                0x000000aa                __init
 *(.init0)
 *(.init1)
 *(.init1)
 *(.init2)
 .init2         0x000000aa        0xc /usr/lib/gcc/avr/5.4.0/../../../avr/lib/avr51/crtatmega1284p.o
 *(.init2)
 *(.init3)
 *(.init3)
 *(.init4)
 .init4         0x000000b6       0x1a /usr/lib/gcc/avr/5.4.0/avr51/libgcc.a(_copy_data.o)
                0x000000b6                __do_copy_data
 .init4         0x000000d0       0x10 /usr/lib/gcc/avr/5.4.0/avr51/libgcc.a(_clear_bss.o)
                0x000000d0                __do_clear_bss
 *(.init4)
 *(.init5)
 *(.init5)
 *(.init6)
 *(.init6)
 *(.init7)
 *(.init7)
 *(.init8)
 *(.init8)
 *(.init9)
 .init9         0x000000e0        0x6 /usr/lib/gcc/avr/5.4.0/../../../avr/lib/avr51/crtatmega1284p.o
 *(.init9)
 *(.text)
 .text          0x000000e6        0x2 /usr/lib/gcc/avr/5.4.0/../../../avr/lib/avr51/crtatmega1284p.o
                0x000000e6                __vector_1
                0x000000e6                __vector_32
                0x000000e6                __vector_34
                0x000000e6                __vector_24
                0x000000e6                __vector_12
                0x000000e6                __bad_interrupt
                0x000000e6                __vector_6
                0x000000e6                __vector_31
                0x000000e6                __vector_3
                0x000000e6                __vector_23
                0x000000e6                __vector_25
                0x000000e6                __vector_11
                0x000000e6                __vector_13
                0x000000e6                __vector_17
                0x000000e6                __vector_7
                0x000000e6                __vector_27
                0x000000e6                __vector_5
                0x000000e6                __vector_33
                0x000000e6                __vector_4
                0x000000e6                __vector_2
                0x000000e6                __vector_21
                0x000000e6                __vector_15
                0x000000e6                __vector_29
                0x000000e6                __vector_8
                0x000000e6                __vector_14
                0x000000e6                __vector_10
                0x000000e6                __vector_16
                0x000000e6                __vector_18
                0x000000e8                . = ALIGN (0x2)
 *(.text.*)
 .text.main_init
                0x000000e8        0xa obj/main_rpi_hat.o
                0x000000e8                main_init
 .text.startup.main
                0x000000f2        0xa obj/main_rpi_hat.o
                0x000000f2                main
 .text.EVENT_OUTPUT_drive_high
                0x000000fc       0x14 obj/board_180920.o
                0x000000fc                EVENT_OUTPUT_drive_high
 .text.EVENT_OUTPUT_drive_low
                0x00000110       0x14 obj/board_180920.o
                0x00000110                EVENT_OUTPUT_drive_low
 .text.EXT_POWER_01_drive_high
                0x00000124       0x14 obj/board_180920.o
                0x00000124                EXT_POWER_01_drive_high
 .text.EXT_POWER_01_drive_low
                0x00000138       0x14 obj/board_180920.o
                0x00000138                EXT_POWER_01_drive_low
 .text.SPI0_CE_drive_high
                0x0000014c       0x14 obj/board_180920.o
                0x0000014c                SPI0_CE_drive_high
 .text.SPI0_CE_pull_up
                0x00000160       0x14 obj/board_180920.o
                0x00000160                SPI0_CE_pull_up
 .text.SPI0_CE_is_low_level
                0x00000174       0x12 obj/board_180920.o
                0x00000174                SPI0_CE_is_low_level
 .text.SPI0_MOSI_no_pull
                0x00000186       0x14 obj/board_180920.o
                0x00000186                SPI0_MOSI_no_pull
 .text.SPI0_MOSI_no_drive
                0x0000019a        0x4 obj/board_180920.o
                0x0000019a                SPI0_MOSI_no_drive
 .text.SPI0_MISO_drive_low
                0x0000019e       0x14 obj/board_180920.o
                0x0000019e                SPI0_MISO_drive_low
 .text.SPI0_MISO_no_pull
                0x000001b2       0x14 obj/board_180920.o
                0x000001b2                SPI0_MISO_no_pull
 .text.SPI0_SCK_pull_up
                0x000001c6       0x14 obj/board_180920.o
                0x000001c6                SPI0_SCK_pull_up
 .text.I2C_SCL_drive_high
                0x000001da       0x14 obj/board_180920.o
                0x000001da                I2C_SCL_drive_high
 .text.I2C_SCL_pull_up
                0x000001ee       0x14 obj/board_180920.o
                0x000001ee                I2C_SCL_pull_up
 .text.I2C_SCL_no_pull
                0x00000202       0x14 obj/board_180920.o
                0x00000202                I2C_SCL_no_pull
 .text.I2C_SDA_drive_high
                0x00000216       0x14 obj/board_180920.o
                0x00000216                I2C_SDA_drive_high
 .text.I2C_SDA_pull_up
                0x0000022a       0x14 obj/board_180920.o
                0x0000022a                I2C_SDA_pull_up
 .text.I2C_SDA_no_pull
                0x0000023e       0x14 obj/board_180920.o
                0x0000023e                I2C_SDA_no_pull
 .text.READY_INOUT_drive_low
                0x00000252       0x14 obj/board_180920.o
                0x00000252                READY_INOUT_drive_low
 .text.READY_INOUT_pull_up
                0x00000266       0x14 obj/board_180920.o
                0x00000266                READY_INOUT_pull_up
 .text.READY_INOUT_is_high_level
                0x0000027a       0x14 obj/board_180920.o
                0x0000027a                READY_INOUT_is_high_level
 .text.READY_INOUT_is_low_level
                0x0000028e       0x12 obj/board_180920.o
                0x0000028e                READY_INOUT_is_low_level
 .text.module_status_set_u16
                0x000002a0       0x10 obj/local_module_status.o
                0x000002a0                module_status_set_u16
 .text.module_status_isset_u16
                0x000002b0       0x18 obj/local_module_status.o
                0x000002b0                module_status_isset_u16
 .text.module_status_unset_u16
                0x000002c8       0x14 obj/local_module_status.o
                0x000002c8                module_status_unset_u16
 .text.module_status_clear_all_u16
                0x000002dc        0x8 obj/local_module_status.o
                0x000002dc                module_status_clear_all_u16
 .text.mutex_request
                0x000002e4       0x1e obj/local_mutex.o
                0x000002e4                mutex_request
 .text.mutex_release
                0x00000302       0x1e obj/local_mutex.o
                0x00000302                mutex_release
 .text.mutex_is_requested
                0x00000320       0x10 obj/local_mutex.o
                0x00000320                mutex_is_requested
 .text.local_data_storage_array_init_i8
                0x00000330        0xa obj/local_data_storage_array.o
                0x00000330                local_data_storage_array_init_i8
 .text.local_data_storage_array_add_value_i8
                0x0000033a       0x24 obj/local_data_storage_array.o
                0x0000033a                local_data_storage_array_add_value_i8
 .text.local_data_storage_array_get_mean_i8
                0x0000035e       0x46 obj/local_data_storage_array.o
                0x0000035e                local_data_storage_array_get_mean_i8
 .text.local_data_storage_array_get_max_i8
                0x000003a4       0x30 obj/local_data_storage_array.o
                0x000003a4                local_data_storage_array_get_max_i8
 .text.local_data_storage_array_get_min_i8
                0x000003d4       0x30 obj/local_data_storage_array.o
                0x000003d4                local_data_storage_array_get_min_i8
 .text.local_data_storage_array_init_u8
                0x00000404        0xa obj/local_data_storage_array.o
                0x00000404                local_data_storage_array_init_u8
 .text.local_data_storage_array_add_value_u8
                0x0000040e       0x24 obj/local_data_storage_array.o
                0x0000040e                local_data_storage_array_add_value_u8
 .text.local_data_storage_array_get_mean_u8
                0x00000432       0x3e obj/local_data_storage_array.o
                0x00000432                local_data_storage_array_get_mean_u8
 .text.local_data_storage_array_get_max_u8
                0x00000470       0x30 obj/local_data_storage_array.o
                0x00000470                local_data_storage_array_get_max_u8
 .text.local_data_storage_array_get_min_u8
                0x000004a0       0x30 obj/local_data_storage_array.o
                0x000004a0                local_data_storage_array_get_min_u8
 .text.local_msg_buffer_init
                0x000004d0       0x12 obj/local_msg_buffer.o
                0x000004d0                local_msg_buffer_init
 .text.local_msg_buffer_start_write
                0x000004e2       0x16 obj/local_msg_buffer.o
                0x000004e2                local_msg_buffer_start_write
 .text.local_msg_buffer_add_byte
                0x000004f8       0x48 obj/local_msg_buffer.o
                0x000004f8                local_msg_buffer_add_byte
 .text.local_msg_buffer_add_word
                0x00000540       0x1a obj/local_msg_buffer.o
                0x00000540                local_msg_buffer_add_word
 .text.local_msg_buffer_add_long
                0x0000055a       0x46 obj/local_msg_buffer.o
                0x0000055a                local_msg_buffer_add_long
 .text.local_msg_buffer_add_N_bytes
                0x000005a0       0x2e obj/local_msg_buffer.o
                0x000005a0                local_msg_buffer_add_N_bytes
 .text.local_msg_buffer_stop_write
                0x000005ce        0xa obj/local_msg_buffer.o
                0x000005ce                local_msg_buffer_stop_write
 .text.local_msg_buffer_start_read
                0x000005d8       0x16 obj/local_msg_buffer.o
                0x000005d8                local_msg_buffer_start_read
 .text.local_msg_buffer_bytes_available
                0x000005ee        0x8 obj/local_msg_buffer.o
                0x000005ee                local_msg_buffer_bytes_available
 .text.local_msg_buffer_bytes_free
                0x000005f6       0x10 obj/local_msg_buffer.o
                0x000005f6                local_msg_buffer_bytes_free
 .text.local_msg_buffer_get_byte
                0x00000606       0x4a obj/local_msg_buffer.o
                0x00000606                local_msg_buffer_get_byte
 .text.local_msg_buffer_get_word
                0x00000650       0x24 obj/local_msg_buffer.o
                0x00000650                local_msg_buffer_get_word
 .text.local_msg_buffer_get_long
                0x00000674       0x58 obj/local_msg_buffer.o
                0x00000674                local_msg_buffer_get_long
 .text.local_msg_buffer_get_N_bytes
                0x000006cc       0x44 obj/local_msg_buffer.o
                0x000006cc                local_msg_buffer_get_N_bytes
 .text.local_msg_buffer_stop_read
                0x00000710        0xa obj/local_msg_buffer.o
                0x00000710                local_msg_buffer_stop_read
 .text.local_msg_buffer_clear_all
                0x0000071a       0x10 obj/local_msg_buffer.o
                0x0000071a                local_msg_buffer_clear_all
 .text.signal_slot_init
                0x0000072a       0x10 obj/signal_slot_interface.o
                0x0000072a                signal_slot_init
 .text.signal_slot_send
                0x0000073a       0x68 obj/signal_slot_interface.o
                0x0000073a                signal_slot_send
 .text.signal_slot_connect
                0x000007a2       0x30 obj/signal_slot_interface.o
                0x000007a2                signal_slot_connect
 .text.math_div_u32
                0x000007d2       0x54 obj/math_module.o
                0x000007d2                math_div_u32
 .text.math_div_i32
                0x00000826      0x142 obj/math_module.o
                0x00000826                math_div_i32
 .text.__system_interface_progmem_get_byte
                0x00000968        0x4 obj/system_interface.o
 .text.__system_interface_progmem_get_word
                0x0000096c        0x6 obj/system_interface.o
 .text.__system_interface_progmem_get_long
                0x00000972        0x8 obj/system_interface.o
 .text.__system_interface_progmem_get_N_bytes
                0x0000097a        0x2 obj/system_interface.o
 .text.time_mgmnt_gettime_u16
                0x0000097c        0x6 obj/time_management.o
                0x0000097c                time_mgmnt_gettime_u16
 .text.time_mgmnt_start_u16
                0x00000982       0x18 obj/time_management.o
                0x00000982                time_mgmnt_start_u16
 .text.time_mgmnt_start_u32
                0x0000099a       0x1c obj/time_management.o
                0x0000099a                time_mgmnt_start_u32
 .text.time_mgmnt_is_active_u32
                0x000009b6        0xe obj/time_management.o
                0x000009b6                time_mgmnt_is_active_u32
 .text.time_mgmnt_istimeup_raw_u16
                0x000009c4       0x2a obj/time_management.o
                0x000009c4                time_mgmnt_istimeup_raw_u16
 .text.time_mgmnt_elapsed_u16
                0x000009ee       0x26 obj/time_management.o
                0x000009ee                time_mgmnt_elapsed_u16
 .text.time_mgmnt_istimeup_u16
                0x00000a14       0x1a obj/time_management.o
                0x00000a14                time_mgmnt_istimeup_u16
 .text.time_mgmnt_elapsed_u32
                0x00000a2e       0x38 obj/time_management.o
                0x00000a2e                time_mgmnt_elapsed_u32
 .text.time_mgmnt_istimeup_u32
                0x00000a66       0x28 obj/time_management.o
                0x00000a66                time_mgmnt_istimeup_u32
 .text.mcu_task_controller_init
                0x00000a8e       0x12 obj/mcu_task_controller.o
                0x00000a8e                mcu_task_controller_init
 .text.mcu_task_controller_register_task
                0x00000aa0       0xa2 obj/mcu_task_controller.o
                0x00000aa0                mcu_task_controller_register_task
 .text.mcu_task_controller_schedule
                0x00000b42       0xaa obj/mcu_task_controller.o
                0x00000b42                mcu_task_controller_schedule
 .text.mcu_task_controller_background_run
                0x00000bec       0x28 obj/mcu_task_controller.o
                0x00000bec                mcu_task_controller_background_run
 .text.mcu_idle_task_run
                0x00000c14       0x2a obj/mcu_idle_task.o
                0x00000c14                mcu_idle_task_run
 .text.local_event_mcu_task_init
                0x00000c3e        0x2 obj/local_event_task.o
                0x00000c3e                local_event_mcu_task_init
 .text.local_event_mcu_task_get_schedule_interval
                0x00000c40        0x6 obj/local_event_task.o
                0x00000c40                local_event_mcu_task_get_schedule_interval
 .text.local_event_mcu_task_get_state
                0x00000c46       0x16 obj/local_event_task.o
                0x00000c46                local_event_mcu_task_get_state
 .text.local_event_mcu_task_run
                0x00000c5c       0xbc obj/local_event_task.o
                0x00000c5c                local_event_mcu_task_run
 .text.local_event_mcu_task_background_run
                0x00000d18        0x2 obj/local_event_task.o
                0x00000d18                local_event_mcu_task_background_run
 .text.local_event_mcu_task_sleep
                0x00000d1a        0x2 obj/local_event_task.o
                0x00000d1a                local_event_mcu_task_sleep
 .text.local_event_mcu_task_wakeup
                0x00000d1c        0x2 obj/local_event_task.o
                0x00000d1c                local_event_mcu_task_wakeup
 .text.local_event_mcu_task_finish
                0x00000d1e        0x2 obj/local_event_task.o
                0x00000d1e                local_event_mcu_task_finish
 .text.local_event_mcu_task_terminate
                0x00000d20        0x2 obj/local_event_task.o
                0x00000d20                local_event_mcu_task_terminate
 .text.local_event_add
                0x00000d22       0x54 obj/local_event_task.o
                0x00000d22                local_event_add
 .text.local_event_get_next
                0x00000d76        0x4 obj/local_event_task.o
                0x00000d76                local_event_get_next
 .text.copro1_slot_CMD_RECEIVED
                0x00000d7a       0x16 obj/copro_routing_mcu_task.o
 .text.COPRO1_ROUTING_RESPONSE_SIGNAL_send
                0x00000d90        0x8 obj/copro_routing_mcu_task.o
                0x00000d90                COPRO1_ROUTING_RESPONSE_SIGNAL_send
 .text.COPRO1_ROUTING_COMMAND_SIGNAL_init
                0x00000d98        0x6 obj/copro_routing_mcu_task.o
                0x00000d98                COPRO1_ROUTING_COMMAND_SIGNAL_init
 .text.COPRO1_ROUTING_COMMAND_SIGNAL_send
                0x00000d9e        0x8 obj/copro_routing_mcu_task.o
                0x00000d9e                COPRO1_ROUTING_COMMAND_SIGNAL_send
 .text.COPRO1_ROUTING_COMMAND_SIGNAL_connect
                0x00000da6        0x8 obj/copro_routing_mcu_task.o
                0x00000da6                COPRO1_ROUTING_COMMAND_SIGNAL_connect
 .text.COPRO1_ROUTING_RESPONSE_SIGNAL_init
                0x00000dae        0x6 obj/copro_routing_mcu_task.o
                0x00000dae                COPRO1_ROUTING_RESPONSE_SIGNAL_init
 .text.COPRO1_ROUTING_RESPONSE_SIGNAL_connect
                0x00000db4        0x8 obj/copro_routing_mcu_task.o
                0x00000db4                COPRO1_ROUTING_RESPONSE_SIGNAL_connect
 .text.COPRO1_ROUTING_COMMAND_SLOT_connect
                0x00000dbc       0x12 obj/copro_routing_mcu_task.o
                0x00000dbc                COPRO1_ROUTING_COMMAND_SLOT_connect
 .text.COPRO_POWER_UNIT_5V_init
                0x00000dce       0x14 obj/copro_routing_mcu_task.o
                0x00000dce                COPRO_POWER_UNIT_5V_init
 .text.COPRO_POWER_UNIT_5V_is_on
                0x00000de2        0x8 obj/copro_routing_mcu_task.o
                0x00000de2                COPRO_POWER_UNIT_5V_is_on
 .text.COPRO_POWER_UNIT_5V_request
                0x00000dea        0x8 obj/copro_routing_mcu_task.o
                0x00000dea                COPRO_POWER_UNIT_5V_request
 .text.COPRO_POWER_UNIT_5V_release
                0x00000df2        0x8 obj/copro_routing_mcu_task.o
                0x00000df2                COPRO_POWER_UNIT_5V_release
 .text.copro_routing_task_init
                0x00000dfa       0x28 obj/copro_routing_mcu_task.o
                0x00000dfa                copro_routing_task_init
 .text.copro_routing_task_get_schedule_interval
                0x00000e22        0x6 obj/copro_routing_mcu_task.o
                0x00000e22                copro_routing_task_get_schedule_interval
 .text.copro_routing_task_get_state
                0x00000e28       0x50 obj/copro_routing_mcu_task.o
                0x00000e28                copro_routing_task_get_state
 .text.copro_routing_task_run
                0x00000e78      0x32e obj/copro_routing_mcu_task.o
                0x00000e78                copro_routing_task_run
 .text.copro_routing_task_background_run
                0x000011a6        0x2 obj/copro_routing_mcu_task.o
                0x000011a6                copro_routing_task_background_run
 .text.SIGNAL_ADC_NEW_VALUES_AVAILABLE_init
                0x000011a8        0x6 obj/local_ads1115_mcu_task.o
                0x000011a8                SIGNAL_ADC_NEW_VALUES_AVAILABLE_init
 .text.SIGNAL_ADC_NEW_VALUES_AVAILABLE_send
                0x000011ae        0x8 obj/local_ads1115_mcu_task.o
                0x000011ae                SIGNAL_ADC_NEW_VALUES_AVAILABLE_send
 .text.SIGNAL_ADC_NEW_VALUES_AVAILABLE_connect
                0x000011b6        0x8 obj/local_ads1115_mcu_task.o
                0x000011b6                SIGNAL_ADC_NEW_VALUES_AVAILABLE_connect
 .text.local_ads1115_module_init
                0x000011be       0x26 obj/local_ads1115_mcu_task.o
                0x000011be                local_ads1115_module_init
 .text.local_ads1115_mcu_task_init
                0x000011e4       0x10 obj/local_ads1115_mcu_task.o
                0x000011e4                local_ads1115_mcu_task_init
 .text.local_ads1115_mcu_task_get_schedule_interval
                0x000011f4        0x6 obj/local_ads1115_mcu_task.o
                0x000011f4                local_ads1115_mcu_task_get_schedule_interval
 .text.local_ads1115_mcu_task_get_state
                0x000011fa       0x22 obj/local_ads1115_mcu_task.o
                0x000011fa                local_ads1115_mcu_task_get_state
 .text.local_ads1115_mcu_task_run
                0x0000121c      0x3d2 obj/local_ads1115_mcu_task.o
                0x0000121c                local_ads1115_mcu_task_run
 .text.local_ads1115_mcu_task_finish
                0x000015ee        0x2 obj/local_ads1115_mcu_task.o
                0x000015ee                local_ads1115_mcu_task_finish
 .text.local_ads1115_mcu_task_terminate
                0x000015f0        0x2 obj/local_ads1115_mcu_task.o
                0x000015f0                local_ads1115_mcu_task_terminate
 .text.local_sht31_module_init
                0x000015f2       0x34 obj/local_sht31_mcu_task.o
                0x000015f2                local_sht31_module_init
 .text.local_sht31_mcu_task_init
                0x00001626       0x22 obj/local_sht31_mcu_task.o
                0x00001626                local_sht31_mcu_task_init
 .text.local_sht31_mcu_task_get_schedule_interval
                0x00001648        0x6 obj/local_sht31_mcu_task.o
                0x00001648                local_sht31_mcu_task_get_schedule_interval
 .text.local_sht31_mcu_task_get_state
                0x0000164e       0x22 obj/local_sht31_mcu_task.o
                0x0000164e                local_sht31_mcu_task_get_state
 .text.local_sht31_mcu_task_run
                0x00001670      0x3c4 obj/local_sht31_mcu_task.o
                0x00001670                local_sht31_mcu_task_run
 .text.local_sht31_mcu_task_finish
                0x00001a34        0x2 obj/local_sht31_mcu_task.o
                0x00001a34                local_sht31_mcu_task_finish
 .text.local_sht31_mcu_task_terminate
                0x00001a36        0x2 obj/local_sht31_mcu_task.o
                0x00001a36                local_sht31_mcu_task_terminate
 .text.COPRO1_initialize
                0x00001a38        0xe obj/copro.o
                0x00001a38                COPRO1_initialize
 .text.COPRO1_set_address
                0x00001a46        0x6 obj/copro.o
                0x00001a46                COPRO1_set_address
 .text.COPRO1_get_address
                0x00001a4c        0x6 obj/copro.o
                0x00001a4c                COPRO1_get_address
 .text.copro_interface_initialize
                0x00001a52       0x1e obj/copro.o
                0x00001a52                copro_interface_initialize
 .text.copro_power_on
                0x00001a70       0x1c obj/copro.o
                0x00001a70                copro_power_on
 .text.COPRO1_power_off
                0x00001a8c        0x6 obj/copro.o
                0x00001a8c                COPRO1_power_off
 .text.COPRO1_power_on
                0x00001a92        0x4 obj/copro.o
                0x00001a92                COPRO1_power_on
 .text.copro_bytes_available
                0x00001a96       0x14 obj/copro.o
                0x00001a96                copro_bytes_available
 .text.COPRO1_bytes_available
                0x00001aaa        0x6 obj/copro.o
                0x00001aaa                COPRO1_bytes_available
 .text.copro_get_N_bytes
                0x00001ab0       0x1a obj/copro.o
                0x00001ab0                copro_get_N_bytes
 .text.COPRO1_get_N_bytes
                0x00001aca        0xa obj/copro.o
                0x00001aca                COPRO1_get_N_bytes
 .text.copro_set_N_bytes
                0x00001ad4       0x1a obj/copro.o
                0x00001ad4                copro_set_N_bytes
 .text.COPRO1_set_N_bytes
                0x00001aee        0xa obj/copro.o
                0x00001aee                COPRO1_set_N_bytes
 .text.copro_start_rx
                0x00001af8       0x32 obj/copro.o
                0x00001af8                copro_start_rx
 .text.COPRO1_start_rx
                0x00001b2a        0x8 obj/copro.o
                0x00001b2a                COPRO1_start_rx
 .text.copro_wait_for_rx
                0x00001b32       0x1a obj/copro.o
                0x00001b32                copro_wait_for_rx
 .text.COPRO1_wait_for_rx
                0x00001b4c        0xa obj/copro.o
                0x00001b4c                COPRO1_wait_for_rx
 .text.copro_stop_rx
                0x00001b56       0x14 obj/copro.o
                0x00001b56                copro_stop_rx
 .text.COPRO1_stop_rx
                0x00001b6a        0x6 obj/copro.o
                0x00001b6a                COPRO1_stop_rx
 .text.copro_is_ready_for_tx
                0x00001b70       0x14 obj/copro.o
                0x00001b70                copro_is_ready_for_tx
 .text.COPRO1_is_ready_for_tx
                0x00001b84        0x6 obj/copro.o
                0x00001b84                COPRO1_is_ready_for_tx
 .text.copro_start_tx
                0x00001b8a       0x26 obj/copro.o
                0x00001b8a                copro_start_tx
 .text.COPRO1_start_tx
                0x00001bb0        0x6 obj/copro.o
                0x00001bb0                COPRO1_start_tx
 .text.copro_wait_for_tx
                0x00001bb6       0x1a obj/copro.o
                0x00001bb6                copro_wait_for_tx
 .text.COPRO1_wait_for_tx
                0x00001bd0        0xa obj/copro.o
                0x00001bd0                COPRO1_wait_for_tx
 .text.copro_stop_tx
                0x00001bda       0x14 obj/copro.o
                0x00001bda                copro_stop_tx
 .text.COPRO1_stop_tx
                0x00001bee        0x6 obj/copro.o
                0x00001bee                COPRO1_stop_tx
 .text.copro_clear_tx_buffer
                0x00001bf4       0x14 obj/copro.o
                0x00001bf4                copro_clear_tx_buffer
 .text.COPRO1_clear_tx_buffer
                0x00001c08        0x6 obj/copro.o
                0x00001c08                COPRO1_clear_tx_buffer
 .text.copro_mutex_request
                0x00001c0e       0x2a obj/copro.o
                0x00001c0e                copro_mutex_request
 .text.COPRO1_mutex_request
                0x00001c38        0x6 obj/copro.o
                0x00001c38                COPRO1_mutex_request
 .text.copro_mutex_release
                0x00001c3e       0x1c obj/copro.o
                0x00001c3e                copro_mutex_release
 .text.COPRO1_mutex_release
                0x00001c5a        0x6 obj/copro.o
                0x00001c5a                COPRO1_mutex_release
 .text.SLOT_LIGHT_RESISTOR_GM5528_connect
                0x00001c60       0x12 obj/light_resistor_gm5528.o
                0x00001c60                SLOT_LIGHT_RESISTOR_GM5528_connect
 .text.light_resistor_gm5528_init
                0x00001c72       0x30 obj/light_resistor_gm5528.o
                0x00001c72                light_resistor_gm5528_init
 .text.light_resistor_gm5528_calibrate
                0x00001ca2       0x38 obj/light_resistor_gm5528.o
                0x00001ca2                light_resistor_gm5528_calibrate
 .text.light_resistor_gm5528_callback
                0x00001cda       0xe6 obj/light_resistor_gm5528.o
 .text.rpi_protocol_task_init
                0x00001dc0        0x2 obj/rpi_protocol_handler_client.o
 .text.rpi_protocol_task_get_schedule_interval
                0x00001dc2       0x14 obj/rpi_protocol_handler_client.o
 .text.RPI_COMMAND_BUFFER_bytes_available
                0x00001dd6        0x8 obj/rpi_protocol_handler_client.o
                0x00001dd6                RPI_COMMAND_BUFFER_bytes_available
 .text.RPI_ANSWER_BUFFER_start_write
                0x00001dde        0x8 obj/rpi_protocol_handler_client.o
                0x00001dde                RPI_ANSWER_BUFFER_start_write
 .text.RPI_ANSWER_BUFFER_add_byte
                0x00001de6        0xa obj/rpi_protocol_handler_client.o
                0x00001de6                RPI_ANSWER_BUFFER_add_byte
 .text.RPI_ANSWER_BUFFER_add_word
                0x00001df0        0xa obj/rpi_protocol_handler_client.o
                0x00001df0                RPI_ANSWER_BUFFER_add_word
 .text.RPI_ANSWER_BUFFER_add_long
                0x00001dfa        0xc obj/rpi_protocol_handler_client.o
                0x00001dfa                RPI_ANSWER_BUFFER_add_long
 .text.RPI_ANSWER_BUFFER_add_N_bytes
                0x00001e06        0xc obj/rpi_protocol_handler_client.o
                0x00001e06                RPI_ANSWER_BUFFER_add_N_bytes
 .text.RPI_ANSWER_BUFFER_stop_write
                0x00001e12        0x8 obj/rpi_protocol_handler_client.o
                0x00001e12                RPI_ANSWER_BUFFER_stop_write
 .text.RPI_COMMAND_BUFFER_start_read
                0x00001e1a        0x8 obj/rpi_protocol_handler_client.o
                0x00001e1a                RPI_COMMAND_BUFFER_start_read
 .text.RPI_COMMAND_BUFFER_get_byte
                0x00001e22        0x8 obj/rpi_protocol_handler_client.o
                0x00001e22                RPI_COMMAND_BUFFER_get_byte
 .text.RPI_COMMAND_BUFFER_get_word
                0x00001e2a        0x8 obj/rpi_protocol_handler_client.o
                0x00001e2a                RPI_COMMAND_BUFFER_get_word
 .text.RPI_COMMAND_BUFFER_get_long
                0x00001e32        0x8 obj/rpi_protocol_handler_client.o
                0x00001e32                RPI_COMMAND_BUFFER_get_long
 .text.RPI_COMMAND_BUFFER_get_N_bytes
                0x00001e3a        0xc obj/rpi_protocol_handler_client.o
                0x00001e3a                RPI_COMMAND_BUFFER_get_N_bytes
 .text.RPI_COMMAND_BUFFER_stop_read
                0x00001e46        0x8 obj/rpi_protocol_handler_client.o
                0x00001e46                RPI_COMMAND_BUFFER_stop_read
 .text.rpi_protocol_task_get_state
                0x00001e4e       0x1c obj/rpi_protocol_handler_client.o
 .text._set_finished_spi
                0x00001e6a       0x34 obj/rpi_protocol_handler_client.o
 .text.RPI_COMMAND_BUFFER_init
                0x00001e9e        0x8 obj/rpi_protocol_handler_client.o
                0x00001e9e                RPI_COMMAND_BUFFER_init
 .text.RPI_COMMAND_BUFFER_clear_all
                0x00001ea6        0x8 obj/rpi_protocol_handler_client.o
                0x00001ea6                RPI_COMMAND_BUFFER_clear_all
 .text.RPI_COMMAND_BUFFER_start_write
                0x00001eae        0x8 obj/rpi_protocol_handler_client.o
                0x00001eae                RPI_COMMAND_BUFFER_start_write
 .text.RPI_COMMAND_BUFFER_add_N_bytes
                0x00001eb6        0xc obj/rpi_protocol_handler_client.o
                0x00001eb6                RPI_COMMAND_BUFFER_add_N_bytes
 .text.RPI_COMMAND_BUFFER_stop_write
                0x00001ec2        0x8 obj/rpi_protocol_handler_client.o
                0x00001ec2                RPI_COMMAND_BUFFER_stop_write
 .text.RPI_ANSWER_BUFFER_init
                0x00001eca        0x8 obj/rpi_protocol_handler_client.o
                0x00001eca                RPI_ANSWER_BUFFER_init
 .text.RPI_ANSWER_BUFFER_bytes_available
                0x00001ed2        0x8 obj/rpi_protocol_handler_client.o
                0x00001ed2                RPI_ANSWER_BUFFER_bytes_available
 .text.RPI_ANSWER_BUFFER_bytes_free
                0x00001eda        0x8 obj/rpi_protocol_handler_client.o
                0x00001eda                RPI_ANSWER_BUFFER_bytes_free
 .text.RPI_ANSWER_BUFFER_start_read
                0x00001ee2        0x8 obj/rpi_protocol_handler_client.o
                0x00001ee2                RPI_ANSWER_BUFFER_start_read
 .text.RPI_ANSWER_BUFFER_get_N_bytes
                0x00001eea        0xc obj/rpi_protocol_handler_client.o
                0x00001eea                RPI_ANSWER_BUFFER_get_N_bytes
 .text.RPI_ANSWER_BUFFER_stop_read
                0x00001ef6        0x8 obj/rpi_protocol_handler_client.o
                0x00001ef6                RPI_ANSWER_BUFFER_stop_read
 .text.RPI_PROTOCOL_LEAVE_SLEEP_SIGNAL_init
                0x00001efe        0x8 obj/rpi_protocol_handler_client.o
                0x00001efe                RPI_PROTOCOL_LEAVE_SLEEP_SIGNAL_init
 .text.RPI_PROTOCOL_LEAVE_SLEEP_SIGNAL_send
                0x00001f06        0xa obj/rpi_protocol_handler_client.o
                0x00001f06                RPI_PROTOCOL_LEAVE_SLEEP_SIGNAL_send
 .text.RPI_PROTOCOL_ENTER_SLEEP_SIGNAL_init
                0x00001f10        0x8 obj/rpi_protocol_handler_client.o
                0x00001f10                RPI_PROTOCOL_ENTER_SLEEP_SIGNAL_init
 .text.RPI_PROTOCOL_ENTER_SLEEP_SIGNAL_send
                0x00001f18        0xa obj/rpi_protocol_handler_client.o
                0x00001f18                RPI_PROTOCOL_ENTER_SLEEP_SIGNAL_send
 .text.RPI_PROTOCOL_INVALID_COMMAND_RECEIVED_SIGNAL_init
                0x00001f22        0x8 obj/rpi_protocol_handler_client.o
                0x00001f22                RPI_PROTOCOL_INVALID_COMMAND_RECEIVED_SIGNAL_init
 .text.RPI_PROTOCOL_INVALID_COMMAND_RECEIVED_SIGNAL_send
                0x00001f2a        0xa obj/rpi_protocol_handler_client.o
                0x00001f2a                RPI_PROTOCOL_INVALID_COMMAND_RECEIVED_SIGNAL_send
 .text.RPI_PROTOCOL_COMMAND_RECEIVED_SIGNAL_init
                0x00001f34        0x8 obj/rpi_protocol_handler_client.o
                0x00001f34                RPI_PROTOCOL_COMMAND_RECEIVED_SIGNAL_init
 .text.RPI_PROTOCOL_COMMAND_RECEIVED_SIGNAL_send
                0x00001f3c        0xa obj/rpi_protocol_handler_client.o
                0x00001f3c                RPI_PROTOCOL_COMMAND_RECEIVED_SIGNAL_send
 .text.rpi_protocol_task_run
                0x00001f46      0x356 obj/rpi_protocol_handler_client.o
 .text.RPI_PROTOCOL_COMMAND_RECEIVED_SIGNAL_connect
                0x0000229c        0xa obj/rpi_protocol_handler_client.o
                0x0000229c                RPI_PROTOCOL_COMMAND_RECEIVED_SIGNAL_connect
 .text.rpi_protocol_init
                0x000022a6       0x7a obj/rpi_protocol_handler_client.o
                0x000022a6                rpi_protocol_init
 .text.power_mgmnt_init
                0x00002320       0x3a obj/power_management.o
                0x00002320                power_mgmnt_init
 .text.power_mgmnt_request
                0x0000235a       0x2c obj/power_management.o
                0x0000235a                power_mgmnt_request
 .text.power_mgmnt_release
                0x00002386       0x2c obj/power_management.o
                0x00002386                power_mgmnt_release
 .text.power_mgmnt_is_on
                0x000023b2       0x2e obj/power_management.o
                0x000023b2                power_mgmnt_is_on
 .text.io_output_controller_register_output
                0x000023e0       0x9a obj/io_output_controller.o
                0x000023e0                io_output_controller_register_output
 .text.io_output_controller_set_output
                0x0000247a       0x50 obj/io_output_controller.o
                0x0000247a                io_output_controller_set_output
 .text.io_output_controller_get_output
                0x000024ca       0xa2 obj/io_output_controller.o
                0x000024ca                io_output_controller_get_output
 .text.io_output_controller_task_init
                0x0000256c        0x2 obj/io_output_controller.o
                0x0000256c                io_output_controller_task_init
 .text.io_output_controller_task_get_schedule_interval
                0x0000256e        0x6 obj/io_output_controller.o
                0x0000256e                io_output_controller_task_get_schedule_interval
 .text.io_output_controller_task_get_state
                0x00002574        0xa obj/io_output_controller.o
                0x00002574                io_output_controller_task_get_state
 .text.io_output_controller_task_run
                0x0000257e       0xd4 obj/io_output_controller.o
                0x0000257e                io_output_controller_task_run
 .text.io_output_controller_task_background_run
                0x00002652        0x2 obj/io_output_controller.o
                0x00002652                io_output_controller_task_background_run
 .text.io_output_controller_get_iterator
                0x00002654       0x56 obj/io_output_controller.o
                0x00002654                io_output_controller_get_iterator
 .text.io_output_controller_iterator_get_element
                0x000026aa       0x94 obj/io_output_controller.o
                0x000026aa                io_output_controller_iterator_get_element
 .text.io_output_controller_iterator_get_next
                0x0000273e       0x4c obj/io_output_controller.o
                0x0000273e                io_output_controller_iterator_get_next
 .text.io_input_controller_init
                0x0000278a        0x2 obj/io_input_controller.o
                0x0000278a                io_input_controller_init
 .text.io_input_controller_register_input
                0x0000278c       0x64 obj/io_input_controller.o
                0x0000278c                io_input_controller_register_input
 .text.io_input_controller_check_state
                0x000027f0       0xe0 obj/io_input_controller.o
                0x000027f0                io_input_controller_check_state
 .text.io_input_controller_get_state
                0x000028d0       0x8a obj/io_input_controller.o
                0x000028d0                io_input_controller_get_state
 .text.io_input_controller_task_init
                0x0000295a        0x8 obj/io_input_controller.o
                0x0000295a                io_input_controller_task_init
 .text.io_input_controller_task_get_schedule_interval
                0x00002962        0x6 obj/io_input_controller.o
                0x00002962                io_input_controller_task_get_schedule_interval
 .text.io_input_controller_task_get_state
                0x00002968       0x12 obj/io_input_controller.o
                0x00002968                io_input_controller_task_get_state
 .text.io_input_controller_task_run
                0x0000297a       0x2a obj/io_input_controller.o
                0x0000297a                io_input_controller_task_run
 .text.io_input_controller_task_background_run
                0x000029a4        0x2 obj/io_input_controller.o
                0x000029a4                io_input_controller_task_background_run
 .text.io_input_controller_get_iterator
                0x000029a6       0x34 obj/io_input_controller.o
                0x000029a6                io_input_controller_get_iterator
 .text.io_input_controller_iterator_get_element
                0x000029da       0x70 obj/io_input_controller.o
                0x000029da                io_input_controller_iterator_get_element
 .text.io_input_controller_iterator_get_next
                0x00002a4a       0x3c obj/io_input_controller.o
                0x00002a4a                io_input_controller_iterator_get_next
 .text.command_controller_task_get_schedule_interval
                0x00002a86        0x6 obj/command_controller.o
 .text.command_controller_task_get_state
                0x00002a8c       0x3e obj/command_controller.o
 .text.command_controller_task_run
                0x00002aca       0xa4 obj/command_controller.o
 .text.command_controller_task_background_run
                0x00002b6e        0x2 obj/command_controller.o
 .text.command_controller_task_init
                0x00002b70        0x2 obj/command_controller.o
 .text.command_controller_init
                0x00002b72        0x8 obj/command_controller.o
                0x00002b72                command_controller_init
 .text.command_controller_register_handler
                0x00002b7a       0x32 obj/command_controller.o
                0x00002b7a                command_controller_register_handler
 .text.rpi_cmd_handler_set_request
                0x00002bac        0xa obj/rpi_command_handler.o
                0x00002bac                rpi_cmd_handler_set_request
 .text.rpi_cmd_handler_get_protocol
                0x00002bb6        0xa obj/rpi_command_handler.o
                0x00002bb6                rpi_cmd_handler_get_protocol
 .text.rpi_cmd_handler_set_unrequested
                0x00002bc0        0xa obj/rpi_command_handler.o
                0x00002bc0                rpi_cmd_handler_set_unrequested
 .text.rpi_cmd_handler_is_requested
                0x00002bca       0x12 obj/rpi_command_handler.o
                0x00002bca                rpi_cmd_handler_is_requested
 .text.rpi_cmd_handler_get_command_code
                0x00002bdc       0x14 obj/rpi_command_handler.o
                0x00002bdc                rpi_cmd_handler_get_command_code
 .text.rpi_cmd_default_handler
                0x00002bf0       0x12 obj/rpi_command_handler.o
                0x00002bf0                rpi_cmd_default_handler
 .text.rpi_command_handler_slot_cmd_received_CALLBACK
                0x00002c02        0xa obj/rpi_command_handler.o
 .text.RPI_CMD_HANDLER_SLOT_CMD_RECEIVED_connect
                0x00002c0c       0x12 obj/rpi_command_handler.o
                0x00002c0c                RPI_CMD_HANDLER_SLOT_CMD_RECEIVED_connect
 .text.rpi_cmd_handler_init
                0x00002c1e       0x10 obj/rpi_command_handler.o
                0x00002c1e                rpi_cmd_handler_init
 .text.rpi_cmd_handler_table_get_size
                0x00002c2e        0x4 obj/rpi_command_handler_table.o
                0x00002c2e                rpi_cmd_handler_table_get_size
 .text.rpi_cmd_get_version
                0x00002c32       0x4a obj/rpi_cmd_handler_system.o
                0x00002c32                rpi_cmd_get_version
 .text.rpi_cmd_get_input_list
                0x00002c7c       0xb6 obj/rpi_cmd_handler_io.o
                0x00002c7c                rpi_cmd_get_input_list
 .text.rpi_cmd_get_input_state
                0x00002d32      0x118 obj/rpi_cmd_handler_io.o
                0x00002d32                rpi_cmd_get_input_state
 .text.rpi_cmd_get_output_list
                0x00002e4a       0x96 obj/rpi_cmd_handler_io.o
                0x00002e4a                rpi_cmd_get_output_list
 .text.rpi_cmd_get_output_state
                0x00002ee0      0x128 obj/rpi_cmd_handler_io.o
                0x00002ee0                rpi_cmd_get_output_state
 .text.rpi_cmd_set_output
                0x00003008       0xae obj/rpi_cmd_handler_io.o
                0x00003008                rpi_cmd_set_output
 .text.rpi_cmd_get_temperature
                0x000030b6       0x82 obj/rpi_cmd_handler_sensor.o
                0x000030b6                rpi_cmd_get_temperature
 .text.rpi_cmd_get_humidity
                0x00003138       0x82 obj/rpi_cmd_handler_sensor.o
                0x00003138                rpi_cmd_get_humidity
 .text.rpi_cmd_get_light
                0x000031ba       0x82 obj/rpi_cmd_handler_sensor.o
                0x000031ba                rpi_cmd_get_light
 .text.rpi_cmd_get_adc
                0x0000323c       0xbe obj/rpi_cmd_handler_sensor.o
                0x0000323c                rpi_cmd_get_adc
 .text.copro1_slot_RESPONSE_RECEIVED
                0x000032fa       0x12 obj/rpi_cmd_handler_routing.o
 .text.COPRO1_ROUTING_RESPONSE_SLOT_connect
                0x0000330c       0x14 obj/rpi_cmd_handler_routing.o
                0x0000330c                COPRO1_ROUTING_RESPONSE_SLOT_connect
 .text.rpi_cmd_handler_routing_init
                0x00003320        0x4 obj/rpi_cmd_handler_routing.o
                0x00003320                rpi_cmd_handler_routing_init
 .text.rpi_cmd_handler_routing
                0x00003324       0x40 obj/rpi_cmd_handler_routing.o
                0x00003324                rpi_cmd_handler_routing
 .text.rtc_driver_init
                0x00003364       0x5e obj/rtc_driver_atmega1284p.o
                0x00003364                rtc_driver_init
 .text.local_rtc_timer_gettime_u32
                0x000033c2       0x4a obj/rtc_driver_atmega1284p.o
                0x000033c2                local_rtc_timer_gettime_u32
 .text.local_rtc_timer_gettime_u8
                0x0000340c        0x6 obj/rtc_driver_atmega1284p.o
                0x0000340c                local_rtc_timer_gettime_u8
 .text.local_rtc_timer_gettime_u16
                0x00003412        0x6 obj/rtc_driver_atmega1284p.o
                0x00003412                local_rtc_timer_gettime_u16
 .text.local_rtc_timer_istimeup_u8
                0x00003418       0x26 obj/rtc_driver_atmega1284p.o
                0x00003418                local_rtc_timer_istimeup_u8
 .text.local_rtc_timer_istimeup_u16
                0x0000343e       0x28 obj/rtc_driver_atmega1284p.o
                0x0000343e                local_rtc_timer_istimeup_u16
 .text.local_rtc_timer_istimeup_u32
                0x00003466       0x48 obj/rtc_driver_atmega1284p.o
                0x00003466                local_rtc_timer_istimeup_u32
 .text.__vector_9
                0x000034ae       0x60 obj/rtc_driver_atmega1284p.o
                0x000034ae                __vector_9
 .text.clock_driver_init
                0x0000350e       0x12 obj/clock_driver_atmega1284p.o
                0x0000350e                clock_driver_init
 .text.gpio_driver_set_direction
                0x00003520       0x64 obj/gpio_driver_atmega1284p.o
                0x00003520                gpio_driver_set_direction
 .text.gpio_driver_set_level
                0x00003584       0xbc obj/gpio_driver_atmega1284p.o
                0x00003584                gpio_driver_set_level
 .text.gpio_driver_init_pin
                0x00003640       0x34 obj/gpio_driver_atmega1284p.o
                0x00003640                gpio_driver_init_pin
 .text.gpio_driver_init
                0x00003674      0x140 obj/gpio_driver_atmega1284p.o
                0x00003674                gpio_driver_init
 .text.gpio_driver_toggle_level
                0x000037b4       0x3c obj/gpio_driver_atmega1284p.o
                0x000037b4                gpio_driver_toggle_level
 .text.gpio_driver_get_level
                0x000037f0       0x3a obj/gpio_driver_atmega1284p.o
                0x000037f0                gpio_driver_get_level
 .text.I2C0_STATUS_set
                0x0000382a        0xe obj/i2c0_driver_status.o
                0x0000382a                I2C0_STATUS_set
 .text.I2C0_STATUS_is_set
                0x00003838       0x14 obj/i2c0_driver_status.o
                0x00003838                I2C0_STATUS_is_set
 .text.I2C0_STATUS_unset
                0x0000384c        0xc obj/i2c0_driver_status.o
                0x0000384c                I2C0_STATUS_unset
 .text.I2C0_TX_BUFFER_init
                0x00003858        0x8 obj/i2c0_driver_atmega1284p.o
                0x00003858                I2C0_TX_BUFFER_init
 .text.I2C0_TX_BUFFER_bytes_available
                0x00003860        0x8 obj/i2c0_driver_atmega1284p.o
                0x00003860                I2C0_TX_BUFFER_bytes_available
 .text.I2C0_TX_BUFFER_clear_all
                0x00003868        0x8 obj/i2c0_driver_atmega1284p.o
                0x00003868                I2C0_TX_BUFFER_clear_all
 .text.I2C0_TX_BUFFER_start_write
                0x00003870        0x8 obj/i2c0_driver_atmega1284p.o
                0x00003870                I2C0_TX_BUFFER_start_write
 .text.I2C0_TX_BUFFER_add_N_bytes
                0x00003878        0xc obj/i2c0_driver_atmega1284p.o
                0x00003878                I2C0_TX_BUFFER_add_N_bytes
 .text.I2C0_TX_BUFFER_stop_write
                0x00003884        0x8 obj/i2c0_driver_atmega1284p.o
                0x00003884                I2C0_TX_BUFFER_stop_write
 .text.I2C0_TX_BUFFER_start_read
                0x0000388c        0x8 obj/i2c0_driver_atmega1284p.o
                0x0000388c                I2C0_TX_BUFFER_start_read
 .text.I2C0_TX_BUFFER_get_byte
                0x00003894        0x8 obj/i2c0_driver_atmega1284p.o
                0x00003894                I2C0_TX_BUFFER_get_byte
 .text.I2C0_TX_BUFFER_stop_read
                0x0000389c        0x8 obj/i2c0_driver_atmega1284p.o
                0x0000389c                I2C0_TX_BUFFER_stop_read
 .text.I2C0_RX_BUFFER_init
                0x000038a4        0x8 obj/i2c0_driver_atmega1284p.o
                0x000038a4                I2C0_RX_BUFFER_init
 .text.I2C0_RX_BUFFER_bytes_available
                0x000038ac        0x8 obj/i2c0_driver_atmega1284p.o
                0x000038ac                I2C0_RX_BUFFER_bytes_available
 .text.I2C0_RX_BUFFER_clear_all
                0x000038b4        0x8 obj/i2c0_driver_atmega1284p.o
                0x000038b4                I2C0_RX_BUFFER_clear_all
 .text.I2C0_RX_BUFFER_start_write
                0x000038bc        0x8 obj/i2c0_driver_atmega1284p.o
                0x000038bc                I2C0_RX_BUFFER_start_write
 .text.I2C0_RX_BUFFER_add_byte
                0x000038c4        0xa obj/i2c0_driver_atmega1284p.o
                0x000038c4                I2C0_RX_BUFFER_add_byte
 .text.I2C0_RX_BUFFER_stop_write
                0x000038ce        0x8 obj/i2c0_driver_atmega1284p.o
                0x000038ce                I2C0_RX_BUFFER_stop_write
 .text.I2C0_RX_BUFFER_start_read
                0x000038d6        0x8 obj/i2c0_driver_atmega1284p.o
                0x000038d6                I2C0_RX_BUFFER_start_read
 .text.I2C0_RX_BUFFER_get_N_bytes
                0x000038de        0xc obj/i2c0_driver_atmega1284p.o
                0x000038de                I2C0_RX_BUFFER_get_N_bytes
 .text.I2C0_RX_BUFFER_stop_read
                0x000038ea        0x8 obj/i2c0_driver_atmega1284p.o
                0x000038ea                I2C0_RX_BUFFER_stop_read
 .text.i2c0_driver_initialize
                0x000038f2        0x4 obj/i2c0_driver_atmega1284p.o
                0x000038f2                i2c0_driver_initialize
 .text.i2c0_driver_configure
                0x000038f6       0xb8 obj/i2c0_driver_atmega1284p.o
                0x000038f6                i2c0_driver_configure
 .text.i2c0_driver_power_off
                0x000039ae       0x1a obj/i2c0_driver_atmega1284p.o
                0x000039ae                i2c0_driver_power_off
 .text.i2c0_driver_bytes_available
                0x000039c8        0x4 obj/i2c0_driver_atmega1284p.o
                0x000039c8                i2c0_driver_bytes_available
 .text.i2c0_driver_get_N_bytes
                0x000039cc       0x2e obj/i2c0_driver_atmega1284p.o
                0x000039cc                i2c0_driver_get_N_bytes
 .text.i2c0_driver_set_N_bytes
                0x000039fa       0x26 obj/i2c0_driver_atmega1284p.o
                0x000039fa                i2c0_driver_set_N_bytes
 .text.i2c0_driver_is_ready_for_rx
                0x00003a20       0x16 obj/i2c0_driver_atmega1284p.o
                0x00003a20                i2c0_driver_is_ready_for_rx
 .text.i2c0_driver_is_ready_for_tx
                0x00003a36        0x4 obj/i2c0_driver_atmega1284p.o
                0x00003a36                i2c0_driver_is_ready_for_tx
 .text.i2c0_driver_start_rx
                0x00003a3a       0x28 obj/i2c0_driver_atmega1284p.o
                0x00003a3a                i2c0_driver_start_rx
 .text.i2c0_driver_wait_for_rx
                0x00003a62       0x36 obj/i2c0_driver_atmega1284p.o
                0x00003a62                i2c0_driver_wait_for_rx
 .text.i2c0_driver_stop_rx
                0x00003a98        0xa obj/i2c0_driver_atmega1284p.o
                0x00003a98                i2c0_driver_stop_rx
 .text.i2c0_driver_start_tx
                0x00003aa2       0x24 obj/i2c0_driver_atmega1284p.o
                0x00003aa2                i2c0_driver_start_tx
 .text.i2c0_driver_wait_for_tx
                0x00003ac6        0x2 obj/i2c0_driver_atmega1284p.o
                0x00003ac6                i2c0_driver_wait_for_tx
 .text.i2c0_driver_stop_tx
                0x00003ac8        0xa obj/i2c0_driver_atmega1284p.o
                0x00003ac8                i2c0_driver_stop_tx
 .text.i2c0_driver_clear_rx_buffer
                0x00003ad2        0x4 obj/i2c0_driver_atmega1284p.o
                0x00003ad2                i2c0_driver_clear_rx_buffer
 .text.i2c0_driver_clear_tx_buffer
                0x00003ad6        0x4 obj/i2c0_driver_atmega1284p.o
                0x00003ad6                i2c0_driver_clear_tx_buffer
 .text.i2c0_driver_set_address
                0x00003ada        0x8 obj/i2c0_driver_atmega1284p.o
                0x00003ada                i2c0_driver_set_address
 .text.i2c0_driver_mutex_request
                0x00003ae2       0x18 obj/i2c0_driver_atmega1284p.o
                0x00003ae2                i2c0_driver_mutex_request
 .text.i2c0_driver_mutex_release
                0x00003afa        0xa obj/i2c0_driver_atmega1284p.o
                0x00003afa                i2c0_driver_mutex_release
 .text.__vector_26
                0x00003b04      0x1e2 obj/i2c0_driver_atmega1284p.o
                0x00003b04                __vector_26
 .text.SPI0_TX_BUFFER_init
                0x00003ce6        0x8 obj/spi0_driver_atmega1284p.o
                0x00003ce6                SPI0_TX_BUFFER_init
 .text.SPI0_TX_BUFFER_bytes_available
                0x00003cee        0x8 obj/spi0_driver_atmega1284p.o
                0x00003cee                SPI0_TX_BUFFER_bytes_available
 .text.SPI0_TX_BUFFER_clear_all
                0x00003cf6        0x8 obj/spi0_driver_atmega1284p.o
                0x00003cf6                SPI0_TX_BUFFER_clear_all
 .text.SPI0_TX_BUFFER_start_write
                0x00003cfe        0x8 obj/spi0_driver_atmega1284p.o
                0x00003cfe                SPI0_TX_BUFFER_start_write
 .text.SPI0_TX_BUFFER_add_N_bytes
                0x00003d06        0xc obj/spi0_driver_atmega1284p.o
                0x00003d06                SPI0_TX_BUFFER_add_N_bytes
 .text.SPI0_TX_BUFFER_stop_write
                0x00003d12        0x8 obj/spi0_driver_atmega1284p.o
                0x00003d12                SPI0_TX_BUFFER_stop_write
 .text.SPI0_TX_BUFFER_start_read
                0x00003d1a        0x8 obj/spi0_driver_atmega1284p.o
                0x00003d1a                SPI0_TX_BUFFER_start_read
 .text.SPI0_TX_BUFFER_get_byte
                0x00003d22        0x8 obj/spi0_driver_atmega1284p.o
                0x00003d22                SPI0_TX_BUFFER_get_byte
 .text.SPI0_TX_BUFFER_stop_read
                0x00003d2a        0x8 obj/spi0_driver_atmega1284p.o
                0x00003d2a                SPI0_TX_BUFFER_stop_read
 .text.SPI0_RX_BUFFER_init
                0x00003d32        0x8 obj/spi0_driver_atmega1284p.o
                0x00003d32                SPI0_RX_BUFFER_init
 .text.SPI0_RX_BUFFER_bytes_available
                0x00003d3a        0x8 obj/spi0_driver_atmega1284p.o
                0x00003d3a                SPI0_RX_BUFFER_bytes_available
 .text.SPI0_RX_BUFFER_clear_all
                0x00003d42        0x8 obj/spi0_driver_atmega1284p.o
                0x00003d42                SPI0_RX_BUFFER_clear_all
 .text.SPI0_RX_BUFFER_start_write
                0x00003d4a        0x8 obj/spi0_driver_atmega1284p.o
                0x00003d4a                SPI0_RX_BUFFER_start_write
 .text.SPI0_RX_BUFFER_add_byte
                0x00003d52        0xa obj/spi0_driver_atmega1284p.o
                0x00003d52                SPI0_RX_BUFFER_add_byte
 .text.SPI0_RX_BUFFER_stop_write
                0x00003d5c        0x8 obj/spi0_driver_atmega1284p.o
                0x00003d5c                SPI0_RX_BUFFER_stop_write
 .text.SPI0_RX_BUFFER_start_read
                0x00003d64        0x8 obj/spi0_driver_atmega1284p.o
                0x00003d64                SPI0_RX_BUFFER_start_read
 .text.SPI0_RX_BUFFER_get_N_bytes
                0x00003d6c        0xc obj/spi0_driver_atmega1284p.o
                0x00003d6c                SPI0_RX_BUFFER_get_N_bytes
 .text.SPI0_RX_BUFFER_stop_read
                0x00003d78        0x8 obj/spi0_driver_atmega1284p.o
                0x00003d78                SPI0_RX_BUFFER_stop_read
 .text.spi0_driver_initialize
                0x00003d80       0x1e obj/spi0_driver_atmega1284p.o
                0x00003d80                spi0_driver_initialize
 .text.spi0_driver_configure
                0x00003d9e       0xce obj/spi0_driver_atmega1284p.o
                0x00003d9e                spi0_driver_configure
 .text.spi0_driver_power_off
                0x00003e6c       0x1c obj/spi0_driver_atmega1284p.o
                0x00003e6c                spi0_driver_power_off
 .text.spi0_driver_bytes_available
                0x00003e88        0x4 obj/spi0_driver_atmega1284p.o
                0x00003e88                spi0_driver_bytes_available
 .text.spi0_driver_get_N_bytes
                0x00003e8c       0x22 obj/spi0_driver_atmega1284p.o
                0x00003e8c                spi0_driver_get_N_bytes
 .text.spi0_driver_set_N_bytes
                0x00003eae       0x26 obj/spi0_driver_atmega1284p.o
                0x00003eae                spi0_driver_set_N_bytes
 .text.spi0_driver_is_ready_for_tx
                0x00003ed4        0xc obj/spi0_driver_atmega1284p.o
                0x00003ed4                spi0_driver_is_ready_for_tx
 .text.spi0_driver_is_ready_for_rx
                0x00003ee0        0xc obj/spi0_driver_atmega1284p.o
                0x00003ee0                spi0_driver_is_ready_for_rx
 .text.spi0_driver_start_rx
                0x00003eec        0xa obj/spi0_driver_atmega1284p.o
                0x00003eec                spi0_driver_start_rx
 .text.spi0_driver_stop_rx
                0x00003ef6        0x6 obj/spi0_driver_atmega1284p.o
                0x00003ef6                spi0_driver_stop_rx
 .text.spi0_driver_stop_tx
                0x00003efc        0x8 obj/spi0_driver_atmega1284p.o
                0x00003efc                spi0_driver_stop_tx
 .text.spi0_driver_wait_for_rx
                0x00003f04       0x54 obj/spi0_driver_atmega1284p.o
                0x00003f04                spi0_driver_wait_for_rx
 .text.spi0_driver_start_tx
                0x00003f58       0x18 obj/spi0_driver_atmega1284p.o
                0x00003f58                spi0_driver_start_tx
 .text.spi0_driver_wait_for_tx
                0x00003f70       0x58 obj/spi0_driver_atmega1284p.o
                0x00003f70                spi0_driver_wait_for_tx
 .text.spi0_driver_clear_rx_buffer
                0x00003fc8        0x4 obj/spi0_driver_atmega1284p.o
                0x00003fc8                spi0_driver_clear_rx_buffer
 .text.spi0_driver_clear_tx_buffer
                0x00003fcc        0x4 obj/spi0_driver_atmega1284p.o
                0x00003fcc                spi0_driver_clear_tx_buffer
 .text.spi0_driver_set_address
                0x00003fd0        0x2 obj/spi0_driver_atmega1284p.o
                0x00003fd0                spi0_driver_set_address
 .text.spi0_driver_mutex_request
                0x00003fd2       0x18 obj/spi0_driver_atmega1284p.o
                0x00003fd2                spi0_driver_mutex_request
 .text.spi0_driver_mutex_release
                0x00003fea        0xa obj/spi0_driver_atmega1284p.o
                0x00003fea                spi0_driver_mutex_release
 .text.__vector_19
                0x00003ff4       0x9e obj/spi0_driver_atmega1284p.o
                0x00003ff4                __vector_19
 .text.usart0_driver_initialize
                0x00004092        0x2 obj/usart0_driver_atmega1284p.o
                0x00004092                usart0_driver_initialize
 .text.usart0_driver_configure
                0x00004094       0xe2 obj/usart0_driver_atmega1284p.o
                0x00004094                usart0_driver_configure
 .text.usart0_driver_power_off
                0x00004176       0x10 obj/usart0_driver_atmega1284p.o
                0x00004176                usart0_driver_power_off
 .text.usart0_driver_bytes_available
                0x00004186        0x8 obj/usart0_driver_atmega1284p.o
                0x00004186                usart0_driver_bytes_available
 .text.usart0_driver_get_N_bytes
                0x0000418e       0x46 obj/usart0_driver_atmega1284p.o
                0x0000418e                usart0_driver_get_N_bytes
 .text.usart0_driver_set_N_bytes
                0x000041d4       0x38 obj/usart0_driver_atmega1284p.o
                0x000041d4                usart0_driver_set_N_bytes
 .text.usart0_driver_is_ready_for_rx
                0x0000420c        0x4 obj/usart0_driver_atmega1284p.o
                0x0000420c                usart0_driver_is_ready_for_rx
 .text.usart0_driver_start_rx
                0x00004210       0x18 obj/usart0_driver_atmega1284p.o
                0x00004210                usart0_driver_start_rx
 .text.usart0_driver_wait_for_rx
                0x00004228        0x2 obj/usart0_driver_atmega1284p.o
                0x00004228                usart0_driver_wait_for_rx
 .text.usart0_driver_stop_rx
                0x0000422a        0xc obj/usart0_driver_atmega1284p.o
                0x0000422a                usart0_driver_stop_rx
 .text.usart0_driver_is_ready_for_tx
                0x00004236        0xc obj/usart0_driver_atmega1284p.o
                0x00004236                usart0_driver_is_ready_for_tx
 .text.usart0_driver_start_tx
                0x00004242       0x38 obj/usart0_driver_atmega1284p.o
                0x00004242                usart0_driver_start_tx
 .text.usart0_driver_wait_for_tx
                0x0000427a        0x2 obj/usart0_driver_atmega1284p.o
                0x0000427a                usart0_driver_wait_for_tx
 .text.usart0_driver_stop_tx
                0x0000427c        0xe obj/usart0_driver_atmega1284p.o
                0x0000427c                usart0_driver_stop_tx
 .text.usart0_driver_clear_rx_buffer
                0x0000428a        0x8 obj/usart0_driver_atmega1284p.o
                0x0000428a                usart0_driver_clear_rx_buffer
 .text.usart0_driver_clear_tx_buffer
                0x00004292        0x8 obj/usart0_driver_atmega1284p.o
                0x00004292                usart0_driver_clear_tx_buffer
 .text.usart0_driver_set_address
                0x0000429a        0x2 obj/usart0_driver_atmega1284p.o
                0x0000429a                usart0_driver_set_address
 .text.usart0_driver_mutex_request
                0x0000429c        0x4 obj/usart0_driver_atmega1284p.o
                0x0000429c                usart0_driver_mutex_request
 .text.usart0_driver_mutex_release
                0x000042a0        0x2 obj/usart0_driver_atmega1284p.o
                0x000042a0                usart0_driver_mutex_release
 .text.__vector_22
                0x000042a2       0x68 obj/usart0_driver_atmega1284p.o
                0x000042a2                __vector_22
 .text.__vector_20
                0x0000430a       0x88 obj/usart0_driver_atmega1284p.o
                0x0000430a                __vector_20
 .text.usart1_driver_initialize
                0x00004392        0x2 obj/usart1_driver_atmega1284p.o
                0x00004392                usart1_driver_initialize
 .text.usart1_driver_configure
                0x00004394       0xe2 obj/usart1_driver_atmega1284p.o
                0x00004394                usart1_driver_configure
 .text.usart1_driver_power_off
                0x00004476       0x10 obj/usart1_driver_atmega1284p.o
                0x00004476                usart1_driver_power_off
 .text.usart1_driver_bytes_available
                0x00004486        0x8 obj/usart1_driver_atmega1284p.o
                0x00004486                usart1_driver_bytes_available
 .text.usart1_driver_get_N_bytes
                0x0000448e       0x46 obj/usart1_driver_atmega1284p.o
                0x0000448e                usart1_driver_get_N_bytes
 .text.usart1_driver_set_N_bytes
                0x000044d4       0x38 obj/usart1_driver_atmega1284p.o
                0x000044d4                usart1_driver_set_N_bytes
 .text.usart1_driver_is_ready_for_rx
                0x0000450c        0x4 obj/usart1_driver_atmega1284p.o
                0x0000450c                usart1_driver_is_ready_for_rx
 .text.usart1_driver_start_rx
                0x00004510       0x18 obj/usart1_driver_atmega1284p.o
                0x00004510                usart1_driver_start_rx
 .text.usart1_driver_wait_for_rx
                0x00004528        0x2 obj/usart1_driver_atmega1284p.o
                0x00004528                usart1_driver_wait_for_rx
 .text.usart1_driver_stop_rx
                0x0000452a        0xc obj/usart1_driver_atmega1284p.o
                0x0000452a                usart1_driver_stop_rx
 .text.usart1_driver_is_ready_for_tx
                0x00004536        0xc obj/usart1_driver_atmega1284p.o
                0x00004536                usart1_driver_is_ready_for_tx
 .text.usart1_driver_start_tx
                0x00004542       0x38 obj/usart1_driver_atmega1284p.o
                0x00004542                usart1_driver_start_tx
 .text.usart1_driver_wait_for_tx
                0x0000457a        0x2 obj/usart1_driver_atmega1284p.o
                0x0000457a                usart1_driver_wait_for_tx
 .text.usart1_driver_stop_tx
                0x0000457c        0xe obj/usart1_driver_atmega1284p.o
                0x0000457c                usart1_driver_stop_tx
 .text.usart1_driver_clear_rx_buffer
                0x0000458a        0x8 obj/usart1_driver_atmega1284p.o
                0x0000458a                usart1_driver_clear_rx_buffer
 .text.usart1_driver_clear_tx_buffer
                0x00004592        0x8 obj/usart1_driver_atmega1284p.o
                0x00004592                usart1_driver_clear_tx_buffer
 .text.usart1_driver_set_address
                0x0000459a        0x2 obj/usart1_driver_atmega1284p.o
                0x0000459a                usart1_driver_set_address
 .text.usart1_driver_mutex_request
                0x0000459c        0x4 obj/usart1_driver_atmega1284p.o
                0x0000459c                usart1_driver_mutex_request
 .text.usart1_driver_mutex_release
                0x000045a0        0x2 obj/usart1_driver_atmega1284p.o
                0x000045a0                usart1_driver_mutex_release
 .text.__vector_30
                0x000045a2       0x68 obj/usart1_driver_atmega1284p.o
                0x000045a2                __vector_30
 .text.__vector_28
                0x0000460a       0x88 obj/usart1_driver_atmega1284p.o
                0x0000460a                __vector_28
 .text.sensor_initialization
                0x00004692       0x22 obj/sensor_initialization.o
                0x00004692                sensor_initialization
 .text.extern_input_01_init
                0x000046b4        0x8 obj/button_initialization.o
                0x000046b4                extern_input_01_init
 .text.extern_input_02_init
                0x000046bc        0x8 obj/button_initialization.o
                0x000046bc                extern_input_02_init
 .text.extern_input_03_init
                0x000046c4        0x8 obj/button_initialization.o
                0x000046c4                extern_input_03_init
 .text.extern_input_04_init
                0x000046cc        0x8 obj/button_initialization.o
                0x000046cc                extern_input_04_init
 .text.button_initialization
                0x000046d4        0xc obj/button_initialization.o
                0x000046d4                button_initialization
 .text.extern_output_01_init
                0x000046e0        0xe obj/output_initialization.o
                0x000046e0                extern_output_01_init
 .text.extern_output_02_init
                0x000046ee        0xe obj/output_initialization.o
                0x000046ee                extern_output_02_init
 .text.extern_output_03_init
                0x000046fc        0xe obj/output_initialization.o
                0x000046fc                extern_output_03_init
 .text.extern_output_04_init
                0x0000470a        0xe obj/output_initialization.o
                0x0000470a                extern_output_04_init
 .text.output_initialization
                0x00004718        0x8 obj/output_initialization.o
                0x00004718                output_initialization
 .text.protocol_initialization
                0x00004720        0xc obj/protocol_initialization.o
                0x00004720                protocol_initialization
 .text.command_initialization
                0x0000472c        0x8 obj/command_initialization.o
                0x0000472c                command_initialization
 .text.task_initialization
                0x00004734       0x34 obj/task_initialization.o
                0x00004734                task_initialization
 .text.system_initialization
                0x00004768       0x4e obj/system_initialization.o
                0x00004768                system_initialization
 .text.POWER_UNIT_5V_init
                0x000047b6       0x14 obj/power_initialization.o
                0x000047b6                POWER_UNIT_5V_init
 .text.POWER_UNIT_5V_is_on
                0x000047ca        0x8 obj/power_initialization.o
                0x000047ca                POWER_UNIT_5V_is_on
 .text.POWER_UNIT_5V_request
                0x000047d2        0x8 obj/power_initialization.o
                0x000047d2                POWER_UNIT_5V_request
 .text.POWER_UNIT_5V_release
                0x000047da        0x8 obj/power_initialization.o
                0x000047da                POWER_UNIT_5V_release
 .text.power_initialization
                0x000047e2        0x4 obj/power_initialization.o
                0x000047e2                power_initialization
 .text.initialization
                0x000047e6       0x26 obj/initialization.o
                0x000047e6                initialization
 .text.libgcc   0x0000480c       0x12 /usr/lib/gcc/avr/5.4.0/avr51/libgcc.a(_tablejump2.o)
                0x0000480c                __tablejump2__
 .text.libgcc.mul
                0x0000481e       0x1e /usr/lib/gcc/avr/5.4.0/avr51/libgcc.a(_umulhisi3.o)
                0x0000481e                __umulhisi3
 .text.libgcc.prologue
                0x0000483c       0x38 /usr/lib/gcc/avr/5.4.0/avr51/libgcc.a(_prologue.o)
                0x0000483c                __prologue_saves__
 .text.libgcc.prologue
                0x00004874       0x36 /usr/lib/gcc/avr/5.4.0/avr51/libgcc.a(_epilogue.o)
                0x00004874                __epilogue_restores__
                0x000048aa                . = ALIGN (0x2)
 *(.fini9)
 .fini9         0x000048aa        0x0 /usr/lib/gcc/avr/5.4.0/avr51/libgcc.a(_exit.o)
                0x000048aa                exit
                0x000048aa                _exit
 *(.fini9)
 *(.fini8)
 *(.fini8)
 *(.fini7)
 *(.fini7)
 *(.fini6)
 *(.fini6)
 *(.fini5)
 *(.fini5)
 *(.fini4)
 *(.fini4)
 *(.fini3)
 *(.fini3)
 *(.fini2)
 *(.fini2)
 *(.fini1)
 *(.fini1)
 *(.fini0)
 .fini0         0x000048aa        0x4 /usr/lib/gcc/avr/5.4.0/avr51/libgcc.a(_exit.o)
 *(.fini0)
                0x000048ae                _etext = .

.data           0x00800100      0x46e load address 0x000048ae
                0x00800100                PROVIDE (__data_start, .)
 *(.data)
 .data          0x00800100       0x40 obj/board_180920.o
                0x00800100                p_pin_GPIO_PORT_D_GPIO_PIN_7
                0x00800102                p_pin_GPIO_PORT_D_GPIO_PIN_6
                0x00800104                p_pin_GPIO_PORT_D_GPIO_PIN_5
                0x00800106                p_pin_GPIO_PORT_D_GPIO_PIN_4
                0x00800108                p_pin_GPIO_PORT_D_GPIO_PIN_3
                0x0080010a                p_pin_GPIO_PORT_D_GPIO_PIN_2
                0x0080010c                p_pin_GPIO_PORT_D_GPIO_PIN_1
                0x0080010e                p_pin_GPIO_PORT_D_GPIO_PIN_0
                0x00800110                p_pin_GPIO_PORT_C_GPIO_PIN_7
                0x00800112                p_pin_GPIO_PORT_C_GPIO_PIN_6
                0x00800114                p_pin_GPIO_PORT_C_GPIO_PIN_5
                0x00800116                p_pin_GPIO_PORT_C_GPIO_PIN_4
                0x00800118                p_pin_GPIO_PORT_C_GPIO_PIN_3
                0x0080011a                p_pin_GPIO_PORT_C_GPIO_PIN_2
                0x0080011c                p_pin_GPIO_PORT_C_GPIO_PIN_1
                0x0080011e                p_pin_GPIO_PORT_C_GPIO_PIN_0
                0x00800120                p_pin_GPIO_PORT_B_GPIO_PIN_7
                0x00800122                p_pin_GPIO_PORT_B_GPIO_PIN_6
                0x00800124                p_pin_GPIO_PORT_B_GPIO_PIN_5
                0x00800126                p_pin_GPIO_PORT_B_GPIO_PIN_4
                0x00800128                p_pin_GPIO_PORT_B_GPIO_PIN_3
                0x0080012a                p_pin_GPIO_PORT_B_GPIO_PIN_2
                0x0080012c                p_pin_GPIO_PORT_B_GPIO_PIN_1
                0x0080012e                p_pin_GPIO_PORT_B_GPIO_PIN_0
                0x00800130                p_pin_GPIO_PORT_A_GPIO_PIN_7
                0x00800132                p_pin_GPIO_PORT_A_GPIO_PIN_6
                0x00800134                p_pin_GPIO_PORT_A_GPIO_PIN_5
                0x00800136                p_pin_GPIO_PORT_A_GPIO_PIN_4
                0x00800138                p_pin_GPIO_PORT_A_GPIO_PIN_3
                0x0080013a                p_pin_GPIO_PORT_A_GPIO_PIN_2
                0x0080013c                p_pin_GPIO_PORT_A_GPIO_PIN_1
                0x0080013e                p_pin_GPIO_PORT_A_GPIO_PIN_0
 .data          0x00800140       0x9c obj/system_interface.o
 .data          0x008001dc        0x5 obj/mcu_task_controller.o
 .data          0x008001e1        0x2 obj/local_ads1115_mcu_task.o
 .data          0x008001e3        0xb obj/local_sht31_mcu_task.o
 .data          0x008001ee       0x4a obj/copro.o
 .data          0x00800238        0x5 obj/light_resistor_gm5528.o
 .data          0x0080023d       0x55 obj/rpi_protocol_handler_client.o
 .data          0x00800292       0x19 obj/command_controller.o
 .data          0x008002ab       0x14 obj/rpi_command_handler.o
 .data          0x008002bf       0x21 obj/rpi_command_handler_table.o
                0x008002bf                rpi_cmd_handler_table
 .data          0x008002e0       0x16 obj/i2c0_driver_atmega1284p.o
 .data          0x008002f6       0x16 obj/spi0_driver_atmega1284p.o
 .data          0x0080030c       0x16 obj/usart0_driver_atmega1284p.o
 .data          0x00800322       0x16 obj/usart1_driver_atmega1284p.o
 .data          0x00800338       0x44 obj/button_initialization.o
 .data          0x0080037c       0x5c obj/output_initialization.o
 .data          0x008003d8       0x96 obj/task_initialization.o
 *(.data*)
 *(.gnu.linkonce.d*)
 *(.rodata)
 .rodata        0x0080046e       0x60 obj/board_180920.o
                0x0080046e                READY_INOUT
                0x00800471                TRACE_OUT
                0x00800474                MCU_PIN_14
                0x00800477                MASTER_SPI_CLK
                0x0080047a                UART1_TX
                0x0080047d                UART1_RX
                0x00800480                UART0_TX
                0x00800483                UART0_RX
                0x00800486                MCU_PIN_26
                0x00800489                MCU_PIN_25
                0x0080048c                MCU_PIN_24
                0x0080048f                MCU_PIN_23
                0x00800492                EXT_RESET
                0x00800495                EXT_POWER_02
                0x00800498                I2C_SDA
                0x0080049b                I2C_SCL
                0x0080049e                SPI0_SCK
                0x008004a1                SPI0_MISO
                0x008004a4                SPI0_MOSI
                0x008004a7                SPI0_CE
                0x008004aa                EXTERN_INPUT_04
                0x008004ad                EXTERN_INPUT_03
                0x008004b0                EXTERN_INPUT_02
                0x008004b3                EXTERN_INPUT_01
                0x008004b6                MCU_PIN_30
                0x008004b9                MCU_PIN_31
                0x008004bc                EXT_POWER_01
                0x008004bf                EVENT_OUTPUT
                0x008004c2                EXTERN_OUTPUT_01
                0x008004c5                EXTERN_OUTPUT_02
                0x008004c8                EXTERN_OUTPUT_03
                0x008004cb                EXTERN_OUTPUT_04
 .rodata        0x008004ce       0x2a obj/system_interface.o
                0x008004ce                i_system
 .rodata        0x008004f8        0x4 obj/local_ads1115_mcu_task.o
 .rodata        0x008004fc       0x28 obj/copro.o
                0x008004fc                COPRO1
 .rodata        0x00800524       0x4a obj/rpi_protocol_handler_client.o
 *(.rodata*)
 *(.gnu.linkonce.r*)
                0x0080056e                . = ALIGN (0x2)
                0x0080056e                _edata = .
                0x0080056e                PROVIDE (__data_end, .)

.bss            0x0080056e      0x77a
                0x0080056e                PROVIDE (__bss_start, .)
 *(.bss)
 .bss           0x0080056e        0x1 obj/signal_slot_interface.o
 .bss           0x0080056f        0x4 obj/mcu_task_controller.o
 .bss           0x00800573       0x39 obj/local_event_task.o
 .bss           0x008005ac       0x2b obj/copro_routing_mcu_task.o
 .bss           0x008005d7       0x5a obj/local_ads1115_mcu_task.o
 .bss           0x00800631      0x11b obj/local_sht31_mcu_task.o
 .bss           0x0080074c        0x6 obj/copro.o
 .bss           0x00800752       0x6f obj/light_resistor_gm5528.o
 .bss           0x008007c1       0xae obj/rpi_protocol_handler_client.o
                0x008007c1                driver_mutex_id
 .bss           0x0080086f        0x5 obj/io_output_controller.o
 .bss           0x00800874        0x7 obj/io_input_controller.o
 .bss           0x0080087b        0x6 obj/command_controller.o
 .bss           0x00800881        0x6 obj/rpi_command_handler.o
 .bss           0x00800887        0x4 obj/rpi_cmd_handler_routing.o
 .bss           0x0080088b        0x5 obj/rtc_driver_atmega1284p.o
 .bss           0x00800890      0x10b obj/i2c0_driver_atmega1284p.o
 .bss           0x0080099b      0x109 obj/spi0_driver_atmega1284p.o
 .bss           0x00800aa4      0x102 obj/usart0_driver_atmega1284p.o
 .bss           0x00800ba6      0x102 obj/usart1_driver_atmega1284p.o
 .bss           0x00800ca8        0xc obj/power_initialization.o
 *(.bss*)
 *(COMMON)
 COMMON         0x00800cb4        0x3 obj/i2c0_driver_status.o
                0x00800cb4                __I2C0_STATUS_module_status
 COMMON         0x00800cb7        0x2 obj/usart0_driver_atmega1284p.o
                0x00800cb7                __local_usart_status_module_status
 COMMON         0x00800cb9        0x2 obj/usart1_driver_atmega1284p.o
                0x00800cb9                __usart1_status_module_status
 COMMON         0x00800cbb       0x2d obj/initialization.o
                0x00800cbb                system_context
                0x00800ce8                PROVIDE (__bss_end, .)
                0x000048ae                __data_load_start = LOADADDR (.data)
                0x00004d1c                __data_load_end = (__data_load_start + SIZEOF (.data))

.noinit         0x00800ce8        0x0
                [!provide]                PROVIDE (__noinit_start, .)
 *(.noinit*)
                [!provide]                PROVIDE (__noinit_end, .)
                0x00800ce8                _end = .
                [!provide]                PROVIDE (__heap_start, .)

.eeprom         0x00810000        0x0
 *(.eeprom*)
                0x00810000                __eeprom_end = .

.fuse
 *(.fuse)
 *(.lfuse)
 *(.hfuse)
 *(.efuse)

.lock
 *(.lock*)

.signature
 *(.signature*)

.user_signatures
 *(.user_signatures*)

.stab
 *(.stab)

.stabstr
 *(.stabstr)

.stab.excl
 *(.stab.excl)

.stab.exclstr
 *(.stab.exclstr)

.stab.index
 *(.stab.index)

.stab.indexstr
 *(.stab.indexstr)

.comment        0x00000000       0x11
 *(.comment)
 .comment       0x00000000       0x11 obj/main_rpi_hat.o
                                 0x12 (size before relaxing)
 .comment       0x00000011       0x12 obj/board_180920.o
 .comment       0x00000011       0x12 obj/local_module_status.o
 .comment       0x00000011       0x12 obj/local_mutex.o
 .comment       0x00000011       0x12 obj/local_data_storage_array.o
 .comment       0x00000011       0x12 obj/local_msg_buffer.o
 .comment       0x00000011       0x12 obj/signal_slot_interface.o
 .comment       0x00000011       0x12 obj/math_module.o
 .comment       0x00000011       0x12 obj/system_interface.o
 .comment       0x00000011       0x12 obj/time_management.o
 .comment       0x00000011       0x12 obj/mcu_task_controller.o
 .comment       0x00000011       0x12 obj/mcu_idle_task.o
 .comment       0x00000011       0x12 obj/local_event_task.o
 .comment       0x00000011       0x12 obj/copro_routing_mcu_task.o
 .comment       0x00000011       0x12 obj/local_ads1115_mcu_task.o
 .comment       0x00000011       0x12 obj/local_sht31_mcu_task.o
 .comment       0x00000011       0x12 obj/copro.o
 .comment       0x00000011       0x12 obj/light_resistor_gm5528.o
 .comment       0x00000011       0x12 obj/rpi_protocol_handler_client.o
 .comment       0x00000011       0x12 obj/power_management.o
 .comment       0x00000011       0x12 obj/io_output_controller.o
 .comment       0x00000011       0x12 obj/io_input_controller.o
 .comment       0x00000011       0x12 obj/command_controller.o
 .comment       0x00000011       0x12 obj/rpi_command_handler.o
 .comment       0x00000011       0x12 obj/rpi_command_handler_table.o
 .comment       0x00000011       0x12 obj/rpi_cmd_handler_system.o
 .comment       0x00000011       0x12 obj/rpi_cmd_handler_io.o
 .comment       0x00000011       0x12 obj/rpi_cmd_handler_sensor.o
 .comment       0x00000011       0x12 obj/rpi_cmd_handler_routing.o
 .comment       0x00000011       0x12 obj/rtc_driver_atmega1284p.o
 .comment       0x00000011       0x12 obj/clock_driver_atmega1284p.o
 .comment       0x00000011       0x12 obj/gpio_driver_atmega1284p.o
 .comment       0x00000011       0x12 obj/i2c0_driver_status.o
 .comment       0x00000011       0x12 obj/i2c0_driver_atmega1284p.o
 .comment       0x00000011       0x12 obj/spi0_driver_atmega1284p.o
 .comment       0x00000011       0x12 obj/usart0_driver_atmega1284p.o
 .comment       0x00000011       0x12 obj/usart1_driver_atmega1284p.o
 .comment       0x00000011       0x12 obj/sensor_initialization.o
 .comment       0x00000011       0x12 obj/button_initialization.o
 .comment       0x00000011       0x12 obj/output_initialization.o
 .comment       0x00000011       0x12 obj/protocol_initialization.o
 .comment       0x00000011       0x12 obj/command_initialization.o
 .comment       0x00000011       0x12 obj/task_initialization.o
 .comment       0x00000011       0x12 obj/system_initialization.o
 .comment       0x00000011       0x12 obj/power_initialization.o
 .comment       0x00000011       0x12 obj/initialization.o

.note.gnu.avr.deviceinfo
                0x00000000       0x40
 .note.gnu.avr.deviceinfo
                0x00000000       0x40 /usr/lib/gcc/avr/5.4.0/../../../avr/lib/avr51/crtatmega1284p.o

.note.gnu.build-id
 *(.note.gnu.build-id)

.debug
 *(.debug)

.line
 *(.line)

.debug_srcinfo
 *(.debug_srcinfo)

.debug_sfnames
 *(.debug_sfnames)

.debug_aranges
 *(.debug_aranges)

.debug_pubnames
 *(.debug_pubnames)

.debug_info     0x00000000      0x792
 *(.debug_info .gnu.linkonce.wi.*)
 .debug_info    0x00000000      0x792 /usr/lib/gcc/avr/5.4.0/../../../avr/lib/avr51/crtatmega1284p.o

.debug_abbrev   0x00000000      0x729
 *(.debug_abbrev)
 .debug_abbrev  0x00000000      0x729 /usr/lib/gcc/avr/5.4.0/../../../avr/lib/avr51/crtatmega1284p.o

.debug_line     0x00000000       0x1a
 *(.debug_line .debug_line.* .debug_line_end)
 .debug_line    0x00000000       0x1a /usr/lib/gcc/avr/5.4.0/../../../avr/lib/avr51/crtatmega1284p.o

.debug_frame
 *(.debug_frame)

.debug_str      0x00000000      0x296
 *(.debug_str)
 .debug_str     0x00000000      0x296 /usr/lib/gcc/avr/5.4.0/../../../avr/lib/avr51/crtatmega1284p.o

.debug_loc
 *(.debug_loc)

.debug_macinfo
 *(.debug_macinfo)

.debug_weaknames
 *(.debug_weaknames)

.debug_funcnames
 *(.debug_funcnames)

.debug_typenames
 *(.debug_typenames)

.debug_varnames
 *(.debug_varnames)

.debug_pubtypes
 *(.debug_pubtypes)

.debug_ranges
 *(.debug_ranges)

.debug_macro
 *(.debug_macro)
OUTPUT(obj/RPI_Hat_ControlBoard_V2.elf elf32-avr)
LOAD linker stubs
