Archive member included to satisfy reference by file (symbol)

/usr/lib/gcc/arm-linux-gnueabihf/8/libgcc.a(_arm_addsubdf3.o)
                              obj/rtc_driver_raspberrypi.o (__aeabi_ul2d)
/usr/lib/gcc/arm-linux-gnueabihf/8/libgcc.a(_fixunsdfdi.o)
                              obj/rtc_driver_raspberrypi.o (__aeabi_d2ulz)
//usr/lib/arm-linux-gnueabihf/libc_nonshared.a(elf-init.oS)
                              /usr/lib/gcc/arm-linux-gnueabihf/8/../../../arm-linux-gnueabihf/crt1.o (__libc_csu_init)
//usr/lib/arm-linux-gnueabihf/libc_nonshared.a(stat.oS)
                              obj/file_interface.o (stat)

Allocating common symbols
Common symbol       size              file

system_context      0x2e              obj/initialization.o

Discarded input sections

 .rodata.cst4   0x00000000        0x4 /usr/lib/gcc/arm-linux-gnueabihf/8/../../../arm-linux-gnueabihf/crt1.o
 .ARM.extab     0x00000000        0x0 /usr/lib/gcc/arm-linux-gnueabihf/8/../../../arm-linux-gnueabihf/crt1.o
 .data          0x00000000        0x4 /usr/lib/gcc/arm-linux-gnueabihf/8/../../../arm-linux-gnueabihf/crt1.o
 .bss           0x00000000        0x0 /usr/lib/gcc/arm-linux-gnueabihf/8/../../../arm-linux-gnueabihf/crt1.o
 .note.GNU-stack
                0x00000000        0x0 /usr/lib/gcc/arm-linux-gnueabihf/8/../../../arm-linux-gnueabihf/crt1.o
 .data          0x00000000        0x0 /usr/lib/gcc/arm-linux-gnueabihf/8/../../../arm-linux-gnueabihf/crti.o
 .bss           0x00000000        0x0 /usr/lib/gcc/arm-linux-gnueabihf/8/../../../arm-linux-gnueabihf/crti.o
 .note.GNU-stack
                0x00000000        0x0 /usr/lib/gcc/arm-linux-gnueabihf/8/../../../arm-linux-gnueabihf/crti.o
 .data          0x00000000        0x4 /usr/lib/gcc/arm-linux-gnueabihf/8/crtbegin.o
 .note.GNU-stack
                0x00000000        0x0 /usr/lib/gcc/arm-linux-gnueabihf/8/crtbegin.o
 .data          0x00000000        0x0 obj/main_mqtt_helper.o
 .note.GNU-stack
                0x00000000        0x0 obj/main_mqtt_helper.o
 .bss           0x00000000        0x0 obj/board_RASPBERRYPI.o
 .note.GNU-stack
                0x00000000        0x0 obj/board_RASPBERRYPI.o
 .data          0x00000000        0x0 obj/local_module_status.o
 .bss           0x00000000        0x0 obj/local_module_status.o
 .note.GNU-stack
                0x00000000        0x0 obj/local_module_status.o
 .data          0x00000000        0x0 obj/local_mutex.o
 .bss           0x00000000        0x0 obj/local_mutex.o
 .note.GNU-stack
                0x00000000        0x0 obj/local_mutex.o
 .text          0x00000000       0x1c obj/local_progmem_load.o
 .data          0x00000000        0x0 obj/local_progmem_load.o
 .bss           0x00000000        0x0 obj/local_progmem_load.o
 .comment       0x00000000       0x24 obj/local_progmem_load.o
 .note.GNU-stack
                0x00000000        0x0 obj/local_progmem_load.o
 .ARM.attributes
                0x00000000       0x2f obj/local_progmem_load.o
 .text          0x00000000      0x3f8 obj/local_data_storage_array.o
 .data          0x00000000        0x0 obj/local_data_storage_array.o
 .bss           0x00000000        0x0 obj/local_data_storage_array.o
 .comment       0x00000000       0x24 obj/local_data_storage_array.o
 .note.GNU-stack
                0x00000000        0x0 obj/local_data_storage_array.o
 .ARM.attributes
                0x00000000       0x2f obj/local_data_storage_array.o
 .text          0x00000000      0x284 obj/local_msg_buffer.o
 .data          0x00000000        0x0 obj/local_msg_buffer.o
 .bss           0x00000000        0x0 obj/local_msg_buffer.o
 .comment       0x00000000       0x24 obj/local_msg_buffer.o
 .note.GNU-stack
                0x00000000        0x0 obj/local_msg_buffer.o
 .ARM.attributes
                0x00000000       0x2f obj/local_msg_buffer.o
 .data          0x00000000        0x0 obj/signal_slot_interface.o
 .note.GNU-stack
                0x00000000        0x0 obj/signal_slot_interface.o
 .text          0x00000000       0x7c obj/math_module.o
 .data          0x00000000        0x0 obj/math_module.o
 .bss           0x00000000        0x0 obj/math_module.o
 .comment       0x00000000       0x24 obj/math_module.o
 .note.GNU-stack
                0x00000000        0x0 obj/math_module.o
 .ARM.attributes
                0x00000000       0x2f obj/math_module.o
 .text          0x00000000       0xac obj/common_tools_number.o
 .data          0x00000000        0x0 obj/common_tools_number.o
 .bss           0x00000000        0x0 obj/common_tools_number.o
 .comment       0x00000000       0x24 obj/common_tools_number.o
 .note.GNU-stack
                0x00000000        0x0 obj/common_tools_number.o
 .ARM.attributes
                0x00000000       0x2f obj/common_tools_number.o
 .data          0x00000000        0x0 obj/common_tools_string.o
 .bss           0x00000000        0x0 obj/common_tools_string.o
 .note.GNU-stack
                0x00000000        0x0 obj/common_tools_string.o
 .text          0x00000000       0x40 obj/common_tools_datetime.o
 .data          0x00000000        0x0 obj/common_tools_datetime.o
 .bss           0x00000000        0x0 obj/common_tools_datetime.o
 .comment       0x00000000       0x24 obj/common_tools_datetime.o
 .note.GNU-stack
                0x00000000        0x0 obj/common_tools_datetime.o
 .ARM.attributes
                0x00000000       0x2f obj/common_tools_datetime.o
 .data          0x00000000        0x0 obj/qeue_interface.o
 .bss           0x00000000        0x0 obj/qeue_interface.o
 .note.GNU-stack
                0x00000000        0x0 obj/qeue_interface.o
 .text          0x00000000       0x10 obj/specific.o
 .data          0x00000000        0x0 obj/specific.o
 .bss           0x00000000        0x0 obj/specific.o
 .comment       0x00000000       0x24 obj/specific.o
 .note.GNU-stack
                0x00000000        0x0 obj/specific.o
 .ARM.attributes
                0x00000000       0x2f obj/specific.o
 .bss           0x00000000        0x0 obj/system_interface.o
 .note.GNU-stack
                0x00000000        0x0 obj/system_interface.o
 .text          0x00000000      0x408 obj/tracer_console.o
 .data          0x00000000        0x0 obj/tracer_console.o
 .bss           0x00000000        0x2 obj/tracer_console.o
 .rodata.str1.1
                0x00000000      0x121 obj/tracer_console.o
 .comment       0x00000000       0x24 obj/tracer_console.o
 .note.GNU-stack
                0x00000000        0x0 obj/tracer_console.o
 .ARM.attributes
                0x00000000       0x2f obj/tracer_console.o
 .data          0x00000000        0x0 obj/time_management.o
 .bss           0x00000000        0x0 obj/time_management.o
 .note.GNU-stack
                0x00000000        0x0 obj/time_management.o
 .note.GNU-stack
                0x00000000        0x0 obj/mcu_task_controller.o
 .data          0x00000000        0x0 obj/mcu_idle_task.o
 .bss           0x00000000        0x0 obj/mcu_idle_task.o
 .note.GNU-stack
                0x00000000        0x0 obj/mcu_idle_task.o
 .data          0x00000000        0x0 obj/mqtt_interface.o
 .note.GNU-stack
                0x00000000        0x0 obj/mqtt_interface.o
 .note.GNU-stack
                0x00000000        0x0 obj/mqtt_application.o
 .data          0x00000000        0x0 obj/rtc_driver_raspberrypi.o
 .bss           0x00000000        0x0 obj/rtc_driver_raspberrypi.o
 .note.GNU-stack
                0x00000000        0x0 obj/rtc_driver_raspberrypi.o
 .data          0x00000000        0x0 obj/clock_driver_raspberrypi.o
 .bss           0x00000000        0x0 obj/clock_driver_raspberrypi.o
 .note.GNU-stack
                0x00000000        0x0 obj/clock_driver_raspberrypi.o
 .data          0x00000000        0x0 obj/gpio_driver_raspberrypi.o
 .bss           0x00000000        0x0 obj/gpio_driver_raspberrypi.o
 .note.GNU-stack
                0x00000000        0x0 obj/gpio_driver_raspberrypi.o
 .data          0x00000000        0x0 obj/ui_console.o
 .bss           0x00000000        0x0 obj/ui_console.o
 .note.GNU-stack
                0x00000000        0x0 obj/ui_console.o
 .data          0x00000000        0x0 obj/ui_lcd_16x2.o
 .note.GNU-stack
                0x00000000        0x0 obj/ui_lcd_16x2.o
 .note.GNU-stack
                0x00000000        0x0 obj/cfg_file_parser.o
 .data          0x00000000        0x0 obj/file_interface.o
 .bss           0x00000000        0x0 obj/file_interface.o
 .note.GNU-stack
                0x00000000        0x0 obj/file_interface.o
 .data          0x00000000        0x0 obj/command_line_argument_table.o
 .note.GNU-stack
                0x00000000        0x0 obj/command_line_argument_table.o
 .data          0x00000000        0x0 obj/command_line_handler.o
 .bss           0x00000000        0x0 obj/command_line_handler.o
 .note.GNU-stack
                0x00000000        0x0 obj/command_line_handler.o
 .data          0x00000000        0x0 obj/sensor_initialization.o
 .bss           0x00000000        0x0 obj/sensor_initialization.o
 .note.GNU-stack
                0x00000000        0x0 obj/sensor_initialization.o
 .data          0x00000000        0x0 obj/button_initialization.o
 .bss           0x00000000        0x0 obj/button_initialization.o
 .note.GNU-stack
                0x00000000        0x0 obj/button_initialization.o
 .data          0x00000000        0x0 obj/output_initialization.o
 .bss           0x00000000        0x0 obj/output_initialization.o
 .note.GNU-stack
                0x00000000        0x0 obj/output_initialization.o
 .data          0x00000000        0x0 obj/protocol_initialization.o
 .bss           0x00000000        0x0 obj/protocol_initialization.o
 .note.GNU-stack
                0x00000000        0x0 obj/protocol_initialization.o
 .data          0x00000000        0x0 obj/command_initialization.o
 .bss           0x00000000        0x0 obj/command_initialization.o
 .note.GNU-stack
                0x00000000        0x0 obj/command_initialization.o
 .data          0x00000000        0x0 obj/task_initialization.o
 .bss           0x00000000        0x0 obj/task_initialization.o
 .note.GNU-stack
                0x00000000        0x0 obj/task_initialization.o
 .data          0x00000000        0x0 obj/system_initialization.o
 .bss           0x00000000        0x0 obj/system_initialization.o
 .note.GNU-stack
                0x00000000        0x0 obj/system_initialization.o
 .data          0x00000000        0x0 obj/power_initialization.o
 .bss           0x00000000        0x0 obj/power_initialization.o
 .note.GNU-stack
                0x00000000        0x0 obj/power_initialization.o
 .data          0x00000000        0x0 obj/initialization.o
 .bss           0x00000000        0x0 obj/initialization.o
 .note.GNU-stack
                0x00000000        0x0 obj/initialization.o
 COMMON         0x00000000       0x2e obj/initialization.o
 .data          0x00000000        0x0 /usr/lib/gcc/arm-linux-gnueabihf/8/libgcc.a(_arm_addsubdf3.o)
 .bss           0x00000000        0x0 /usr/lib/gcc/arm-linux-gnueabihf/8/libgcc.a(_arm_addsubdf3.o)
 .note.GNU-stack
                0x00000000        0x0 /usr/lib/gcc/arm-linux-gnueabihf/8/libgcc.a(_arm_addsubdf3.o)
 .data          0x00000000        0x0 /usr/lib/gcc/arm-linux-gnueabihf/8/libgcc.a(_fixunsdfdi.o)
 .bss           0x00000000        0x0 /usr/lib/gcc/arm-linux-gnueabihf/8/libgcc.a(_fixunsdfdi.o)
 .note.GNU-stack
                0x00000000        0x0 /usr/lib/gcc/arm-linux-gnueabihf/8/libgcc.a(_fixunsdfdi.o)
 .data          0x00000000        0x0 //usr/lib/arm-linux-gnueabihf/libc_nonshared.a(elf-init.oS)
 .bss           0x00000000        0x0 //usr/lib/arm-linux-gnueabihf/libc_nonshared.a(elf-init.oS)
 .note.GNU-stack
                0x00000000        0x0 //usr/lib/arm-linux-gnueabihf/libc_nonshared.a(elf-init.oS)
 .data          0x00000000        0x0 //usr/lib/arm-linux-gnueabihf/libc_nonshared.a(stat.oS)
 .bss           0x00000000        0x0 //usr/lib/arm-linux-gnueabihf/libc_nonshared.a(stat.oS)
 .note.GNU-stack
                0x00000000        0x0 //usr/lib/arm-linux-gnueabihf/libc_nonshared.a(stat.oS)
 .text          0x00000000        0x0 /usr/lib/gcc/arm-linux-gnueabihf/8/crtend.o
 .data          0x00000000        0x0 /usr/lib/gcc/arm-linux-gnueabihf/8/crtend.o
 .bss           0x00000000        0x0 /usr/lib/gcc/arm-linux-gnueabihf/8/crtend.o
 .note.GNU-stack
                0x00000000        0x0 /usr/lib/gcc/arm-linux-gnueabihf/8/crtend.o
 .text          0x00000000        0x0 /usr/lib/gcc/arm-linux-gnueabihf/8/../../../arm-linux-gnueabihf/crtn.o
 .data          0x00000000        0x0 /usr/lib/gcc/arm-linux-gnueabihf/8/../../../arm-linux-gnueabihf/crtn.o
 .bss           0x00000000        0x0 /usr/lib/gcc/arm-linux-gnueabihf/8/../../../arm-linux-gnueabihf/crtn.o
 .note.GNU-stack
                0x00000000        0x0 /usr/lib/gcc/arm-linux-gnueabihf/8/../../../arm-linux-gnueabihf/crtn.o

Memory Configuration

Name             Origin             Length             Attributes
*default*        0x00000000         0xffffffff

Linker script and memory map

LOAD /usr/lib/gcc/arm-linux-gnueabihf/8/../../../arm-linux-gnueabihf/crt1.o
LOAD /usr/lib/gcc/arm-linux-gnueabihf/8/../../../arm-linux-gnueabihf/crti.o
LOAD /usr/lib/gcc/arm-linux-gnueabihf/8/crtbegin.o
LOAD //usr/local/lib/libpaho-mqtt3c.so
LOAD /usr/lib/gcc/arm-linux-gnueabihf/8/../../../arm-linux-gnueabihf/librt.so
LOAD /usr/lib/gcc/arm-linux-gnueabihf/8/../../../libwiringPi.so
LOAD obj/main_mqtt_helper.o
LOAD obj/board_RASPBERRYPI.o
LOAD obj/local_module_status.o
LOAD obj/local_mutex.o
LOAD obj/local_progmem_load.o
LOAD obj/local_data_storage_array.o
LOAD obj/local_msg_buffer.o
LOAD obj/signal_slot_interface.o
LOAD obj/math_module.o
LOAD obj/common_tools_number.o
LOAD obj/common_tools_string.o
LOAD obj/common_tools_datetime.o
LOAD obj/qeue_interface.o
LOAD obj/specific.o
LOAD obj/system_interface.o
LOAD obj/tracer_console.o
LOAD obj/time_management.o
LOAD obj/mcu_task_controller.o
LOAD obj/mcu_idle_task.o
LOAD obj/mqtt_interface.o
LOAD obj/mqtt_application.o
LOAD obj/rtc_driver_raspberrypi.o
LOAD obj/clock_driver_raspberrypi.o
LOAD obj/gpio_driver_raspberrypi.o
LOAD obj/ui_console.o
LOAD obj/ui_lcd_16x2.o
LOAD obj/cfg_file_parser.o
LOAD obj/file_interface.o
LOAD obj/command_line_argument_table.o
LOAD obj/command_line_handler.o
LOAD obj/sensor_initialization.o
LOAD obj/button_initialization.o
LOAD obj/output_initialization.o
LOAD obj/protocol_initialization.o
LOAD obj/command_initialization.o
LOAD obj/task_initialization.o
LOAD obj/system_initialization.o
LOAD obj/power_initialization.o
LOAD obj/initialization.o
LOAD /usr/lib/gcc/arm-linux-gnueabihf/8/libgcc.a
LOAD /usr/lib/gcc/arm-linux-gnueabihf/8/libgcc_s.so
START GROUP
LOAD /usr/lib/gcc/arm-linux-gnueabihf/8/libgcc_s.so.1
LOAD /usr/lib/gcc/arm-linux-gnueabihf/8/libgcc.a
END GROUP
LOAD /usr/lib/gcc/arm-linux-gnueabihf/8/../../../arm-linux-gnueabihf/libc.so
START GROUP
LOAD //lib/arm-linux-gnueabihf/libc.so.6
LOAD //usr/lib/arm-linux-gnueabihf/libc_nonshared.a
LOAD //lib/arm-linux-gnueabihf/ld-linux-armhf.so.3
END GROUP
LOAD /usr/lib/gcc/arm-linux-gnueabihf/8/libgcc.a
LOAD /usr/lib/gcc/arm-linux-gnueabihf/8/libgcc_s.so
START GROUP
LOAD /usr/lib/gcc/arm-linux-gnueabihf/8/libgcc_s.so.1
LOAD /usr/lib/gcc/arm-linux-gnueabihf/8/libgcc.a
END GROUP
LOAD /usr/lib/gcc/arm-linux-gnueabihf/8/crtend.o
LOAD /usr/lib/gcc/arm-linux-gnueabihf/8/../../../arm-linux-gnueabihf/crtn.o
                [!provide]                PROVIDE (__executable_start = SEGMENT_START ("text-segment", 0x10000))
                0x00010154                . = (SEGMENT_START ("text-segment", 0x10000) + SIZEOF_HEADERS)

.interp         0x00010154       0x19
 *(.interp)
 .interp        0x00010154       0x19 /usr/lib/gcc/arm-linux-gnueabihf/8/../../../arm-linux-gnueabihf/crt1.o

.note.ABI-tag   0x00010170       0x20
 .note.ABI-tag  0x00010170       0x20 /usr/lib/gcc/arm-linux-gnueabihf/8/../../../arm-linux-gnueabihf/crt1.o

.note.gnu.build-id
                0x00010190       0x24
 *(.note.gnu.build-id)
 .note.gnu.build-id
                0x00010190       0x24 linker stubs

.hash
 *(.hash)

.gnu.hash       0x000101b4      0x17c
 *(.gnu.hash)
 .gnu.hash      0x000101b4      0x17c /usr/lib/gcc/arm-linux-gnueabihf/8/../../../arm-linux-gnueabihf/crt1.o

.dynsym         0x00010330      0x320
 *(.dynsym)
 .dynsym        0x00010330      0x320 /usr/lib/gcc/arm-linux-gnueabihf/8/../../../arm-linux-gnueabihf/crt1.o

.dynstr         0x00010650      0x29e
 *(.dynstr)
 .dynstr        0x00010650      0x29e /usr/lib/gcc/arm-linux-gnueabihf/8/../../../arm-linux-gnueabihf/crt1.o

.gnu.version    0x000108ee       0x64
 *(.gnu.version)
 .gnu.version   0x000108ee       0x64 /usr/lib/gcc/arm-linux-gnueabihf/8/../../../arm-linux-gnueabihf/crt1.o

.gnu.version_d  0x00010954        0x0
 *(.gnu.version_d)
 .gnu.version_d
                0x00010954        0x0 /usr/lib/gcc/arm-linux-gnueabihf/8/../../../arm-linux-gnueabihf/crt1.o

.gnu.version_r  0x00010954       0x40
 *(.gnu.version_r)
 .gnu.version_r
                0x00010954       0x40 /usr/lib/gcc/arm-linux-gnueabihf/8/../../../arm-linux-gnueabihf/crt1.o

.rel.dyn        0x00010994        0x8
 *(.rel.init)
 *(.rel.text .rel.text.* .rel.gnu.linkonce.t.*)
 *(.rel.fini)
 *(.rel.rodata .rel.rodata.* .rel.gnu.linkonce.r.*)
 *(.rel.data.rel.ro .rel.data.rel.ro.* .rel.gnu.linkonce.d.rel.ro.*)
 .rel.data.rel.ro
                0x00010994        0x0 /usr/lib/gcc/arm-linux-gnueabihf/8/../../../arm-linux-gnueabihf/crt1.o
 *(.rel.data .rel.data.* .rel.gnu.linkonce.d.*)
 *(.rel.tdata .rel.tdata.* .rel.gnu.linkonce.td.*)
 *(.rel.tbss .rel.tbss.* .rel.gnu.linkonce.tb.*)
 *(.rel.ctors)
 *(.rel.dtors)
 *(.rel.got)
 .rel.got       0x00010994        0x8 /usr/lib/gcc/arm-linux-gnueabihf/8/../../../arm-linux-gnueabihf/crt1.o
 *(.rel.bss .rel.bss.* .rel.gnu.linkonce.b.*)
 .rel.bss       0x0001099c        0x0 /usr/lib/gcc/arm-linux-gnueabihf/8/../../../arm-linux-gnueabihf/crt1.o
                [!provide]                PROVIDE (__rel_iplt_start = .)
 *(.rel.iplt)
 .rel.iplt      0x0001099c        0x0 /usr/lib/gcc/arm-linux-gnueabihf/8/../../../arm-linux-gnueabihf/crt1.o
                [!provide]                PROVIDE (__rel_iplt_end = .)

.rela.dyn       0x0001099c        0x0
 *(.rela.init)
 *(.rela.text .rela.text.* .rela.gnu.linkonce.t.*)
 *(.rela.fini)
 *(.rela.rodata .rela.rodata.* .rela.gnu.linkonce.r.*)
 *(.rela.data .rela.data.* .rela.gnu.linkonce.d.*)
 *(.rela.tdata .rela.tdata.* .rela.gnu.linkonce.td.*)
 *(.rela.tbss .rela.tbss.* .rela.gnu.linkonce.tb.*)
 *(.rela.ctors)
 *(.rela.dtors)
 *(.rela.got)
 *(.rela.bss .rela.bss.* .rela.gnu.linkonce.b.*)
                [!provide]                PROVIDE (__rela_iplt_start = .)
 *(.rela.iplt)
                [!provide]                PROVIDE (__rela_iplt_end = .)

.rel.plt        0x0001099c      0x140
 *(.rel.plt)
 .rel.plt       0x0001099c      0x140 /usr/lib/gcc/arm-linux-gnueabihf/8/../../../arm-linux-gnueabihf/crt1.o

.rela.plt
 *(.rela.plt)

.init           0x00010adc        0xc
 *(SORT_NONE(.init))
 .init          0x00010adc        0x8 /usr/lib/gcc/arm-linux-gnueabihf/8/../../../arm-linux-gnueabihf/crti.o
                0x00010adc                _init
 .init          0x00010ae4        0x4 /usr/lib/gcc/arm-linux-gnueabihf/8/../../../arm-linux-gnueabihf/crtn.o

.plt            0x00010ae8      0x1f4
 *(.plt)
 .plt           0x00010ae8      0x1f4 /usr/lib/gcc/arm-linux-gnueabihf/8/../../../arm-linux-gnueabihf/crt1.o
                0x00010afc                MQTTClient_subscribe
                0x00010b08                printf@@GLIBC_2.4
                0x00010b14                fopen@@GLIBC_2.4
                0x00010b20                digitalRead
                0x00010b2c                memmove@@GLIBC_2.4
                0x00010b38                MQTTClient_disconnect
                0x00010b44                memcpy@@GLIBC_2.4
                0x00010b50                digitalWrite
                0x00010b5c                MQTTClient_setCallbacks
                0x00010b68                MQTTClient_publishMessage
                0x00010b74                memcmp@@GLIBC_2.4
                0x00010b80                MQTTClient_connect
                0x00010b8c                MQTTClient_yield
                0x00010b98                MQTTClient_unsubscribe
                0x00010ba4                __xstat@@GLIBC_2.4
                0x00010bb0                usleep@@GLIBC_2.4
                0x00010bbc                puts@@GLIBC_2.4
                0x00010bc8                MQTTClient_free
                0x00010bd4                MQTTClient_waitForCompletion
                0x00010be0                __libc_start_main@@GLIBC_2.4
                0x00010bf8                rename@@GLIBC_2.4
                0x00010c04                __ctype_b_loc@@GLIBC_2.4
                0x00010c10                feof@@GLIBC_2.4
                0x00010c1c                strlen@@GLIBC_2.4
                0x00010c28                MQTTClient_create
                0x00010c34                fprintf@@GLIBC_2.4
                0x00010c40                snprintf@@GLIBC_2.4
                0x00010c4c                memset@@GLIBC_2.4
                0x00010c58                putchar@@GLIBC_2.4
                0x00010c64                pinMode
                0x00010c70                wiringPiSetup
                0x00010c7c                pullUpDnControl
                0x00010c88                fclose@@GLIBC_2.4
                0x00010c94                remove@@GLIBC_2.4
                0x00010ca0                atoi@@GLIBC_2.4
                0x00010cac                clock_gettime@@GLIBC_2.4
                0x00010cb8                MQTTClient_freeMessage
                0x00010cc4                abort@@GLIBC_2.4
                0x00010cd0                getc@@GLIBC_2.4

.iplt           0x00010cdc        0x0
 *(.iplt)
 .iplt          0x00010cdc        0x0 /usr/lib/gcc/arm-linux-gnueabihf/8/../../../arm-linux-gnueabihf/crt1.o

.text           0x00010ce0     0x5b0c
 *(.text.unlikely .text.*_unlikely .text.unlikely.*)
 *(.text.exit .text.exit.*)
 *(.text.startup .text.startup.*)
 .text.startup  0x00010ce0       0xec obj/main_mqtt_helper.o
                0x00010ce0                main
 *(.text.hot .text.hot.*)
 *(.text .stub .text.* .gnu.linkonce.t.*)
 .text          0x00010dcc       0x3c /usr/lib/gcc/arm-linux-gnueabihf/8/../../../arm-linux-gnueabihf/crt1.o
                0x00010dcc                _start
 .text          0x00010e08       0x24 /usr/lib/gcc/arm-linux-gnueabihf/8/../../../arm-linux-gnueabihf/crti.o
 .text          0x00010e2c       0x90 /usr/lib/gcc/arm-linux-gnueabihf/8/crtbegin.o
 .text          0x00010ebc      0x2e0 obj/main_mqtt_helper.o
                0x000110c4                MAIN_MQTT_CONNECTION_ESTABLISHED_SLOT_connect
                0x000110dc                MAIN_MQTT_CONNECTION_LOST_SLOT_connect
                0x000110f4                MAIN_MQTT_MESSAGE_RECEIVED_SLOT_connect
                0x0001110c                MAIN_MQTT_MESSAGE_SEND_SUCCEED_SLOT_connect
                0x00011124                MAIN_CLI_HELP_REQUESTED_SLOT_connect
                0x0001113c                MAIN_CLI_INVALID_PARAMETER_SLOT_connect
                0x00011154                MAIN_CLI_LCD_ACTIVATED_SLOT_connect
                0x0001116c                MAIN_CLI_MESSAGE_SLOT_connect
                0x00011184                MAIN_CFG_OBJECT_RECEIVED_SLOT_connect
 .text          0x0001119c     0x2128 obj/board_RASPBERRYPI.o
                0x0001119c                I2C_SDA_drive_high
                0x000111c4                I2C_SDA_drive_low
                0x000111ec                I2C_SDA_no_drive
                0x00011214                I2C_SDA_toggle_level
                0x00011220                I2C_SDA_pull_up
                0x00011248                I2C_SDA_pull_down
                0x00011270                I2C_SDA_no_pull
                0x00011274                I2C_SDA_is_high_level
                0x00011294                I2C_SDA_is_low_level
                0x000112b0                I2C_SDA_print_state
                0x000112bc                I2C_SCL_drive_high
                0x000112e4                I2C_SCL_drive_low
                0x0001130c                I2C_SCL_no_drive
                0x00011334                I2C_SCL_toggle_level
                0x00011340                I2C_SCL_pull_up
                0x00011368                I2C_SCL_pull_down
                0x00011390                I2C_SCL_no_pull
                0x00011394                I2C_SCL_is_high_level
                0x000113b4                I2C_SCL_is_low_level
                0x000113d0                I2C_SCL_print_state
                0x000113dc                GPIO04_drive_high
                0x00011404                GPIO04_drive_low
                0x0001142c                GPIO04_no_drive
                0x00011454                GPIO04_toggle_level
                0x00011460                GPIO04_pull_up
                0x00011488                GPIO04_pull_down
                0x000114b0                GPIO04_no_pull
                0x000114b4                GPIO04_is_high_level
                0x000114d4                GPIO04_is_low_level
                0x000114f0                GPIO04_print_state
                0x000114fc                UART_TXD_drive_high
                0x00011524                UART_TXD_drive_low
                0x0001154c                UART_TXD_no_drive
                0x00011574                UART_TXD_toggle_level
                0x00011580                UART_TXD_pull_up
                0x000115a8                UART_TXD_pull_down
                0x000115d0                UART_TXD_no_pull
                0x000115d4                UART_TXD_is_high_level
                0x000115f4                UART_TXD_is_low_level
                0x00011610                UART_TXD_print_state
                0x0001161c                UART_RXD_drive_high
                0x00011644                UART_RXD_drive_low
                0x0001166c                UART_RXD_no_drive
                0x00011694                UART_RXD_toggle_level
                0x000116a0                UART_RXD_pull_up
                0x000116c8                UART_RXD_pull_down
                0x000116f0                UART_RXD_no_pull
                0x000116f4                UART_RXD_is_high_level
                0x00011714                UART_RXD_is_low_level
                0x00011730                UART_RXD_print_state
                0x0001173c                GPIO17_drive_high
                0x00011764                GPIO17_drive_low
                0x0001178c                GPIO17_no_drive
                0x000117b4                GPIO17_toggle_level
                0x000117c0                GPIO17_pull_up
                0x000117e8                GPIO17_pull_down
                0x00011810                GPIO17_no_pull
                0x00011814                GPIO17_is_high_level
                0x00011834                GPIO17_is_low_level
                0x00011850                GPIO17_print_state
                0x0001185c                GPIO18_drive_high
                0x00011884                GPIO18_drive_low
                0x000118ac                GPIO18_no_drive
                0x000118d4                GPIO18_toggle_level
                0x000118e0                GPIO18_pull_up
                0x00011908                GPIO18_pull_down
                0x00011930                GPIO18_no_pull
                0x00011934                GPIO18_is_high_level
                0x00011954                GPIO18_is_low_level
                0x00011970                GPIO18_print_state
                0x0001197c                GPIO27_drive_high
                0x000119a4                GPIO27_drive_low
                0x000119cc                GPIO27_no_drive
                0x000119f4                GPIO27_toggle_level
                0x00011a00                GPIO27_pull_up
                0x00011a28                GPIO27_pull_down
                0x00011a50                GPIO27_no_pull
                0x00011a54                GPIO27_is_high_level
                0x00011a74                GPIO27_is_low_level
                0x00011a90                GPIO27_print_state
                0x00011a9c                GPIO22_drive_high
                0x00011ac4                GPIO22_drive_low
                0x00011aec                GPIO22_no_drive
                0x00011b14                GPIO22_toggle_level
                0x00011b20                GPIO22_pull_up
                0x00011b48                GPIO22_pull_down
                0x00011b70                GPIO22_no_pull
                0x00011b74                GPIO22_is_high_level
                0x00011b94                GPIO22_is_low_level
                0x00011bb0                GPIO22_print_state
                0x00011bbc                GPIO23_drive_high
                0x00011be4                GPIO23_drive_low
                0x00011c0c                GPIO23_no_drive
                0x00011c34                GPIO23_toggle_level
                0x00011c40                GPIO23_pull_up
                0x00011c68                GPIO23_pull_down
                0x00011c90                GPIO23_no_pull
                0x00011c94                GPIO23_is_high_level
                0x00011cb4                GPIO23_is_low_level
                0x00011cd0                GPIO23_print_state
                0x00011cdc                GPIO24_drive_high
                0x00011d04                GPIO24_drive_low
                0x00011d2c                GPIO24_no_drive
                0x00011d54                GPIO24_toggle_level
                0x00011d60                GPIO24_pull_up
                0x00011d88                GPIO24_pull_down
                0x00011db0                GPIO24_no_pull
                0x00011db4                GPIO24_is_high_level
                0x00011dd4                GPIO24_is_low_level
                0x00011df0                GPIO24_print_state
                0x00011dfc                SPI_MOSI_drive_high
                0x00011e24                SPI_MOSI_drive_low
                0x00011e4c                SPI_MOSI_no_drive
                0x00011e74                SPI_MOSI_toggle_level
                0x00011e80                SPI_MOSI_pull_up
                0x00011ea8                SPI_MOSI_pull_down
                0x00011ed0                SPI_MOSI_no_pull
                0x00011ed4                SPI_MOSI_is_high_level
                0x00011ef4                SPI_MOSI_is_low_level
                0x00011f10                SPI_MOSI_print_state
                0x00011f1c                SPI_MISO_drive_high
                0x00011f44                SPI_MISO_drive_low
                0x00011f6c                SPI_MISO_no_drive
                0x00011f94                SPI_MISO_toggle_level
                0x00011fa0                SPI_MISO_pull_up
                0x00011fc8                SPI_MISO_pull_down
                0x00011ff0                SPI_MISO_no_pull
                0x00011ff4                SPI_MISO_is_high_level
                0x00012014                SPI_MISO_is_low_level
                0x00012030                SPI_MISO_print_state
                0x0001203c                GPIO25_drive_high
                0x00012064                GPIO25_drive_low
                0x0001208c                GPIO25_no_drive
                0x000120b4                GPIO25_toggle_level
                0x000120c0                GPIO25_pull_up
                0x000120e8                GPIO25_pull_down
                0x00012110                GPIO25_no_pull
                0x00012114                GPIO25_is_high_level
                0x00012134                GPIO25_is_low_level
                0x00012150                GPIO25_print_state
                0x0001215c                SPI_SCLK_drive_high
                0x00012184                SPI_SCLK_drive_low
                0x000121ac                SPI_SCLK_no_drive
                0x000121d4                SPI_SCLK_toggle_level
                0x000121e0                SPI_SCLK_pull_up
                0x00012208                SPI_SCLK_pull_down
                0x00012230                SPI_SCLK_no_pull
                0x00012234                SPI_SCLK_is_high_level
                0x00012254                SPI_SCLK_is_low_level
                0x00012270                SPI_SCLK_print_state
                0x0001227c                SPI_CE0_drive_high
                0x000122a4                SPI_CE0_drive_low
                0x000122cc                SPI_CE0_no_drive
                0x000122f4                SPI_CE0_toggle_level
                0x00012300                SPI_CE0_pull_up
                0x00012328                SPI_CE0_pull_down
                0x00012350                SPI_CE0_no_pull
                0x00012354                SPI_CE0_is_high_level
                0x00012374                SPI_CE0_is_low_level
                0x00012390                SPI_CE0_print_state
                0x0001239c                SPI_CE1_drive_high
                0x000123c4                SPI_CE1_drive_low
                0x000123ec                SPI_CE1_no_drive
                0x00012414                SPI_CE1_toggle_level
                0x00012420                SPI_CE1_pull_up
                0x00012448                SPI_CE1_pull_down
                0x00012470                SPI_CE1_no_pull
                0x00012474                SPI_CE1_is_high_level
                0x00012494                SPI_CE1_is_low_level
                0x000124b0                SPI_CE1_print_state
                0x000124bc                GPIO05_drive_high
                0x000124e4                GPIO05_drive_low
                0x0001250c                GPIO05_no_drive
                0x00012534                GPIO05_toggle_level
                0x00012540                GPIO05_pull_up
                0x00012568                GPIO05_pull_down
                0x00012590                GPIO05_no_pull
                0x00012594                GPIO05_is_high_level
                0x000125b4                GPIO05_is_low_level
                0x000125d0                GPIO05_print_state
                0x000125dc                GPIO06_drive_high
                0x00012604                GPIO06_drive_low
                0x0001262c                GPIO06_no_drive
                0x00012654                GPIO06_toggle_level
                0x00012660                GPIO06_pull_up
                0x00012688                GPIO06_pull_down
                0x000126b0                GPIO06_no_pull
                0x000126b4                GPIO06_is_high_level
                0x000126d4                GPIO06_is_low_level
                0x000126f0                GPIO06_print_state
                0x000126fc                GPIO12_drive_high
                0x00012724                GPIO12_drive_low
                0x0001274c                GPIO12_no_drive
                0x00012774                GPIO12_toggle_level
                0x00012780                GPIO12_pull_up
                0x000127a8                GPIO12_pull_down
                0x000127d0                GPIO12_no_pull
                0x000127d4                GPIO12_is_high_level
                0x000127f4                GPIO12_is_low_level
                0x00012810                GPIO12_print_state
                0x0001281c                GPIO13_drive_high
                0x00012844                GPIO13_drive_low
                0x0001286c                GPIO13_no_drive
                0x00012894                GPIO13_toggle_level
                0x000128a0                GPIO13_pull_up
                0x000128c8                GPIO13_pull_down
                0x000128f0                GPIO13_no_pull
                0x000128f4                GPIO13_is_high_level
                0x00012914                GPIO13_is_low_level
                0x00012930                GPIO13_print_state
                0x0001293c                GPIO19_drive_high
                0x00012964                GPIO19_drive_low
                0x0001298c                GPIO19_no_drive
                0x000129b4                GPIO19_toggle_level
                0x000129c0                GPIO19_pull_up
                0x000129e8                GPIO19_pull_down
                0x00012a10                GPIO19_no_pull
                0x00012a14                GPIO19_is_high_level
                0x00012a34                GPIO19_is_low_level
                0x00012a50                GPIO19_print_state
                0x00012a5c                GPIO16_drive_high
                0x00012a84                GPIO16_drive_low
                0x00012aac                GPIO16_no_drive
                0x00012ad4                GPIO16_toggle_level
                0x00012ae0                GPIO16_pull_up
                0x00012b08                GPIO16_pull_down
                0x00012b30                GPIO16_no_pull
                0x00012b34                GPIO16_is_high_level
                0x00012b54                GPIO16_is_low_level
                0x00012b70                GPIO16_print_state
                0x00012b7c                GPIO26_drive_high
                0x00012ba4                GPIO26_drive_low
                0x00012bcc                GPIO26_no_drive
                0x00012bf4                GPIO26_toggle_level
                0x00012c00                GPIO26_pull_up
                0x00012c28                GPIO26_pull_down
                0x00012c50                GPIO26_no_pull
                0x00012c54                GPIO26_is_high_level
                0x00012c74                GPIO26_is_low_level
                0x00012c90                GPIO26_print_state
                0x00012c9c                GPIO20_drive_high
                0x00012cc4                GPIO20_drive_low
                0x00012cec                GPIO20_no_drive
                0x00012d14                GPIO20_toggle_level
                0x00012d20                GPIO20_pull_up
                0x00012d48                GPIO20_pull_down
                0x00012d70                GPIO20_no_pull
                0x00012d74                GPIO20_is_high_level
                0x00012d94                GPIO20_is_low_level
                0x00012db0                GPIO20_print_state
                0x00012dbc                GPIO21_drive_high
                0x00012de4                GPIO21_drive_low
                0x00012e0c                GPIO21_no_drive
                0x00012e34                GPIO21_toggle_level
                0x00012e40                GPIO21_pull_up
                0x00012e68                GPIO21_pull_down
                0x00012e90                GPIO21_no_pull
                0x00012e94                GPIO21_is_high_level
                0x00012eb4                GPIO21_is_low_level
                0x00012ed0                GPIO21_print_state
                0x00012edc                GPIO_07_drive_high
                0x00012ee0                GPIO_07_drive_low
                0x00012ee4                GPIO_07_no_drive
                0x00012ee8                GPIO_07_toggle_level
                0x00012eec                GPIO_07_pull_up
                0x00012ef0                GPIO_07_pull_down
                0x00012ef4                GPIO_07_no_pull
                0x00012ef8                GPIO_07_is_high_level
                0x00012efc                GPIO_07_is_low_level
                0x00012f00                GPIO_07_print_state
                0x00012f04                GPIO_00_drive_high
                0x00012f08                GPIO_00_drive_low
                0x00012f0c                GPIO_00_no_drive
                0x00012f10                GPIO_00_toggle_level
                0x00012f14                GPIO_00_pull_up
                0x00012f18                GPIO_00_pull_down
                0x00012f1c                GPIO_00_no_pull
                0x00012f20                GPIO_00_is_high_level
                0x00012f24                GPIO_00_is_low_level
                0x00012f28                GPIO_00_print_state
                0x00012f2c                GPIO_01_drive_high
                0x00012f30                GPIO_01_drive_low
                0x00012f34                GPIO_01_no_drive
                0x00012f38                GPIO_01_toggle_level
                0x00012f3c                GPIO_01_pull_up
                0x00012f40                GPIO_01_pull_down
                0x00012f44                GPIO_01_no_pull
                0x00012f48                GPIO_01_is_high_level
                0x00012f4c                GPIO_01_is_low_level
                0x00012f50                GPIO_01_print_state
                0x00012f54                GPIO_02_drive_high
                0x00012f58                GPIO_02_drive_low
                0x00012f5c                GPIO_02_no_drive
                0x00012f60                GPIO_02_toggle_level
                0x00012f64                GPIO_02_pull_up
                0x00012f68                GPIO_02_pull_down
                0x00012f6c                GPIO_02_no_pull
                0x00012f70                GPIO_02_is_high_level
                0x00012f74                GPIO_02_is_low_level
                0x00012f78                GPIO_02_print_state
                0x00012f7c                GPIO_03_drive_high
                0x00012f80                GPIO_03_drive_low
                0x00012f84                GPIO_03_no_drive
                0x00012f88                GPIO_03_toggle_level
                0x00012f8c                GPIO_03_pull_up
                0x00012f90                GPIO_03_pull_down
                0x00012f94                GPIO_03_no_pull
                0x00012f98                GPIO_03_is_high_level
                0x00012f9c                GPIO_03_is_low_level
                0x00012fa0                GPIO_03_print_state
                0x00012fa4                GPIO_04_drive_high
                0x00012fa8                GPIO_04_drive_low
                0x00012fac                GPIO_04_no_drive
                0x00012fb0                GPIO_04_toggle_level
                0x00012fb4                GPIO_04_pull_up
                0x00012fb8                GPIO_04_pull_down
                0x00012fbc                GPIO_04_no_pull
                0x00012fc0                GPIO_04_is_high_level
                0x00012fc4                GPIO_04_is_low_level
                0x00012fc8                GPIO_04_print_state
                0x00012fcc                GPIO_05_drive_high
                0x00012fd0                GPIO_05_drive_low
                0x00012fd4                GPIO_05_no_drive
                0x00012fd8                GPIO_05_toggle_level
                0x00012fdc                GPIO_05_pull_up
                0x00012fe0                GPIO_05_pull_down
                0x00012fe4                GPIO_05_no_pull
                0x00012fe8                GPIO_05_is_high_level
                0x00012fec                GPIO_05_is_low_level
                0x00012ff0                GPIO_05_print_state
                0x00012ff4                GPIO_06_drive_high
                0x00012ff8                GPIO_06_drive_low
                0x00012ffc                GPIO_06_no_drive
                0x00013000                GPIO_06_toggle_level
                0x00013004                GPIO_06_pull_up
                0x00013008                GPIO_06_pull_down
                0x0001300c                GPIO_06_no_pull
                0x00013010                GPIO_06_is_high_level
                0x00013014                GPIO_06_is_low_level
                0x00013018                GPIO_06_print_state
                0x0001301c                GPIO_21_drive_high
                0x00013020                GPIO_21_drive_low
                0x00013024                GPIO_21_no_drive
                0x00013028                GPIO_21_toggle_level
                0x0001302c                GPIO_21_pull_up
                0x00013030                GPIO_21_pull_down
                0x00013034                GPIO_21_no_pull
                0x00013038                GPIO_21_is_high_level
                0x0001303c                GPIO_21_is_low_level
                0x00013040                GPIO_21_print_state
                0x00013044                GPIO_22_drive_high
                0x00013048                GPIO_22_drive_low
                0x0001304c                GPIO_22_no_drive
                0x00013050                GPIO_22_toggle_level
                0x00013054                GPIO_22_pull_up
                0x00013058                GPIO_22_pull_down
                0x0001305c                GPIO_22_no_pull
                0x00013060                GPIO_22_is_high_level
                0x00013064                GPIO_22_is_low_level
                0x00013068                GPIO_22_print_state
                0x0001306c                GPIO_26_drive_high
                0x00013070                GPIO_26_drive_low
                0x00013074                GPIO_26_no_drive
                0x00013078                GPIO_26_toggle_level
                0x0001307c                GPIO_26_pull_up
                0x00013080                GPIO_26_pull_down
                0x00013084                GPIO_26_no_pull
                0x00013088                GPIO_26_is_high_level
                0x0001308c                GPIO_26_is_low_level
                0x00013090                GPIO_26_print_state
                0x00013094                GPIO_23_drive_high
                0x00013098                GPIO_23_drive_low
                0x0001309c                GPIO_23_no_drive
                0x000130a0                GPIO_23_toggle_level
                0x000130a4                GPIO_23_pull_up
                0x000130a8                GPIO_23_pull_down
                0x000130ac                GPIO_23_no_pull
                0x000130b0                GPIO_23_is_high_level
                0x000130b4                GPIO_23_is_low_level
                0x000130b8                GPIO_23_print_state
                0x000130bc                GPIO_24_drive_high
                0x000130c0                GPIO_24_drive_low
                0x000130c4                GPIO_24_no_drive
                0x000130c8                GPIO_24_toggle_level
                0x000130cc                GPIO_24_pull_up
                0x000130d0                GPIO_24_pull_down
                0x000130d4                GPIO_24_no_pull
                0x000130d8                GPIO_24_is_high_level
                0x000130dc                GPIO_24_is_low_level
                0x000130e0                GPIO_24_print_state
                0x000130e4                GPIO_27_drive_high
                0x000130e8                GPIO_27_drive_low
                0x000130ec                GPIO_27_no_drive
                0x000130f0                GPIO_27_toggle_level
                0x000130f4                GPIO_27_pull_up
                0x000130f8                GPIO_27_pull_down
                0x000130fc                GPIO_27_no_pull
                0x00013100                GPIO_27_is_high_level
                0x00013104                GPIO_27_is_low_level
                0x00013108                GPIO_27_print_state
                0x0001310c                GPIO_25_drive_high
                0x00013110                GPIO_25_drive_low
                0x00013114                GPIO_25_no_drive
                0x00013118                GPIO_25_toggle_level
                0x0001311c                GPIO_25_pull_up
                0x00013120                GPIO_25_pull_down
                0x00013124                GPIO_25_no_pull
                0x00013128                GPIO_25_is_high_level
                0x0001312c                GPIO_25_is_low_level
                0x00013130                GPIO_25_print_state
                0x00013134                GPIO_28_drive_high
                0x00013138                GPIO_28_drive_low
                0x0001313c                GPIO_28_no_drive
                0x00013140                GPIO_28_toggle_level
                0x00013144                GPIO_28_pull_up
                0x00013148                GPIO_28_pull_down
                0x0001314c                GPIO_28_no_pull
                0x00013150                GPIO_28_is_high_level
                0x00013154                GPIO_28_is_low_level
                0x00013158                GPIO_28_print_state
                0x0001315c                GPIO_29_drive_high
                0x00013160                GPIO_29_drive_low
                0x00013164                GPIO_29_no_drive
                0x00013168                GPIO_29_toggle_level
                0x0001316c                GPIO_29_pull_up
                0x00013170                GPIO_29_pull_down
                0x00013174                GPIO_29_no_pull
                0x00013178                GPIO_29_is_high_level
                0x0001317c                GPIO_29_is_low_level
                0x00013180                GPIO_29_print_state
                0x00013184                REQUEST_CLIENT_drive_high
                0x00013188                REQUEST_CLIENT_drive_low
                0x0001318c                REQUEST_CLIENT_no_drive
                0x00013190                REQUEST_CLIENT_toggle_level
                0x00013194                REQUEST_CLIENT_pull_up
                0x00013198                REQUEST_CLIENT_pull_down
                0x0001319c                REQUEST_CLIENT_no_pull
                0x000131a0                REQUEST_CLIENT_is_high_level
                0x000131a4                REQUEST_CLIENT_is_low_level
                0x000131a8                REQUEST_CLIENT_print_state
                0x000131ac                SPI0_CS_drive_high
                0x000131b0                SPI0_CS_drive_low
                0x000131b4                SPI0_CS_no_drive
                0x000131b8                SPI0_CS_toggle_level
                0x000131bc                SPI0_CS_pull_up
                0x000131c0                SPI0_CS_pull_down
                0x000131c4                SPI0_CS_no_pull
                0x000131c8                SPI0_CS_is_high_level
                0x000131cc                SPI0_CS_is_low_level
                0x000131d0                SPI0_CS_print_state
                0x000131d4                LCD_RS_drive_high
                0x000131d8                LCD_RS_drive_low
                0x000131dc                LCD_RS_no_drive
                0x000131e0                LCD_RS_toggle_level
                0x000131e4                LCD_RS_pull_up
                0x000131e8                LCD_RS_pull_down
                0x000131ec                LCD_RS_no_pull
                0x000131f0                LCD_RS_is_high_level
                0x000131f4                LCD_RS_is_low_level
                0x000131f8                LCD_RS_print_state
                0x000131fc                LCD_EN_drive_high
                0x00013200                LCD_EN_drive_low
                0x00013204                LCD_EN_no_drive
                0x00013208                LCD_EN_toggle_level
                0x0001320c                LCD_EN_pull_up
                0x00013210                LCD_EN_pull_down
                0x00013214                LCD_EN_no_pull
                0x00013218                LCD_EN_is_high_level
                0x0001321c                LCD_EN_is_low_level
                0x00013220                LCD_EN_print_state
                0x00013224                LCD_D4_drive_high
                0x00013228                LCD_D4_drive_low
                0x0001322c                LCD_D4_no_drive
                0x00013230                LCD_D4_toggle_level
                0x00013234                LCD_D4_pull_up
                0x00013238                LCD_D4_pull_down
                0x0001323c                LCD_D4_no_pull
                0x00013240                LCD_D4_is_high_level
                0x00013244                LCD_D4_is_low_level
                0x00013248                LCD_D4_print_state
                0x0001324c                LCD_D5_drive_high
                0x00013250                LCD_D5_drive_low
                0x00013254                LCD_D5_no_drive
                0x00013258                LCD_D5_toggle_level
                0x0001325c                LCD_D5_pull_up
                0x00013260                LCD_D5_pull_down
                0x00013264                LCD_D5_no_pull
                0x00013268                LCD_D5_is_high_level
                0x0001326c                LCD_D5_is_low_level
                0x00013270                LCD_D5_print_state
                0x00013274                LCD_D6_drive_high
                0x00013278                LCD_D6_drive_low
                0x0001327c                LCD_D6_no_drive
                0x00013280                LCD_D6_toggle_level
                0x00013284                LCD_D6_pull_up
                0x00013288                LCD_D6_pull_down
                0x0001328c                LCD_D6_no_pull
                0x00013290                LCD_D6_is_high_level
                0x00013294                LCD_D6_is_low_level
                0x00013298                LCD_D6_print_state
                0x0001329c                LCD_D7_drive_high
                0x000132a0                LCD_D7_drive_low
                0x000132a4                LCD_D7_no_drive
                0x000132a8                LCD_D7_toggle_level
                0x000132ac                LCD_D7_pull_up
                0x000132b0                LCD_D7_pull_down
                0x000132b4                LCD_D7_no_pull
                0x000132b8                LCD_D7_is_high_level
                0x000132bc                LCD_D7_is_low_level
                0x000132c0                LCD_D7_print_state
 .text          0x000132c4       0xc0 obj/local_module_status.o
                0x000132c4                module_status_set_u8
                0x000132d4                module_status_isset_u8
                0x000132e8                module_status_unset_u8
                0x000132f8                module_status_clear_all_u8
                0x00013304                module_status_set_u16
                0x00013314                module_status_isset_u16
                0x00013328                module_status_unset_u16
                0x00013338                module_status_clear_all_u16
                0x00013344                module_status_set_u32
                0x00013354                module_status_isset_u32
                0x00013368                module_status_unset_u32
                0x00013378                module_status_clear_all_u32
 .text          0x00013384       0x78 obj/local_mutex.o
                0x00013384                mutex_request
                0x000133b4                mutex_release
                0x000133ec                mutex_is_requested
 .text          0x000133fc       0xbc obj/signal_slot_interface.o
                0x000133fc                signal_slot_init
                0x00013408                signal_slot_send
                0x00013488                signal_slot_connect
 .text          0x000134b8      0x628 obj/common_tools_string.o
                0x000134b8                common_tools_hex_dump
                0x000135cc                common_tools_string_get_char_count
                0x00013614                common_tools_string_clear
                0x00013620                common_tools_string_trim
                0x000136dc                common_tools_string_split
                0x000137bc                common_tools_string_append
                0x0001381c                common_tools_string_ends_with
                0x00013850                common_tools_string_length
                0x00013860                common_tools_string_remove_last_character
                0x00013884                common_tools_string_compare
                0x000138cc                common_tools_string_copy_string
                0x00013920                common_tools_string_from_u8
                0x00013930                common_tools_string_from_i32
                0x00013940                common_tools_hex_string_to_byte_array
                0x00013a18                common_tools_byte_array_string_to_hex_string
                0x00013acc                common_tools_string_to_u16
                0x00013adc                common_tools_string_to_u32
 .text          0x00013ae0      0x16c obj/qeue_interface.o
                0x00013ae0                qeue_interface_init
                0x00013afc                qeue_interface_enqeue
                0x00013b74                qeue_interface_deqeue
                0x00013bf4                qeue_interface_is_empty
                0x00013c04                qeue_interface_is_full
                0x00013c1c                qeue_interface_mutex_get
                0x00013c40                qeue_interface_mutex_release
 .text          0x00013c4c       0xa0 obj/system_interface.o
                0x00013cd8                empty_driver_set_rx_bytes
                0x00013cdc                empty_driver_get_tx_bytes
                0x00013ce4                empty_driver_get_tx_bytes_num_available
 .text          0x00013cec      0x238 obj/time_management.o
                0x00013cec                time_mgmnt_gettime_u8
                0x00013cf0                time_mgmnt_gettime_u16
                0x00013cf4                time_mgmnt_gettime_u32
                0x00013cf8                time_mgmnt_start_u8
                0x00013d14                time_mgmnt_start_u16
                0x00013d30                time_mgmnt_start_u32
                0x00013d4c                time_mgmnt_stop_u8
                0x00013d5c                time_mgmnt_stop_u16
                0x00013d6c                time_mgmnt_stop_u32
                0x00013d7c                time_mgmnt_is_active_u8
                0x00013d90                time_mgmnt_is_active_u16
                0x00013da4                time_mgmnt_is_active_u32
                0x00013db8                time_mgmnt_istimeup_raw_u8
                0x00013de0                time_mgmnt_istimeup_raw_u16
                0x00013e08                time_mgmnt_istimeup_raw_u32
                0x00013e2c                time_mgmnt_elapsed_u8
                0x00013e5c                time_mgmnt_istimeup_u8
                0x00013e78                time_mgmnt_elapsed_u16
                0x00013ea8                time_mgmnt_istimeup_u16
                0x00013ec4                time_mgmnt_elapsed_u32
                0x00013ef0                time_mgmnt_istimeup_u32
                0x00013f0c                time_mgmnt_start_time_u8
                0x00013f14                time_mgmnt_start_time_u16
                0x00013f1c                time_mgmnt_start_time_u32
 .text          0x00013f24      0x22c obj/mcu_task_controller.o
                0x00013f24                mcu_task_controller_init
                0x00013f3c                mcu_task_controller_register_task
                0x00013fd0                mcu_task_controller_schedule
                0x00014090                mcu_task_controller_sleep
                0x000140c0                mcu_task_controller_wakeup
                0x000140f0                mcu_task_controller_terminate_all
                0x00014120                mcu_task_controller_background_run
 .text          0x00014150       0x34 obj/mcu_idle_task.o
                0x00014150                mcu_idle_task_init
                0x00014154                mcu_idle_task_get_schedule_interval
                0x0001415c                mcu_idle_task_is_runable
                0x00014164                mcu_idle_task_run
                0x00014170                mcu_idle_task_background_run
                0x00014174                mcu_idle_task_sleep
                0x00014178                mcu_idle_task_wakeup
                0x0001417c                mcu_idle_task_finish
                0x00014180                mcu_idle_task_terminate
 .text          0x00014184      0x484 obj/mqtt_interface.o
                0x00014184                deliveryComplete_Callback
                0x000141a0                messageArrived_Callback
                0x0001425c                connectionLost_Callback
                0x00014290                mqtt_configure
                0x0001431c                mqtt_init
                0x00014350                mqtt_connect
                0x00014410                mqtt_disconnect
                0x0001443c                mqtt_send_next_message
                0x000144f0                mqtt_msg_pending
                0x00014508                mqtt_tx_msg_pending
                0x00014520                mqtt_connection_lost
                0x00014528                mqtt_get_next_msg
                0x000145c4                mqtt_enqeue_message
                0x00014600                mqtt_keep_alive
                0x00014604                trace_Callback
 .text          0x00014608      0x990 obj/mqtt_application.o
                0x00014644                __MQTT_CLIENT_RX_QEUE_init
                0x00014650                __MQTT_CLIENT_TX_QEUE_init
                0x0001465c                __MQTT_CLIENT_RX_QEUE_enqeue
                0x0001466c                __MQTT_CLIENT_TX_QEUE_enqeue
                0x0001467c                __MQTT_CLIENT_RX_QEUE_deqeue
                0x0001468c                __MQTT_CLIENT_TX_QEUE_deqeue
                0x0001469c                __MQTT_CLIENT_RX_QEUE_mutex_get
                0x000146a8                __MQTT_CLIENT_TX_QEUE_mutex_get
                0x000146b4                __MQTT_CLIENT_RX_QEUE_mutex_release
                0x000146c0                __MQTT_CLIENT_TX_QEUE_mutex_release
                0x000146cc                __MQTT_CLIENT_RX_QEUE_is_empty
                0x000146d8                __MQTT_CLIENT_TX_QEUE_is_empty
                0x000146e4                __MQTT_CLIENT_RX_QEUE_is_full
                0x000146f0                __MQTT_CLIENT_TX_QEUE_is_full
                0x0001470c                MQTT_CONNECTION_ESTABLISHED_SIGNAL_init
                0x00014718                MQTT_CONNECTION_ESTABLISHED_SIGNAL_send
                0x00014728                MQTT_CONNECTION_ESTABLISHED_SIGNAL_set_timeout
                0x00014738                MQTT_CONNECTION_ESTABLISHED_SIGNAL_connect
                0x00014748                MQTT_CONNECTION_LOST_SIGNAL_init
                0x00014754                MQTT_CONNECTION_LOST_SIGNAL_send
                0x00014764                MQTT_CONNECTION_LOST_SIGNAL_set_timeout
                0x00014774                MQTT_CONNECTION_LOST_SIGNAL_connect
                0x00014784                MQTT_CONNECTION_FAILED_SIGNAL_init
                0x00014790                MQTT_CONNECTION_FAILED_SIGNAL_send
                0x000147a0                MQTT_CONNECTION_FAILED_SIGNAL_set_timeout
                0x000147b0                MQTT_CONNECTION_FAILED_SIGNAL_connect
                0x000147c0                MQTT_MESSAGE_RECEIVED_SIGNAL_init
                0x000147cc                MQTT_MESSAGE_RECEIVED_SIGNAL_send
                0x000147dc                MQTT_MESSAGE_RECEIVED_SIGNAL_set_timeout
                0x000147ec                MQTT_MESSAGE_RECEIVED_SIGNAL_connect
                0x000147fc                MQTT_MESSAGE_TO_SEND_SIGNAL_init
                0x00014808                MQTT_MESSAGE_TO_SEND_SIGNAL_send
                0x00014818                MQTT_MESSAGE_TO_SEND_SIGNAL_set_timeout
                0x00014828                MQTT_MESSAGE_TO_SEND_SIGNAL_connect
                0x00014838                MQTT_MESSAGE_SEND_FAILED_SIGNAL_init
                0x00014844                MQTT_MESSAGE_SEND_FAILED_SIGNAL_send
                0x00014854                MQTT_MESSAGE_SEND_FAILED_SIGNAL_set_timeout
                0x00014864                MQTT_MESSAGE_SEND_FAILED_SIGNAL_connect
                0x00014874                MQTT_MESSAGE_SEND_SUCCEED_SIGNAL_init
                0x00014880                MQTT_MESSAGE_SEND_SUCCEED_SIGNAL_send
                0x00014890                MQTT_MESSAGE_SEND_SUCCEED_SIGNAL_set_timeout
                0x000148a0                MQTT_MESSAGE_SEND_SUCCEED_SIGNAL_connect
                0x000148b0                MQTT_ENQEUE_TX_MESSAGE_FAILED_SIGNAL_init
                0x000148bc                MQTT_ENQEUE_TX_MESSAGE_FAILED_SIGNAL_send
                0x000148cc                MQTT_ENQEUE_TX_MESSAGE_FAILED_SIGNAL_set_timeout
                0x000148dc                MQTT_ENQEUE_TX_MESSAGE_FAILED_SIGNAL_connect
                0x000148ec                MQTT_NEW_CFG_OBJECT_SLOT_connect
                0x00014904                MQTT_CFG_COMPLETE_SLOT_connect
                0x0001491c                MQTT_MESSAGE_TO_SEND_SLOT_connect
                0x00014934                MQTT_CLIENT_configure
                0x00014ae8                MQTT_CLIENT_init
                0x00014af4                MQTT_CLIENT_connect
                0x00014b00                MQTT_CLIENT_send_next_message
                0x00014b0c                MQTT_CLIENT_delivery_complete
                0x00014b24                MQTT_CLIENT_connection_lost
                0x00014b30                MQTT_CLIENT_is_initialized
                0x00014b48                MQTT_CLIENT_msg_pending
                0x00014b54                MQTT_CLIENT_tx_msg_pending
                0x00014c24                MQTT_CLIENT_get_msg
                0x00014c44                MQTT_CLIENT_disconnect
                0x00014c6c                MQTT_CLIENT_enqeue_message
                0x00014ea8                MQTT_CLIENT_get_connection_lost_cause
                0x00014eb4                MQTT_CLIENT_keep_alive
                0x00014eb8                MQTT_CLIENT_set_reconnect_interval
                0x00014ec8                MQTT_CLIENT_set_connection_timeout
                0x00014ed8                MQTT_CLIENT_set_keep_alive_interval
                0x00014ee8                MQTT_CLIENT_get_reconnect_interval
                0x00014ef8                MQTT_CLIENT_get_connection_timeout
                0x00014f08                MQTT_CLIENT_get_keep_alive_interval
                0x00014f18                mqtt_interface_init
 .text          0x00014f98      0x168 obj/rtc_driver_raspberrypi.o
                0x00014f98                rtc_driver_init
                0x00014f9c                rtc_driver_deinit
                0x00014fa0                local_rtc_timer_gettime_u32
                0x00015028                local_rtc_timer_gettime_u8
                0x00015038                local_rtc_timer_gettime_u16
                0x00015048                local_rtc_timer_istimeup_u8
                0x00015070                local_rtc_timer_istimeup_u16
                0x00015098                local_rtc_timer_istimeup_u32
                0x000150bc                rtc_timer_elapsed_u8
                0x000150d4                rtc_timer_elapsed_u16
                0x000150ec                rtc_timer_elapsed_u32
 .text          0x00015100        0x4 obj/clock_driver_raspberrypi.o
                0x00015100                clock_driver_init
 .text          0x00015104      0x368 obj/gpio_driver_raspberrypi.o
                0x00015234                gpio_driver_set_direction
                0x00015250                gpio_driver_set_level
                0x00015294                gpio_driver_init_pin
                0x000152d4                gpio_driver_init
                0x00015408                gpio_driver_get_level
                0x0001543c                gpio_driver_toggle_level
                0x00015468                gpio_driver_print_pin_state
 .text          0x0001546c       0x50 obj/ui_console.o
                0x0001546c                console_write_line
                0x00015470                console_write
                0x00015480                console_write_string
                0x00015494                console_write_number
                0x000154a4                console_new_line
                0x000154ac                console_hex_dump
 .text          0x000154bc      0x2e0 obj/ui_lcd_16x2.o
                0x00015544                lcd_write_char
                0x0001556c                lcd_init
                0x0001566c                lcd_deinit
                0x00015680                lcd_set_enabled
                0x00015698                lcd_write_line
 .text          0x0001579c      0x3cc obj/cfg_file_parser.o
                0x0001579c                cfg_file_parser_task_init
                0x00015814                cfg_file_parser_task_terminate
                0x00015818                cfg_file_parser_task_finish
                0x0001581c                cfg_file_parser_task_get_schedule_interval
                0x00015840                cfg_file_parser_task_get_state
                0x00015864                CFG_PARSER_CFG_COMPLETE_SIGNAL_init
                0x00015870                CFG_PARSER_CFG_COMPLETE_SIGNAL_send
                0x00015880                CFG_PARSER_CFG_COMPLETE_SIGNAL_set_timeout
                0x00015890                CFG_PARSER_CFG_COMPLETE_SIGNAL_connect
                0x000158a0                CFG_PARSER_NEW_CFG_OBJECT_SIGNAL_init
                0x000158ac                CFG_PARSER_NEW_CFG_OBJECT_SIGNAL_send
                0x000158bc                CFG_PARSER_NEW_CFG_OBJECT_SIGNAL_set_timeout
                0x000158cc                CFG_PARSER_NEW_CFG_OBJECT_SIGNAL_connect
                0x000158dc                CFG_PARSER_CFG_FILE_SLOT_connect
                0x000158f4                CFG_FILE_open
                0x00015900                CFG_FILE_is_open
                0x0001590c                CFG_FILE_open_path
                0x00015930                CFG_FILE_set_path
                0x00015940                CFG_FILE_close
                0x0001594c                CFG_FILE_has_changed
                0x00015958                CFG_FILE_is_existing
                0x00015964                CFG_FILE_is_readable
                0x00015970                CFG_FILE_get_size
                0x0001597c                CFG_FILE_create
                0x00015988                CFG_FILE_delete
                0x00015994                CFG_FILE_rename
                0x000159a4                CFG_FILE_read_next_line
                0x00015a60                cfg_file_parser_task_run
                0x00015af0                CFG_FILE_read_line
                0x00015b04                CFG_FILE_append_line
                0x00015b14                CFG_FILE_get_path
                0x00015b20                cfg_file_parser_init
                0x00015b5c                cfg_file_parser_task_background_run
                0x00015b60                cfg_file_parser_task_sleep
                0x00015b64                cfg_file_parser_task_wakeup
 .text          0x00015b68      0x2b4 obj/file_interface.o
                0x00015b68                file_set_path
                0x00015b9c                file_has_changed
                0x00015bd4                file_get_path
                0x00015bd8                file_is_open
                0x00015be8                file_is_existing
                0x00015c08                file_is_readable
                0x00015c10                file_get_size
                0x00015c34                file_delete
                0x00015c44                file_rename
                0x00015c54                file_close
                0x00015c7c                file_create
                0x00015cac                file_open
                0x00015cd8                file_read_line
                0x00015d58                file_read_next_line
                0x00015d68                file_read_specific_line
                0x00015dbc                file_append_line
 .text          0x00015e1c      0x288 obj/command_line_argument_table.o
                0x00015e1c                CLI_INVALID_ARGUMENT_SIGNAL_init
                0x00015e28                CLI_INVALID_ARGUMENT_SIGNAL_send
                0x00015e38                CLI_INVALID_ARGUMENT_SIGNAL_set_timeout
                0x00015e48                CLI_INVALID_ARGUMENT_SIGNAL_connect
                0x00015e58                CLI_INVALID_PARAMETER_SIGNAL_init
                0x00015e64                CLI_INVALID_PARAMETER_SIGNAL_send
                0x00015e74                CLI_INVALID_PARAMETER_SIGNAL_set_timeout
                0x00015e84                CLI_INVALID_PARAMETER_SIGNAL_connect
                0x00015e94                CLI_HELP_REQUESTED_SIGNAL_init
                0x00015ea0                CLI_HELP_REQUESTED_SIGNAL_send
                0x00015eb0                CLI_HELP_REQUESTED_SIGNAL_set_timeout
                0x00015ec0                CLI_HELP_REQUESTED_SIGNAL_connect
                0x00015ed0                CLI_LCD_ACTIVATED_SIGNAL_init
                0x00015edc                CLI_LCD_ACTIVATED_SIGNAL_send
                0x00015eec                CLI_LCD_ACTIVATED_SIGNAL_set_timeout
                0x00015efc                CLI_LCD_ACTIVATED_SIGNAL_connect
                0x00015f0c                CLI_CONSOLE_ACTIVATED_SIGNAL_init
                0x00015f18                CLI_CONSOLE_ACTIVATED_SIGNAL_send
                0x00015f28                CLI_CONSOLE_ACTIVATED_SIGNAL_set_timeout
                0x00015f38                CLI_CONSOLE_ACTIVATED_SIGNAL_connect
                0x00015f48                CLI_CONFIGURATION_SIGNAL_init
                0x00015f54                CLI_CONFIGURATION_SIGNAL_send
                0x00015f64                CLI_CONFIGURATION_SIGNAL_set_timeout
                0x00015f74                CLI_CONFIGURATION_SIGNAL_connect
                0x00015f84                CLI_MESSAGE_SIGNAL_init
                0x00015f90                CLI_MESSAGE_SIGNAL_send
                0x00015fa0                CLI_MESSAGE_SIGNAL_set_timeout
                0x00015fb0                CLI_MESSAGE_SIGNAL_connect
                0x00015fc0                command_line_interface_init
                0x00015fe0                command_line_interface
 .text          0x000160a4      0x270 obj/command_line_handler.o
                0x000160a4                command_line_handler_device
                0x000160a8                command_line_handler_cfg_file
                0x000160ac                command_line_handler_lcd
                0x000160b4                command_line_handler_console
                0x000160bc                command_line_handler_command
                0x000160f8                command_line_handler_controller
                0x000160fc                command_line_handler_help
                0x00016104                command_line_handler_topic
                0x000161a8                command_line_handler_host
                0x00016254                command_line_handler_client
                0x00016310                command_line_handler_message
 .text          0x00016314        0x4 obj/sensor_initialization.o
                0x00016314                sensor_initialization
 .text          0x00016318        0x4 obj/button_initialization.o
                0x00016318                button_initialization
 .text          0x0001631c        0x4 obj/output_initialization.o
                0x0001631c                output_initialization
 .text          0x00016320        0x4 obj/protocol_initialization.o
                0x00016320                protocol_initialization
 .text          0x00016324        0x4 obj/command_initialization.o
                0x00016324                command_initialization
 .text          0x00016328        0x4 obj/task_initialization.o
                0x00016328                task_initialization
 .text          0x0001632c       0x14 obj/system_initialization.o
                0x0001632c                system_initialization
 .text          0x00016340        0x4 obj/power_initialization.o
                0x00016340                power_initialization
 .text          0x00016344       0x30 obj/initialization.o
                0x00016344                initialization
 .text          0x00016374      0x3c0 /usr/lib/gcc/arm-linux-gnueabihf/8/libgcc.a(_arm_addsubdf3.o)
                0x00016374                __aeabi_drsub
                0x0001637c                __aeabi_dsub
                0x0001637c                __subdf3
                0x00016380                __adddf3
                0x00016380                __aeabi_dadd
                0x0001662c                __floatunsidf
                0x0001662c                __aeabi_ui2d
                0x00016650                __aeabi_i2d
                0x00016650                __floatsidf
                0x00016678                __aeabi_f2d
                0x00016678                __extendsfdf2
                0x000166c0                __aeabi_ul2d
                0x000166c0                __floatundidf
                0x000166d4                __floatdidf
                0x000166d4                __aeabi_l2d
 *fill*         0x00016734        0x4 
 .text          0x00016738       0x40 /usr/lib/gcc/arm-linux-gnueabihf/8/libgcc.a(_fixunsdfdi.o)
                0x00016738                __aeabi_d2ulz
                0x00016738                __fixunsdfdi
 .text          0x00016778       0x64 //usr/lib/arm-linux-gnueabihf/libc_nonshared.a(elf-init.oS)
                0x00016778                __libc_csu_init
                0x000167d8                __libc_csu_fini
 .text          0x000167dc       0x10 //usr/lib/arm-linux-gnueabihf/libc_nonshared.a(stat.oS)
                0x000167dc                __stat
                0x000167dc                stat
 *(.gnu.warning)
 *(.glue_7t)
 .glue_7t       0x000167ec        0x0 linker stubs
 *(.glue_7)
 .glue_7        0x000167ec        0x0 linker stubs
 *(.vfp11_veneer)
 .vfp11_veneer  0x000167ec        0x0 linker stubs
 *(.v4_bx)
 .v4_bx         0x000167ec        0x0 linker stubs

.fini           0x000167ec        0x8
 *(SORT_NONE(.fini))
 .fini          0x000167ec        0x4 /usr/lib/gcc/arm-linux-gnueabihf/8/../../../arm-linux-gnueabihf/crti.o
                0x000167ec                _fini
 .fini          0x000167f0        0x4 /usr/lib/gcc/arm-linux-gnueabihf/8/../../../arm-linux-gnueabihf/crtn.o
                [!provide]                PROVIDE (__etext = .)
                [!provide]                PROVIDE (_etext = .)
                [!provide]                PROVIDE (etext = .)

.rodata         0x000167f4      0x8f6
 *(.rodata .rodata.* .gnu.linkonce.r.*)
 .rodata.str1.1
                0x000167f4      0x328 obj/main_mqtt_helper.o
 .rodata        0x00016b1c       0x4e obj/board_RASPBERRYPI.o
                0x00016b1c                I2C_SDA
                0x00016b1f                I2C_SCL
                0x00016b22                GPIO04
                0x00016b25                UART_TXD
                0x00016b28                UART_RXD
                0x00016b2b                GPIO17
                0x00016b2e                GPIO18
                0x00016b31                GPIO27
                0x00016b34                GPIO22
                0x00016b37                GPIO23
                0x00016b3a                GPIO24
                0x00016b3d                SPI_MOSI
                0x00016b40                SPI_MISO
                0x00016b43                GPIO25
                0x00016b46                SPI_SCLK
                0x00016b49                SPI_CE0
                0x00016b4c                SPI_CE1
                0x00016b4f                GPIO05
                0x00016b52                GPIO06
                0x00016b55                GPIO12
                0x00016b58                GPIO13
                0x00016b5b                GPIO19
                0x00016b5e                GPIO16
                0x00016b61                GPIO26
                0x00016b64                GPIO20
                0x00016b67                GPIO21
 .rodata.str1.1
                0x00016b6a       0x18 obj/common_tools_string.o
                                 0x1d (size before relaxing)
 *fill*         0x00016b82        0x2 
 .rodata        0x00016b84       0x54 obj/system_interface.o
                0x00016b84                i_system
 .rodata        0x00016bd8       0x84 obj/mqtt_interface.o
 .rodata.str1.1
                0x00016c5c       0xd2 obj/mqtt_application.o
 .rodata.str1.1
                0x00016d2e        0xa obj/ui_console.o
                                  0xd (size before relaxing)
 .rodata.str1.1
                0x00016d38        0x9 obj/file_interface.o
                                  0xb (size before relaxing)
 *fill*         0x00016d41        0x3 
 .rodata        0x00016d44       0x60 obj/command_line_argument_table.o
 .rodata.str1.1
                0x00016da4       0x49 obj/command_line_argument_table.o
 .rodata        0x00016ded      0x2fd obj/command_line_handler.o
 .rodata.str1.1
                0x000170ea        0x5 obj/command_line_handler.o

.rodata1
 *(.rodata1)

.ARM.extab
 *(.ARM.extab* .gnu.linkonce.armextab.*)
                [!provide]                PROVIDE (__exidx_start = .)

.ARM.exidx      0x000170ec        0x8
 *(.ARM.exidx* .gnu.linkonce.armexidx.*)
 .ARM.exidx     0x000170ec        0x8 /usr/lib/gcc/arm-linux-gnueabihf/8/../../../arm-linux-gnueabihf/crt1.o
                [!provide]                PROVIDE (__exidx_end = .)

.eh_frame_hdr
 *(.eh_frame_hdr)
 *(.eh_frame_entry .eh_frame_entry.*)

.eh_frame       0x000170f4        0x4
 *(.eh_frame)
 .eh_frame      0x000170f4        0x4 /usr/lib/gcc/arm-linux-gnueabihf/8/crtend.o
 *(.eh_frame.*)

.gcc_except_table
 *(.gcc_except_table .gcc_except_table.*)

.gnu_extab
 *(.gnu_extab*)

.exception_ranges
 *(.exception_ranges .exception_ranges*)
                0x00027ef8                . = DATA_SEGMENT_ALIGN (CONSTANT (MAXPAGESIZE), CONSTANT (COMMONPAGESIZE))

.eh_frame
 *(.eh_frame)
 *(.eh_frame.*)

.gnu_extab
 *(.gnu_extab)

.gcc_except_table
 *(.gcc_except_table .gcc_except_table.*)

.exception_ranges
 *(.exception_ranges .exception_ranges*)

.tdata          0x00027ef8        0x0
                [!provide]                PROVIDE (__tdata_start = .)
 *(.tdata .tdata.* .gnu.linkonce.td.*)

.tbss
 *(.tbss .tbss.* .gnu.linkonce.tb.*)
 *(.tcommon)

.preinit_array  0x00027ef8        0x0
                [!provide]                PROVIDE (__preinit_array_start = .)
 *(.preinit_array)
                [!provide]                PROVIDE (__preinit_array_end = .)

.init_array     0x00027ef8        0x4
                0x00027ef8                PROVIDE (__init_array_start = .)
 *(SORT_BY_INIT_PRIORITY(.init_array.*) SORT_BY_INIT_PRIORITY(.ctors.*))
 *(.init_array EXCLUDE_FILE(*crtend?.o *crtend.o *crtbegin?.o *crtbegin.o) .ctors)
 .init_array    0x00027ef8        0x4 /usr/lib/gcc/arm-linux-gnueabihf/8/crtbegin.o
                0x00027efc                PROVIDE (__init_array_end = .)

.fini_array     0x00027efc        0x4
                [!provide]                PROVIDE (__fini_array_start = .)
 *(SORT_BY_INIT_PRIORITY(.fini_array.*) SORT_BY_INIT_PRIORITY(.dtors.*))
 *(.fini_array EXCLUDE_FILE(*crtend?.o *crtend.o *crtbegin?.o *crtbegin.o) .dtors)
 .fini_array    0x00027efc        0x4 /usr/lib/gcc/arm-linux-gnueabihf/8/crtbegin.o
                [!provide]                PROVIDE (__fini_array_end = .)

.ctors
 *crtbegin.o(.ctors)
 *crtbegin?.o(.ctors)
 *(EXCLUDE_FILE(*crtend?.o *crtend.o) .ctors)
 *(SORT_BY_NAME(.ctors.*))
 *(.ctors)

.dtors
 *crtbegin.o(.dtors)
 *crtbegin?.o(.dtors)
 *(EXCLUDE_FILE(*crtend?.o *crtend.o) .dtors)
 *(SORT_BY_NAME(.dtors.*))
 *(.dtors)

.jcr
 *(.jcr)

.data.rel.ro    0x00027f00        0x0
 *(.data.rel.ro.local* .gnu.linkonce.d.rel.ro.local.*)
 *(.data.rel.ro .data.rel.ro.* .gnu.linkonce.d.rel.ro.*)
 .data.rel.ro   0x00027f00        0x0 /usr/lib/gcc/arm-linux-gnueabihf/8/../../../arm-linux-gnueabihf/crt1.o

.dynamic        0x00027f00      0x100
 *(.dynamic)
 .dynamic       0x00027f00      0x100 /usr/lib/gcc/arm-linux-gnueabihf/8/../../../arm-linux-gnueabihf/crt1.o
                0x00027f00                _DYNAMIC
                0x00028000                . = DATA_SEGMENT_RELRO_END (., 0x0)

.got            0x00028000       0xb0
 *(.got.plt)
 .got.plt       0x00028000       0xac /usr/lib/gcc/arm-linux-gnueabihf/8/../../../arm-linux-gnueabihf/crt1.o
                0x00028000                _GLOBAL_OFFSET_TABLE_
 *(.igot.plt)
 .igot.plt      0x000280ac        0x0 /usr/lib/gcc/arm-linux-gnueabihf/8/../../../arm-linux-gnueabihf/crt1.o
 *(.got)
 .got           0x000280ac        0x4 /usr/lib/gcc/arm-linux-gnueabihf/8/../../../arm-linux-gnueabihf/crt1.o
 *(.igot)

.data           0x000280b0      0x818
                [!provide]                PROVIDE (__data_start = .)
 *(.data .data.* .gnu.linkonce.d.*)
 .data          0x000280b0       0x68 obj/board_RASPBERRYPI.o
                0x000280b0                p_pin_GPIO_PORT_E_GPIO_PIN_7
                0x000280b4                p_pin_GPIO_PORT_E_GPIO_PIN_5
                0x000280b8                p_pin_GPIO_PORT_E_GPIO_PIN_4
                0x000280bc                p_pin_GPIO_PORT_E_GPIO_PIN_3
                0x000280c0                p_pin_GPIO_PORT_E_GPIO_PIN_2
                0x000280c4                p_pin_GPIO_PORT_E_GPIO_PIN_0
                0x000280c8                p_pin_GPIO_PORT_D_GPIO_PIN_7
                0x000280cc                p_pin_GPIO_PORT_D_GPIO_PIN_6
                0x000280d0                p_pin_GPIO_PORT_D_GPIO_PIN_4
                0x000280d4                p_pin_GPIO_PORT_D_GPIO_PIN_1
                0x000280d8                p_pin_GPIO_PORT_C_GPIO_PIN_7
                0x000280dc                p_pin_GPIO_PORT_C_GPIO_PIN_6
                0x000280e0                p_pin_GPIO_PORT_C_GPIO_PIN_5
                0x000280e4                p_pin_GPIO_PORT_C_GPIO_PIN_4
                0x000280e8                p_pin_GPIO_PORT_C_GPIO_PIN_2
                0x000280ec                p_pin_GPIO_PORT_C_GPIO_PIN_1
                0x000280f0                p_pin_GPIO_PORT_B_GPIO_PIN_7
                0x000280f4                p_pin_GPIO_PORT_B_GPIO_PIN_6
                0x000280f8                p_pin_GPIO_PORT_B_GPIO_PIN_4
                0x000280fc                p_pin_GPIO_PORT_B_GPIO_PIN_3
                0x00028100                p_pin_GPIO_PORT_B_GPIO_PIN_2
                0x00028104                p_pin_GPIO_PORT_B_GPIO_PIN_1
                0x00028108                p_pin_GPIO_PORT_A_GPIO_PIN_7
                0x0002810c                p_pin_GPIO_PORT_A_GPIO_PIN_6
                0x00028110                p_pin_GPIO_PORT_A_GPIO_PIN_4
                0x00028114                p_pin_GPIO_PORT_A_GPIO_PIN_2
 .data          0x00028118      0x140 obj/system_interface.o
 .data          0x00028258        0x8 obj/mcu_task_controller.o
 .data          0x00028260      0x638 obj/mqtt_application.o
 .data          0x00028898       0x30 obj/cfg_file_parser.o

.tm_clone_table
                0x000288c8        0x0
 .tm_clone_table
                0x000288c8        0x0 /usr/lib/gcc/arm-linux-gnueabihf/8/crtbegin.o
 .tm_clone_table
                0x000288c8        0x0 /usr/lib/gcc/arm-linux-gnueabihf/8/crtend.o

.data1
 *(.data1)
                0x000288c8                _edata = .
                [!provide]                PROVIDE (edata = .)
                0x000288c8                . = .
                0x000288c8                __bss_start = .
                0x000288c8                __bss_start__ = .

.bss            0x000288c8     0x1a3c
 *(.dynbss)
 .dynbss        0x000288c8        0x0 /usr/lib/gcc/arm-linux-gnueabihf/8/../../../arm-linux-gnueabihf/crt1.o
 *(.bss .bss.* .gnu.linkonce.b.*)
 .bss           0x000288c8        0x1 /usr/lib/gcc/arm-linux-gnueabihf/8/crtbegin.o
 *fill*         0x000288c9        0x3 
 .bss           0x000288cc      0x14c obj/main_mqtt_helper.o
 .bss           0x00028a18        0x1 obj/signal_slot_interface.o
 *fill*         0x00028a19        0x3 
 .bss           0x00028a1c        0x8 obj/mcu_task_controller.o
 .bss           0x00028a24       0xff obj/mqtt_interface.o
 *fill*         0x00028b23        0x1 
 .bss           0x00028b24     0x1558 obj/mqtt_application.o
 .bss           0x0002a07c       0x24 obj/ui_lcd_16x2.o
 .bss           0x0002a0a0      0x22c obj/cfg_file_parser.o
 .bss           0x0002a2cc       0x38 obj/command_line_argument_table.o
 *(COMMON)
                0x0002a304                . = ALIGN ((. != 0x0)?0x4:0x1)
                0x0002a304                _bss_end__ = .
                0x0002a304                __bss_end__ = .
                0x0002a304                . = ALIGN (0x4)
                0x0002a304                . = SEGMENT_START ("ldata-segment", .)
                0x0002a304                . = ALIGN (0x4)
                0x0002a304                __end__ = .
                0x0002a304                _end = .
                [!provide]                PROVIDE (end = .)
                0x0002a304                . = DATA_SEGMENT_END (.)

.stab
 *(.stab)

.stabstr
 *(.stabstr)

.stab.excl
 *(.stab.excl)

.stab.exclstr
 *(.stab.exclstr)

.stab.index
 *(.stab.index)

.stab.indexstr
 *(.stab.indexstr)

.comment        0x00000000       0x23
 *(.comment)
 .comment       0x00000000       0x23 /usr/lib/gcc/arm-linux-gnueabihf/8/crtbegin.o
                                 0x24 (size before relaxing)
 .comment       0x00000023       0x24 obj/main_mqtt_helper.o
 .comment       0x00000023       0x24 obj/board_RASPBERRYPI.o
 .comment       0x00000023       0x24 obj/local_module_status.o
 .comment       0x00000023       0x24 obj/local_mutex.o
 .comment       0x00000023       0x24 obj/signal_slot_interface.o
 .comment       0x00000023       0x24 obj/common_tools_string.o
 .comment       0x00000023       0x24 obj/qeue_interface.o
 .comment       0x00000023       0x24 obj/system_interface.o
 .comment       0x00000023       0x24 obj/time_management.o
 .comment       0x00000023       0x24 obj/mcu_task_controller.o
 .comment       0x00000023       0x24 obj/mcu_idle_task.o
 .comment       0x00000023       0x24 obj/mqtt_interface.o
 .comment       0x00000023       0x24 obj/mqtt_application.o
 .comment       0x00000023       0x24 obj/rtc_driver_raspberrypi.o
 .comment       0x00000023       0x24 obj/clock_driver_raspberrypi.o
 .comment       0x00000023       0x24 obj/gpio_driver_raspberrypi.o
 .comment       0x00000023       0x24 obj/ui_console.o
 .comment       0x00000023       0x24 obj/ui_lcd_16x2.o
 .comment       0x00000023       0x24 obj/cfg_file_parser.o
 .comment       0x00000023       0x24 obj/file_interface.o
 .comment       0x00000023       0x24 obj/command_line_argument_table.o
 .comment       0x00000023       0x24 obj/command_line_handler.o
 .comment       0x00000023       0x24 obj/sensor_initialization.o
 .comment       0x00000023       0x24 obj/button_initialization.o
 .comment       0x00000023       0x24 obj/output_initialization.o
 .comment       0x00000023       0x24 obj/protocol_initialization.o
 .comment       0x00000023       0x24 obj/command_initialization.o
 .comment       0x00000023       0x24 obj/task_initialization.o
 .comment       0x00000023       0x24 obj/system_initialization.o
 .comment       0x00000023       0x24 obj/power_initialization.o
 .comment       0x00000023       0x24 obj/initialization.o
 .comment       0x00000023       0x24 /usr/lib/gcc/arm-linux-gnueabihf/8/crtend.o

.ARM.attributes
                0x00000000       0x2f
 .ARM.attributes
                0x00000000       0x2f /usr/lib/gcc/arm-linux-gnueabihf/8/../../../arm-linux-gnueabihf/crt1.o
 .ARM.attributes
                0x0000002f       0x23 /usr/lib/gcc/arm-linux-gnueabihf/8/../../../arm-linux-gnueabihf/crti.o
 .ARM.attributes
                0x00000052       0x2f /usr/lib/gcc/arm-linux-gnueabihf/8/crtbegin.o
 .ARM.attributes
                0x00000081       0x2f obj/main_mqtt_helper.o
 .ARM.attributes
                0x000000b0       0x2f obj/board_RASPBERRYPI.o
 .ARM.attributes
                0x000000df       0x2f obj/local_module_status.o
 .ARM.attributes
                0x0000010e       0x2f obj/local_mutex.o
 .ARM.attributes
                0x0000013d       0x2f obj/signal_slot_interface.o
 .ARM.attributes
                0x0000016c       0x2f obj/common_tools_string.o
 .ARM.attributes
                0x0000019b       0x2f obj/qeue_interface.o
 .ARM.attributes
                0x000001ca       0x2f obj/system_interface.o
 .ARM.attributes
                0x000001f9       0x2f obj/time_management.o
 .ARM.attributes
                0x00000228       0x2f obj/mcu_task_controller.o
 .ARM.attributes
                0x00000257       0x2f obj/mcu_idle_task.o
 .ARM.attributes
                0x00000286       0x2f obj/mqtt_interface.o
 .ARM.attributes
                0x000002b5       0x2f obj/mqtt_application.o
 .ARM.attributes
                0x000002e4       0x2f obj/rtc_driver_raspberrypi.o
 .ARM.attributes
                0x00000313       0x2f obj/clock_driver_raspberrypi.o
 .ARM.attributes
                0x00000342       0x2f obj/gpio_driver_raspberrypi.o
 .ARM.attributes
                0x00000371       0x2f obj/ui_console.o
 .ARM.attributes
                0x000003a0       0x2f obj/ui_lcd_16x2.o
 .ARM.attributes
                0x000003cf       0x2f obj/cfg_file_parser.o
 .ARM.attributes
                0x000003fe       0x2f obj/file_interface.o
 .ARM.attributes
                0x0000042d       0x2f obj/command_line_argument_table.o
 .ARM.attributes
                0x0000045c       0x2f obj/command_line_handler.o
 .ARM.attributes
                0x0000048b       0x2f obj/sensor_initialization.o
 .ARM.attributes
                0x000004ba       0x2f obj/button_initialization.o
 .ARM.attributes
                0x000004e9       0x2f obj/output_initialization.o
 .ARM.attributes
                0x00000518       0x2f obj/protocol_initialization.o
 .ARM.attributes
                0x00000547       0x2f obj/command_initialization.o
 .ARM.attributes
                0x00000576       0x2f obj/task_initialization.o
 .ARM.attributes
                0x000005a5       0x2f obj/system_initialization.o
 .ARM.attributes
                0x000005d4       0x2f obj/power_initialization.o
 .ARM.attributes
                0x00000603       0x2f obj/initialization.o
 .ARM.attributes
                0x00000632       0x1d /usr/lib/gcc/arm-linux-gnueabihf/8/libgcc.a(_arm_addsubdf3.o)
 .ARM.attributes
                0x0000064f       0x2f /usr/lib/gcc/arm-linux-gnueabihf/8/libgcc.a(_fixunsdfdi.o)
 .ARM.attributes
                0x0000067e       0x31 //usr/lib/arm-linux-gnueabihf/libc_nonshared.a(elf-init.oS)
 .ARM.attributes
                0x000006af       0x31 //usr/lib/arm-linux-gnueabihf/libc_nonshared.a(stat.oS)
 .ARM.attributes
                0x000006e0       0x2f /usr/lib/gcc/arm-linux-gnueabihf/8/crtend.o
 .ARM.attributes
                0x0000070f       0x23 /usr/lib/gcc/arm-linux-gnueabihf/8/../../../arm-linux-gnueabihf/crtn.o

.debug
 *(.debug)

.line
 *(.line)

.debug_srcinfo
 *(.debug_srcinfo)

.debug_sfnames
 *(.debug_sfnames)

.debug_aranges
 *(.debug_aranges)

.debug_pubnames
 *(.debug_pubnames)

.debug_info
 *(.debug_info .gnu.linkonce.wi.*)

.debug_abbrev
 *(.debug_abbrev)

.debug_line
 *(.debug_line .debug_line.* .debug_line_end)

.debug_frame
 *(.debug_frame)

.debug_str
 *(.debug_str)

.debug_loc
 *(.debug_loc)

.debug_macinfo
 *(.debug_macinfo)

.debug_weaknames
 *(.debug_weaknames)

.debug_funcnames
 *(.debug_funcnames)

.debug_typenames
 *(.debug_typenames)

.debug_varnames
 *(.debug_varnames)

.debug_pubtypes
 *(.debug_pubtypes)

.debug_ranges
 *(.debug_ranges)

.debug_macro
 *(.debug_macro)

.debug_addr
 *(.debug_addr)

.gnu.attributes
 *(.gnu.attributes)

.note.gnu.arm.ident
 *(.note.gnu.arm.ident)

/DISCARD/
 *(.note.GNU-stack)
 *(.gnu_debuglink)
 *(.gnu.lto_*)
OUTPUT(obj/mqttHelper.elf elf32-littlearm)
